[cfg] global 768x640x384 = 188.7M cells  tile=64  Re=100 nu=0.64 dt=0.2  ranks=96  backend=OpenMP  pressure=pcg(maxit=200,rtol=1e-05,levels=5,warmstart=1)  adv=SOU  steps=5+15
  rank 0: block 64x160x192 at [0, 0, 0]  tcn735.local.snellius.surf.nl -
  rank 1: block 128x160x96 at [64, 0, 0]  tcn735.local.snellius.surf.nl -
  rank 2: block 128x160x96 at [64, 0, 96]  tcn735.local.snellius.surf.nl -
  rank 3: block 64x160x192 at [0, 160, 0]  tcn735.local.snellius.surf.nl -
  rank 4: block 128x160x96 at [64, 160, 0]  tcn735.local.snellius.surf.nl -
  rank 5: block 128x160x96 at [64, 160, 96]  tcn735.local.snellius.surf.nl -
  rank 6: block 64x160x192 at [0, 0, 192]  tcn735.local.snellius.surf.nl -
  rank 7: block 128x160x96 at [64, 0, 192]  tcn735.local.snellius.surf.nl -
  rank 8: block 128x160x96 at [64, 0, 288]  tcn735.local.snellius.surf.nl -
  rank 9: block 64x160x192 at [0, 160, 192]  tcn735.local.snellius.surf.nl -
  rank 10: block 128x160x96 at [64, 160, 192]  tcn735.local.snellius.surf.nl -
  rank 11: block 128x160x96 at [64, 160, 288]  tcn735.local.snellius.surf.nl -
  rank 12: block 64x160x192 at [192, 0, 0]  tcn735.local.snellius.surf.nl -
  rank 13: block 128x160x96 at [256, 0, 0]  tcn735.local.snellius.surf.nl -
  rank 14: block 128x160x96 at [256, 0, 96]  tcn735.local.snellius.surf.nl -
  rank 15: block 64x160x192 at [192, 160, 0]  tcn735.local.snellius.surf.nl -
  rank 16: block 128x160x96 at [256, 160, 0]  tcn735.local.snellius.surf.nl -
  rank 17: block 128x160x96 at [256, 160, 96]  tcn735.local.snellius.surf.nl -
  rank 18: block 64x160x192 at [192, 0, 192]  tcn735.local.snellius.surf.nl -
  rank 19: block 128x160x96 at [256, 0, 192]  tcn735.local.snellius.surf.nl -
  rank 20: block 128x160x96 at [256, 0, 288]  tcn735.local.snellius.surf.nl -
  rank 21: block 64x160x192 at [192, 160, 192]  tcn735.local.snellius.surf.nl -
  rank 22: block 128x160x96 at [256, 160, 192]  tcn735.local.snellius.surf.nl -
  rank 23: block 128x160x96 at [256, 160, 288]  tcn735.local.snellius.surf.nl -
  rank 24: block 64x160x192 at [0, 320, 0]  tcn735.local.snellius.surf.nl -
  rank 25: block 128x160x96 at [64, 320, 0]  tcn735.local.snellius.surf.nl -
  rank 26: block 128x160x96 at [64, 320, 96]  tcn735.local.snellius.surf.nl -
  rank 27: block 64x160x192 at [0, 480, 0]  tcn735.local.snellius.surf.nl -
  rank 28: block 128x160x96 at [64, 480, 0]  tcn735.local.snellius.surf.nl -
  rank 29: block 128x160x96 at [64, 480, 96]  tcn735.local.snellius.surf.nl -
  rank 30: block 64x160x192 at [0, 320, 192]  tcn735.local.snellius.surf.nl -
  rank 31: block 128x160x96 at [64, 320, 192]  tcn735.local.snellius.surf.nl -
  rank 32: block 128x160x96 at [64, 320, 288]  tcn735.local.snellius.surf.nl -
  rank 33: block 64x160x192 at [0, 480, 192]  tcn735.local.snellius.surf.nl -
  rank 34: block 128x160x96 at [64, 480, 192]  tcn735.local.snellius.surf.nl -
  rank 35: block 128x160x96 at [64, 480, 288]  tcn735.local.snellius.surf.nl -
  rank 36: block 64x160x192 at [192, 320, 0]  tcn735.local.snellius.surf.nl -
  rank 37: block 128x160x96 at [256, 320, 0]  tcn735.local.snellius.surf.nl -
  rank 38: block 128x160x96 at [256, 320, 96]  tcn735.local.snellius.surf.nl -
  rank 39: block 64x160x192 at [192, 480, 0]  tcn735.local.snellius.surf.nl -
  rank 40: block 128x160x96 at [256, 480, 0]  tcn735.local.snellius.surf.nl -
  rank 41: block 128x160x96 at [256, 480, 96]  tcn735.local.snellius.surf.nl -
  rank 42: block 64x160x192 at [192, 320, 192]  tcn735.local.snellius.surf.nl -
  rank 43: block 128x160x96 at [256, 320, 192]  tcn735.local.snellius.surf.nl -
  rank 44: block 128x160x96 at [256, 320, 288]  tcn735.local.snellius.surf.nl -
  rank 45: block 64x160x192 at [192, 480, 192]  tcn735.local.snellius.surf.nl -
  rank 46: block 128x160x96 at [256, 480, 192]  tcn735.local.snellius.surf.nl -
  rank 47: block 128x160x96 at [256, 480, 288]  tcn735.local.snellius.surf.nl -
  rank 48: block 64x160x192 at [384, 0, 0]  tcn736.local.snellius.surf.nl -
  rank 49: block 128x160x96 at [448, 0, 0]  tcn736.local.snellius.surf.nl -
  rank 50: block 128x160x96 at [448, 0, 96]  tcn736.local.snellius.surf.nl -
  rank 51: block 64x160x192 at [384, 160, 0]  tcn736.local.snellius.surf.nl -
  rank 52: block 128x160x96 at [448, 160, 0]  tcn736.local.snellius.surf.nl -
  rank 53: block 128x160x96 at [448, 160, 96]  tcn736.local.snellius.surf.nl -
  rank 54: block 64x160x192 at [384, 0, 192]  tcn736.local.snellius.surf.nl -
  rank 55: block 128x160x96 at [448, 0, 192]  tcn736.local.snellius.surf.nl -
  rank 56: block 128x160x96 at [448, 0, 288]  tcn736.local.snellius.surf.nl -
  rank 57: block 64x160x192 at [384, 160, 192]  tcn736.local.snellius.surf.nl -
  rank 58: block 128x160x96 at [448, 160, 192]  tcn736.local.snellius.surf.nl -
  rank 59: block 128x160x96 at [448, 160, 288]  tcn736.local.snellius.surf.nl -
  rank 60: block 64x160x192 at [576, 0, 0]  tcn736.local.snellius.surf.nl -
  rank 61: block 128x160x96 at [640, 0, 0]  tcn736.local.snellius.surf.nl -
  rank 62: block 128x160x96 at [640, 0, 96]  tcn736.local.snellius.surf.nl -
  rank 63: block 64x160x192 at [576, 160, 0]  tcn736.local.snellius.surf.nl -
  rank 64: block 128x160x96 at [640, 160, 0]  tcn736.local.snellius.surf.nl -
  rank 65: block 128x160x96 at [640, 160, 96]  tcn736.local.snellius.surf.nl -
  rank 66: block 64x160x192 at [576, 0, 192]  tcn736.local.snellius.surf.nl -
  rank 67: block 128x160x96 at [640, 0, 192]  tcn736.local.snellius.surf.nl -
  rank 68: block 128x160x96 at [640, 0, 288]  tcn736.local.snellius.surf.nl -
  rank 69: block 64x160x192 at [576, 160, 192]  tcn736.local.snellius.surf.nl -
  rank 70: block 128x160x96 at [640, 160, 192]  tcn736.local.snellius.surf.nl -
  rank 71: block 128x160x96 at [640, 160, 288]  tcn736.local.snellius.surf.nl -
  rank 72: block 64x160x192 at [384, 320, 0]  tcn736.local.snellius.surf.nl -
  rank 73: block 128x160x96 at [448, 320, 0]  tcn736.local.snellius.surf.nl -
  rank 74: block 128x160x96 at [448, 320, 96]  tcn736.local.snellius.surf.nl -
  rank 75: block 64x160x192 at [384, 480, 0]  tcn736.local.snellius.surf.nl -
  rank 76: block 128x160x96 at [448, 480, 0]  tcn736.local.snellius.surf.nl -
  rank 77: block 128x160x96 at [448, 480, 96]  tcn736.local.snellius.surf.nl -
  rank 78: block 64x160x192 at [384, 320, 192]  tcn736.local.snellius.surf.nl -
  rank 79: block 128x160x96 at [448, 320, 192]  tcn736.local.snellius.surf.nl -
  rank 80: block 128x160x96 at [448, 320, 288]  tcn736.local.snellius.surf.nl -
  rank 81: block 64x160x192 at [384, 480, 192]  tcn736.local.snellius.surf.nl -
  rank 82: block 128x160x96 at [448, 480, 192]  tcn736.local.snellius.surf.nl -
  rank 83: block 128x160x96 at [448, 480, 288]  tcn736.local.snellius.surf.nl -
  rank 84: block 64x160x192 at [576, 320, 0]  tcn736.local.snellius.surf.nl -
  rank 85: block 128x160x96 at [640, 320, 0]  tcn736.local.snellius.surf.nl -
  rank 86: block 128x160x96 at [640, 320, 96]  tcn736.local.snellius.surf.nl -
  rank 87: block 64x160x192 at [576, 480, 0]  tcn736.local.snellius.surf.nl -
  rank 88: block 128x160x96 at [640, 480, 0]  tcn736.local.snellius.surf.nl -
  rank 89: block 128x160x96 at [640, 480, 96]  tcn736.local.snellius.surf.nl -
  rank 90: block 64x160x192 at [576, 320, 192]  tcn736.local.snellius.surf.nl -
  rank 91: block 128x160x96 at [640, 320, 192]  tcn736.local.snellius.surf.nl -
  rank 92: block 128x160x96 at [640, 320, 288]  tcn736.local.snellius.surf.nl -
  rank 93: block 64x160x192 at [576, 480, 192]  tcn736.local.snellius.surf.nl -
  rank 94: block 128x160x96 at [640, 480, 192]  tcn736.local.snellius.surf.nl -
  rank 95: block 128x160x96 at [640, 480, 288]  tcn736.local.snellius.surf.nl -
[result] 3190.8 ms/step  59.2 Mcell/s  pressure iters/step 8.1
[phases, rank-max ms/step] step=3190.7  predictor=477.3  momentum=392.4  projection=2367.2  pressure_allreduce=158.7  allreduce_count=43
[out] /gpfs/work4/0/prjs1022/peclet/peclet-examples/benchmarks/parallel-scaling/snellius/results/snellius-genoa/mix_r96_t2.json
