[cfg] global 768x640x384 = 188.7M cells  tile=64  Re=100 nu=0.64 dt=0.2  ranks=12  backend=OpenMP  pressure=pcg(maxit=200,rtol=1e-05,levels=5,warmstart=1)  adv=SOU  steps=5+15
  rank 0: block 128x320x384 at [0, 0, 0]  tcn732.local.snellius.surf.nl -
  rank 1: block 256x320x192 at [128, 0, 0]  tcn732.local.snellius.surf.nl -
  rank 2: block 256x320x192 at [128, 0, 192]  tcn732.local.snellius.surf.nl -
  rank 3: block 128x320x384 at [0, 320, 0]  tcn732.local.snellius.surf.nl -
  rank 4: block 256x320x192 at [128, 320, 0]  tcn732.local.snellius.surf.nl -
  rank 5: block 256x320x192 at [128, 320, 192]  tcn732.local.snellius.surf.nl -
  rank 6: block 128x320x384 at [384, 0, 0]  tcn732.local.snellius.surf.nl -
  rank 7: block 256x320x192 at [512, 0, 0]  tcn732.local.snellius.surf.nl -
  rank 8: block 256x320x192 at [512, 0, 192]  tcn732.local.snellius.surf.nl -
  rank 9: block 128x320x384 at [384, 320, 0]  tcn732.local.snellius.surf.nl -
  rank 10: block 256x320x192 at [512, 320, 0]  tcn732.local.snellius.surf.nl -
  rank 11: block 256x320x192 at [512, 320, 192]  tcn732.local.snellius.surf.nl -
[run] warmup 5 steps...
[run] warmup 1/5 done
[run] warmup 2/5 done
[run] warmup 3/5 done
[run] warmup 4/5 done
[run] warmup 5/5 done
[run] step 3/15
[run] step 6/15
[run] step 9/15
[run] step 12/15
[run] step 15/15
[result] 2808.1 ms/step  67.2 Mcell/s  pressure iters/step 4.0
[phases, rank-max ms/step] step=2808.0  predictor=476.7  momentum=585.7  projection=1786.4  pressure_allreduce=39.4  allreduce_count=23
[out] /gpfs/work4/0/prjs1022/peclet/peclet-examples/benchmarks/parallel-scaling/snellius/results/snellius-genoa/mix_r12_t16_mgfix.json
