[cfg] global 768x640x384 = 188.7M cells  tile=64  Re=100 nu=0.64 dt=0.2  ranks=192  backend=OpenMP  pressure=pcg(maxit=200,rtol=1e-05,levels=5,warmstart=1)  adv=SOU  steps=5+15
  rank 0: block 96x160x64 at [0, 0, 0]  tcn583.local.snellius.surf.nl -
  rank 1: block 96x80x128 at [0, 0, 64]  tcn583.local.snellius.surf.nl -
  rank 2: block 96x80x128 at [0, 80, 64]  tcn583.local.snellius.surf.nl -
  rank 3: block 96x160x64 at [96, 0, 0]  tcn583.local.snellius.surf.nl -
  rank 4: block 96x80x128 at [96, 0, 64]  tcn583.local.snellius.surf.nl -
  rank 5: block 96x80x128 at [96, 80, 64]  tcn583.local.snellius.surf.nl -
  rank 6: block 96x160x64 at [0, 160, 0]  tcn583.local.snellius.surf.nl -
  rank 7: block 96x80x128 at [0, 160, 64]  tcn583.local.snellius.surf.nl -
  rank 8: block 96x80x128 at [0, 240, 64]  tcn583.local.snellius.surf.nl -
  rank 9: block 96x160x64 at [96, 160, 0]  tcn583.local.snellius.surf.nl -
  rank 10: block 96x80x128 at [96, 160, 64]  tcn583.local.snellius.surf.nl -
  rank 11: block 96x80x128 at [96, 240, 64]  tcn583.local.snellius.surf.nl -
  rank 12: block 96x160x64 at [0, 0, 192]  tcn583.local.snellius.surf.nl -
  rank 13: block 96x80x128 at [0, 0, 256]  tcn583.local.snellius.surf.nl -
  rank 14: block 96x80x128 at [0, 80, 256]  tcn583.local.snellius.surf.nl -
  rank 15: block 96x160x64 at [96, 0, 192]  tcn583.local.snellius.surf.nl -
  rank 16: block 96x80x128 at [96, 0, 256]  tcn583.local.snellius.surf.nl -
  rank 17: block 96x80x128 at [96, 80, 256]  tcn583.local.snellius.surf.nl -
  rank 18: block 96x160x64 at [0, 160, 192]  tcn583.local.snellius.surf.nl -
  rank 19: block 96x80x128 at [0, 160, 256]  tcn583.local.snellius.surf.nl -
  rank 20: block 96x80x128 at [0, 240, 256]  tcn583.local.snellius.surf.nl -
  rank 21: block 96x160x64 at [96, 160, 192]  tcn583.local.snellius.surf.nl -
  rank 22: block 96x80x128 at [96, 160, 256]  tcn583.local.snellius.surf.nl -
  rank 23: block 96x80x128 at [96, 240, 256]  tcn583.local.snellius.surf.nl -
  rank 24: block 96x160x64 at [192, 0, 0]  tcn583.local.snellius.surf.nl -
  rank 25: block 96x80x128 at [192, 0, 64]  tcn583.local.snellius.surf.nl -
  rank 26: block 96x80x128 at [192, 80, 64]  tcn583.local.snellius.surf.nl -
  rank 27: block 96x160x64 at [288, 0, 0]  tcn583.local.snellius.surf.nl -
  rank 28: block 96x80x128 at [288, 0, 64]  tcn583.local.snellius.surf.nl -
  rank 29: block 96x80x128 at [288, 80, 64]  tcn583.local.snellius.surf.nl -
  rank 30: block 96x160x64 at [192, 160, 0]  tcn583.local.snellius.surf.nl -
  rank 31: block 96x80x128 at [192, 160, 64]  tcn583.local.snellius.surf.nl -
  rank 32: block 96x80x128 at [192, 240, 64]  tcn583.local.snellius.surf.nl -
  rank 33: block 96x160x64 at [288, 160, 0]  tcn583.local.snellius.surf.nl -
  rank 34: block 96x80x128 at [288, 160, 64]  tcn583.local.snellius.surf.nl -
  rank 35: block 96x80x128 at [288, 240, 64]  tcn583.local.snellius.surf.nl -
  rank 36: block 96x160x64 at [192, 0, 192]  tcn583.local.snellius.surf.nl -
  rank 37: block 96x80x128 at [192, 0, 256]  tcn583.local.snellius.surf.nl -
  rank 38: block 96x80x128 at [192, 80, 256]  tcn583.local.snellius.surf.nl -
  rank 39: block 96x160x64 at [288, 0, 192]  tcn583.local.snellius.surf.nl -
  rank 40: block 96x80x128 at [288, 0, 256]  tcn583.local.snellius.surf.nl -
  rank 41: block 96x80x128 at [288, 80, 256]  tcn583.local.snellius.surf.nl -
  rank 42: block 96x160x64 at [192, 160, 192]  tcn583.local.snellius.surf.nl -
  rank 43: block 96x80x128 at [192, 160, 256]  tcn583.local.snellius.surf.nl -
  rank 44: block 96x80x128 at [192, 240, 256]  tcn583.local.snellius.surf.nl -
  rank 45: block 96x160x64 at [288, 160, 192]  tcn583.local.snellius.surf.nl -
  rank 46: block 96x80x128 at [288, 160, 256]  tcn583.local.snellius.surf.nl -
  rank 47: block 96x80x128 at [288, 240, 256]  tcn583.local.snellius.surf.nl -
  rank 48: block 96x160x64 at [0, 320, 0]  tcn583.local.snellius.surf.nl -
  rank 49: block 96x80x128 at [0, 320, 64]  tcn583.local.snellius.surf.nl -
  rank 50: block 96x80x128 at [0, 400, 64]  tcn583.local.snellius.surf.nl -
  rank 51: block 96x160x64 at [96, 320, 0]  tcn583.local.snellius.surf.nl -
  rank 52: block 96x80x128 at [96, 320, 64]  tcn583.local.snellius.surf.nl -
  rank 53: block 96x80x128 at [96, 400, 64]  tcn583.local.snellius.surf.nl -
  rank 54: block 96x160x64 at [0, 480, 0]  tcn583.local.snellius.surf.nl -
  rank 55: block 96x80x128 at [0, 480, 64]  tcn583.local.snellius.surf.nl -
  rank 56: block 96x80x128 at [0, 560, 64]  tcn583.local.snellius.surf.nl -
  rank 57: block 96x160x64 at [96, 480, 0]  tcn583.local.snellius.surf.nl -
  rank 58: block 96x80x128 at [96, 480, 64]  tcn583.local.snellius.surf.nl -
  rank 59: block 96x80x128 at [96, 560, 64]  tcn583.local.snellius.surf.nl -
  rank 60: block 96x160x64 at [0, 320, 192]  tcn583.local.snellius.surf.nl -
  rank 61: block 96x80x128 at [0, 320, 256]  tcn583.local.snellius.surf.nl -
  rank 62: block 96x80x128 at [0, 400, 256]  tcn583.local.snellius.surf.nl -
  rank 63: block 96x160x64 at [96, 320, 192]  tcn583.local.snellius.surf.nl -
  rank 64: block 96x80x128 at [96, 320, 256]  tcn583.local.snellius.surf.nl -
  rank 65: block 96x80x128 at [96, 400, 256]  tcn583.local.snellius.surf.nl -
  rank 66: block 96x160x64 at [0, 480, 192]  tcn583.local.snellius.surf.nl -
  rank 67: block 96x80x128 at [0, 480, 256]  tcn583.local.snellius.surf.nl -
  rank 68: block 96x80x128 at [0, 560, 256]  tcn583.local.snellius.surf.nl -
  rank 69: block 96x160x64 at [96, 480, 192]  tcn583.local.snellius.surf.nl -
  rank 70: block 96x80x128 at [96, 480, 256]  tcn583.local.snellius.surf.nl -
  rank 71: block 96x80x128 at [96, 560, 256]  tcn583.local.snellius.surf.nl -
  rank 72: block 96x160x64 at [192, 320, 0]  tcn583.local.snellius.surf.nl -
  rank 73: block 96x80x128 at [192, 320, 64]  tcn583.local.snellius.surf.nl -
  rank 74: block 96x80x128 at [192, 400, 64]  tcn583.local.snellius.surf.nl -
  rank 75: block 96x160x64 at [288, 320, 0]  tcn583.local.snellius.surf.nl -
  rank 76: block 96x80x128 at [288, 320, 64]  tcn583.local.snellius.surf.nl -
  rank 77: block 96x80x128 at [288, 400, 64]  tcn583.local.snellius.surf.nl -
  rank 78: block 96x160x64 at [192, 480, 0]  tcn583.local.snellius.surf.nl -
  rank 79: block 96x80x128 at [192, 480, 64]  tcn583.local.snellius.surf.nl -
  rank 80: block 96x80x128 at [192, 560, 64]  tcn583.local.snellius.surf.nl -
  rank 81: block 96x160x64 at [288, 480, 0]  tcn583.local.snellius.surf.nl -
  rank 82: block 96x80x128 at [288, 480, 64]  tcn583.local.snellius.surf.nl -
  rank 83: block 96x80x128 at [288, 560, 64]  tcn583.local.snellius.surf.nl -
  rank 84: block 96x160x64 at [192, 320, 192]  tcn583.local.snellius.surf.nl -
  rank 85: block 96x80x128 at [192, 320, 256]  tcn583.local.snellius.surf.nl -
  rank 86: block 96x80x128 at [192, 400, 256]  tcn583.local.snellius.surf.nl -
  rank 87: block 96x160x64 at [288, 320, 192]  tcn583.local.snellius.surf.nl -
  rank 88: block 96x80x128 at [288, 320, 256]  tcn583.local.snellius.surf.nl -
  rank 89: block 96x80x128 at [288, 400, 256]  tcn583.local.snellius.surf.nl -
  rank 90: block 96x160x64 at [192, 480, 192]  tcn583.local.snellius.surf.nl -
  rank 91: block 96x80x128 at [192, 480, 256]  tcn583.local.snellius.surf.nl -
  rank 92: block 96x80x128 at [192, 560, 256]  tcn583.local.snellius.surf.nl -
  rank 93: block 96x160x64 at [288, 480, 192]  tcn583.local.snellius.surf.nl -
  rank 94: block 96x80x128 at [288, 480, 256]  tcn583.local.snellius.surf.nl -
  rank 95: block 96x80x128 at [288, 560, 256]  tcn583.local.snellius.surf.nl -
  rank 96: block 96x160x64 at [384, 0, 0]  tcn583.local.snellius.surf.nl -
  rank 97: block 96x80x128 at [384, 0, 64]  tcn583.local.snellius.surf.nl -
  rank 98: block 96x80x128 at [384, 80, 64]  tcn583.local.snellius.surf.nl -
  rank 99: block 96x160x64 at [480, 0, 0]  tcn583.local.snellius.surf.nl -
  rank 100: block 96x80x128 at [480, 0, 64]  tcn583.local.snellius.surf.nl -
  rank 101: block 96x80x128 at [480, 80, 64]  tcn583.local.snellius.surf.nl -
  rank 102: block 96x160x64 at [384, 160, 0]  tcn583.local.snellius.surf.nl -
  rank 103: block 96x80x128 at [384, 160, 64]  tcn583.local.snellius.surf.nl -
  rank 104: block 96x80x128 at [384, 240, 64]  tcn583.local.snellius.surf.nl -
  rank 105: block 96x160x64 at [480, 160, 0]  tcn583.local.snellius.surf.nl -
  rank 106: block 96x80x128 at [480, 160, 64]  tcn583.local.snellius.surf.nl -
  rank 107: block 96x80x128 at [480, 240, 64]  tcn583.local.snellius.surf.nl -
  rank 108: block 96x160x64 at [384, 0, 192]  tcn583.local.snellius.surf.nl -
  rank 109: block 96x80x128 at [384, 0, 256]  tcn583.local.snellius.surf.nl -
  rank 110: block 96x80x128 at [384, 80, 256]  tcn583.local.snellius.surf.nl -
  rank 111: block 96x160x64 at [480, 0, 192]  tcn583.local.snellius.surf.nl -
  rank 112: block 96x80x128 at [480, 0, 256]  tcn583.local.snellius.surf.nl -
  rank 113: block 96x80x128 at [480, 80, 256]  tcn583.local.snellius.surf.nl -
  rank 114: block 96x160x64 at [384, 160, 192]  tcn583.local.snellius.surf.nl -
  rank 115: block 96x80x128 at [384, 160, 256]  tcn583.local.snellius.surf.nl -
  rank 116: block 96x80x128 at [384, 240, 256]  tcn583.local.snellius.surf.nl -
  rank 117: block 96x160x64 at [480, 160, 192]  tcn583.local.snellius.surf.nl -
  rank 118: block 96x80x128 at [480, 160, 256]  tcn583.local.snellius.surf.nl -
  rank 119: block 96x80x128 at [480, 240, 256]  tcn583.local.snellius.surf.nl -
  rank 120: block 96x160x64 at [576, 0, 0]  tcn583.local.snellius.surf.nl -
  rank 121: block 96x80x128 at [576, 0, 64]  tcn583.local.snellius.surf.nl -
  rank 122: block 96x80x128 at [576, 80, 64]  tcn583.local.snellius.surf.nl -
  rank 123: block 96x160x64 at [672, 0, 0]  tcn583.local.snellius.surf.nl -
  rank 124: block 96x80x128 at [672, 0, 64]  tcn583.local.snellius.surf.nl -
  rank 125: block 96x80x128 at [672, 80, 64]  tcn583.local.snellius.surf.nl -
  rank 126: block 96x160x64 at [576, 160, 0]  tcn583.local.snellius.surf.nl -
  rank 127: block 96x80x128 at [576, 160, 64]  tcn583.local.snellius.surf.nl -
  rank 128: block 96x80x128 at [576, 240, 64]  tcn583.local.snellius.surf.nl -
  rank 129: block 96x160x64 at [672, 160, 0]  tcn583.local.snellius.surf.nl -
  rank 130: block 96x80x128 at [672, 160, 64]  tcn583.local.snellius.surf.nl -
  rank 131: block 96x80x128 at [672, 240, 64]  tcn583.local.snellius.surf.nl -
  rank 132: block 96x160x64 at [576, 0, 192]  tcn583.local.snellius.surf.nl -
  rank 133: block 96x80x128 at [576, 0, 256]  tcn583.local.snellius.surf.nl -
  rank 134: block 96x80x128 at [576, 80, 256]  tcn583.local.snellius.surf.nl -
  rank 135: block 96x160x64 at [672, 0, 192]  tcn583.local.snellius.surf.nl -
  rank 136: block 96x80x128 at [672, 0, 256]  tcn583.local.snellius.surf.nl -
  rank 137: block 96x80x128 at [672, 80, 256]  tcn583.local.snellius.surf.nl -
  rank 138: block 96x160x64 at [576, 160, 192]  tcn583.local.snellius.surf.nl -
  rank 139: block 96x80x128 at [576, 160, 256]  tcn583.local.snellius.surf.nl -
  rank 140: block 96x80x128 at [576, 240, 256]  tcn583.local.snellius.surf.nl -
  rank 141: block 96x160x64 at [672, 160, 192]  tcn583.local.snellius.surf.nl -
  rank 142: block 96x80x128 at [672, 160, 256]  tcn583.local.snellius.surf.nl -
  rank 143: block 96x80x128 at [672, 240, 256]  tcn583.local.snellius.surf.nl -
  rank 144: block 96x160x64 at [384, 320, 0]  tcn583.local.snellius.surf.nl -
  rank 145: block 96x80x128 at [384, 320, 64]  tcn583.local.snellius.surf.nl -
  rank 146: block 96x80x128 at [384, 400, 64]  tcn583.local.snellius.surf.nl -
  rank 147: block 96x160x64 at [480, 320, 0]  tcn583.local.snellius.surf.nl -
  rank 148: block 96x80x128 at [480, 320, 64]  tcn583.local.snellius.surf.nl -
  rank 149: block 96x80x128 at [480, 400, 64]  tcn583.local.snellius.surf.nl -
  rank 150: block 96x160x64 at [384, 480, 0]  tcn583.local.snellius.surf.nl -
  rank 151: block 96x80x128 at [384, 480, 64]  tcn583.local.snellius.surf.nl -
  rank 152: block 96x80x128 at [384, 560, 64]  tcn583.local.snellius.surf.nl -
  rank 153: block 96x160x64 at [480, 480, 0]  tcn583.local.snellius.surf.nl -
  rank 154: block 96x80x128 at [480, 480, 64]  tcn583.local.snellius.surf.nl -
  rank 155: block 96x80x128 at [480, 560, 64]  tcn583.local.snellius.surf.nl -
  rank 156: block 96x160x64 at [384, 320, 192]  tcn583.local.snellius.surf.nl -
  rank 157: block 96x80x128 at [384, 320, 256]  tcn583.local.snellius.surf.nl -
  rank 158: block 96x80x128 at [384, 400, 256]  tcn583.local.snellius.surf.nl -
  rank 159: block 96x160x64 at [480, 320, 192]  tcn583.local.snellius.surf.nl -
  rank 160: block 96x80x128 at [480, 320, 256]  tcn583.local.snellius.surf.nl -
  rank 161: block 96x80x128 at [480, 400, 256]  tcn583.local.snellius.surf.nl -
  rank 162: block 96x160x64 at [384, 480, 192]  tcn583.local.snellius.surf.nl -
  rank 163: block 96x80x128 at [384, 480, 256]  tcn583.local.snellius.surf.nl -
  rank 164: block 96x80x128 at [384, 560, 256]  tcn583.local.snellius.surf.nl -
  rank 165: block 96x160x64 at [480, 480, 192]  tcn583.local.snellius.surf.nl -
  rank 166: block 96x80x128 at [480, 480, 256]  tcn583.local.snellius.surf.nl -
  rank 167: block 96x80x128 at [480, 560, 256]  tcn583.local.snellius.surf.nl -
  rank 168: block 96x160x64 at [576, 320, 0]  tcn583.local.snellius.surf.nl -
  rank 169: block 96x80x128 at [576, 320, 64]  tcn583.local.snellius.surf.nl -
  rank 170: block 96x80x128 at [576, 400, 64]  tcn583.local.snellius.surf.nl -
  rank 171: block 96x160x64 at [672, 320, 0]  tcn583.local.snellius.surf.nl -
  rank 172: block 96x80x128 at [672, 320, 64]  tcn583.local.snellius.surf.nl -
  rank 173: block 96x80x128 at [672, 400, 64]  tcn583.local.snellius.surf.nl -
  rank 174: block 96x160x64 at [576, 480, 0]  tcn583.local.snellius.surf.nl -
  rank 175: block 96x80x128 at [576, 480, 64]  tcn583.local.snellius.surf.nl -
  rank 176: block 96x80x128 at [576, 560, 64]  tcn583.local.snellius.surf.nl -
  rank 177: block 96x160x64 at [672, 480, 0]  tcn583.local.snellius.surf.nl -
  rank 178: block 96x80x128 at [672, 480, 64]  tcn583.local.snellius.surf.nl -
  rank 179: block 96x80x128 at [672, 560, 64]  tcn583.local.snellius.surf.nl -
  rank 180: block 96x160x64 at [576, 320, 192]  tcn583.local.snellius.surf.nl -
  rank 181: block 96x80x128 at [576, 320, 256]  tcn583.local.snellius.surf.nl -
  rank 182: block 96x80x128 at [576, 400, 256]  tcn583.local.snellius.surf.nl -
  rank 183: block 96x160x64 at [672, 320, 192]  tcn583.local.snellius.surf.nl -
  rank 184: block 96x80x128 at [672, 320, 256]  tcn583.local.snellius.surf.nl -
  rank 185: block 96x80x128 at [672, 400, 256]  tcn583.local.snellius.surf.nl -
  rank 186: block 96x160x64 at [576, 480, 192]  tcn583.local.snellius.surf.nl -
  rank 187: block 96x80x128 at [576, 480, 256]  tcn583.local.snellius.surf.nl -
  rank 188: block 96x80x128 at [576, 560, 256]  tcn583.local.snellius.surf.nl -
  rank 189: block 96x160x64 at [672, 480, 192]  tcn583.local.snellius.surf.nl -
  rank 190: block 96x80x128 at [672, 480, 256]  tcn583.local.snellius.surf.nl -
  rank 191: block 96x80x128 at [672, 560, 256]  tcn583.local.snellius.surf.nl -
[result] 4444.9 ms/step  42.5 Mcell/s  pressure iters/step 8.0
[phases, rank-max ms/step] step=4444.8  predictor=533.9  momentum=621.1  projection=3340.3  pressure_allreduce=174.7  allreduce_count=43
[out] /gpfs/work4/0/prjs1022/peclet/peclet-examples/benchmarks/parallel-scaling/snellius/results/snellius-genoa/mix_r192_t1.json
