[cfg] global 1536x640x384 = 377.5M cells  tile=64  Re=100 nu=0.64 dt=0.2  ranks=192  backend=OpenMP  pressure=pcg(maxit=200,rtol=1e-05,levels=5,warmstart=1)  adv=SOU  steps=5+15
  rank 0: block 64x160x192 at [0, 0, 0]  tcn1166.local.snellius.surf.nl -
  rank 1: block 128x160x96 at [64, 0, 0]  tcn1166.local.snellius.surf.nl -
  rank 2: block 128x160x96 at [64, 0, 96]  tcn1166.local.snellius.surf.nl -
  rank 3: block 64x160x192 at [0, 160, 0]  tcn1166.local.snellius.surf.nl -
  rank 4: block 128x160x96 at [64, 160, 0]  tcn1166.local.snellius.surf.nl -
  rank 5: block 128x160x96 at [64, 160, 96]  tcn1166.local.snellius.surf.nl -
  rank 6: block 64x160x192 at [0, 0, 192]  tcn1166.local.snellius.surf.nl -
  rank 7: block 128x160x96 at [64, 0, 192]  tcn1166.local.snellius.surf.nl -
  rank 8: block 128x160x96 at [64, 0, 288]  tcn1166.local.snellius.surf.nl -
  rank 9: block 64x160x192 at [0, 160, 192]  tcn1166.local.snellius.surf.nl -
  rank 10: block 128x160x96 at [64, 160, 192]  tcn1166.local.snellius.surf.nl -
  rank 11: block 128x160x96 at [64, 160, 288]  tcn1166.local.snellius.surf.nl -
  rank 12: block 64x160x192 at [192, 0, 0]  tcn1166.local.snellius.surf.nl -
  rank 13: block 128x160x96 at [256, 0, 0]  tcn1166.local.snellius.surf.nl -
  rank 14: block 128x160x96 at [256, 0, 96]  tcn1166.local.snellius.surf.nl -
  rank 15: block 64x160x192 at [192, 160, 0]  tcn1166.local.snellius.surf.nl -
  rank 16: block 128x160x96 at [256, 160, 0]  tcn1166.local.snellius.surf.nl -
  rank 17: block 128x160x96 at [256, 160, 96]  tcn1166.local.snellius.surf.nl -
  rank 18: block 64x160x192 at [192, 0, 192]  tcn1166.local.snellius.surf.nl -
  rank 19: block 128x160x96 at [256, 0, 192]  tcn1166.local.snellius.surf.nl -
  rank 20: block 128x160x96 at [256, 0, 288]  tcn1166.local.snellius.surf.nl -
  rank 21: block 64x160x192 at [192, 160, 192]  tcn1166.local.snellius.surf.nl -
  rank 22: block 128x160x96 at [256, 160, 192]  tcn1166.local.snellius.surf.nl -
  rank 23: block 128x160x96 at [256, 160, 288]  tcn1166.local.snellius.surf.nl -
  rank 24: block 64x160x192 at [0, 320, 0]  tcn1166.local.snellius.surf.nl -
  rank 25: block 128x160x96 at [64, 320, 0]  tcn1166.local.snellius.surf.nl -
  rank 26: block 128x160x96 at [64, 320, 96]  tcn1166.local.snellius.surf.nl -
  rank 27: block 64x160x192 at [0, 480, 0]  tcn1166.local.snellius.surf.nl -
  rank 28: block 128x160x96 at [64, 480, 0]  tcn1166.local.snellius.surf.nl -
  rank 29: block 128x160x96 at [64, 480, 96]  tcn1166.local.snellius.surf.nl -
  rank 30: block 64x160x192 at [0, 320, 192]  tcn1166.local.snellius.surf.nl -
  rank 31: block 128x160x96 at [64, 320, 192]  tcn1166.local.snellius.surf.nl -
  rank 32: block 128x160x96 at [64, 320, 288]  tcn1166.local.snellius.surf.nl -
  rank 33: block 64x160x192 at [0, 480, 192]  tcn1166.local.snellius.surf.nl -
  rank 34: block 128x160x96 at [64, 480, 192]  tcn1166.local.snellius.surf.nl -
  rank 35: block 128x160x96 at [64, 480, 288]  tcn1166.local.snellius.surf.nl -
  rank 36: block 64x160x192 at [192, 320, 0]  tcn1166.local.snellius.surf.nl -
  rank 37: block 128x160x96 at [256, 320, 0]  tcn1166.local.snellius.surf.nl -
  rank 38: block 128x160x96 at [256, 320, 96]  tcn1166.local.snellius.surf.nl -
  rank 39: block 64x160x192 at [192, 480, 0]  tcn1166.local.snellius.surf.nl -
  rank 40: block 128x160x96 at [256, 480, 0]  tcn1166.local.snellius.surf.nl -
  rank 41: block 128x160x96 at [256, 480, 96]  tcn1166.local.snellius.surf.nl -
  rank 42: block 64x160x192 at [192, 320, 192]  tcn1166.local.snellius.surf.nl -
  rank 43: block 128x160x96 at [256, 320, 192]  tcn1166.local.snellius.surf.nl -
  rank 44: block 128x160x96 at [256, 320, 288]  tcn1166.local.snellius.surf.nl -
  rank 45: block 64x160x192 at [192, 480, 192]  tcn1166.local.snellius.surf.nl -
  rank 46: block 128x160x96 at [256, 480, 192]  tcn1166.local.snellius.surf.nl -
  rank 47: block 128x160x96 at [256, 480, 288]  tcn1166.local.snellius.surf.nl -
  rank 48: block 64x160x192 at [384, 0, 0]  tcn1166.local.snellius.surf.nl -
  rank 49: block 128x160x96 at [448, 0, 0]  tcn1166.local.snellius.surf.nl -
  rank 50: block 128x160x96 at [448, 0, 96]  tcn1166.local.snellius.surf.nl -
  rank 51: block 64x160x192 at [384, 160, 0]  tcn1166.local.snellius.surf.nl -
  rank 52: block 128x160x96 at [448, 160, 0]  tcn1166.local.snellius.surf.nl -
  rank 53: block 128x160x96 at [448, 160, 96]  tcn1166.local.snellius.surf.nl -
  rank 54: block 64x160x192 at [384, 0, 192]  tcn1166.local.snellius.surf.nl -
  rank 55: block 128x160x96 at [448, 0, 192]  tcn1166.local.snellius.surf.nl -
  rank 56: block 128x160x96 at [448, 0, 288]  tcn1166.local.snellius.surf.nl -
  rank 57: block 64x160x192 at [384, 160, 192]  tcn1166.local.snellius.surf.nl -
  rank 58: block 128x160x96 at [448, 160, 192]  tcn1166.local.snellius.surf.nl -
  rank 59: block 128x160x96 at [448, 160, 288]  tcn1166.local.snellius.surf.nl -
  rank 60: block 64x160x192 at [576, 0, 0]  tcn1166.local.snellius.surf.nl -
  rank 61: block 128x160x96 at [640, 0, 0]  tcn1166.local.snellius.surf.nl -
  rank 62: block 128x160x96 at [640, 0, 96]  tcn1166.local.snellius.surf.nl -
  rank 63: block 64x160x192 at [576, 160, 0]  tcn1166.local.snellius.surf.nl -
  rank 64: block 128x160x96 at [640, 160, 0]  tcn1166.local.snellius.surf.nl -
  rank 65: block 128x160x96 at [640, 160, 96]  tcn1166.local.snellius.surf.nl -
  rank 66: block 64x160x192 at [576, 0, 192]  tcn1166.local.snellius.surf.nl -
  rank 67: block 128x160x96 at [640, 0, 192]  tcn1166.local.snellius.surf.nl -
  rank 68: block 128x160x96 at [640, 0, 288]  tcn1166.local.snellius.surf.nl -
  rank 69: block 64x160x192 at [576, 160, 192]  tcn1166.local.snellius.surf.nl -
  rank 70: block 128x160x96 at [640, 160, 192]  tcn1166.local.snellius.surf.nl -
  rank 71: block 128x160x96 at [640, 160, 288]  tcn1166.local.snellius.surf.nl -
  rank 72: block 64x160x192 at [384, 320, 0]  tcn1166.local.snellius.surf.nl -
  rank 73: block 128x160x96 at [448, 320, 0]  tcn1166.local.snellius.surf.nl -
  rank 74: block 128x160x96 at [448, 320, 96]  tcn1166.local.snellius.surf.nl -
  rank 75: block 64x160x192 at [384, 480, 0]  tcn1166.local.snellius.surf.nl -
  rank 76: block 128x160x96 at [448, 480, 0]  tcn1166.local.snellius.surf.nl -
  rank 77: block 128x160x96 at [448, 480, 96]  tcn1166.local.snellius.surf.nl -
  rank 78: block 64x160x192 at [384, 320, 192]  tcn1166.local.snellius.surf.nl -
  rank 79: block 128x160x96 at [448, 320, 192]  tcn1166.local.snellius.surf.nl -
  rank 80: block 128x160x96 at [448, 320, 288]  tcn1166.local.snellius.surf.nl -
  rank 81: block 64x160x192 at [384, 480, 192]  tcn1166.local.snellius.surf.nl -
  rank 82: block 128x160x96 at [448, 480, 192]  tcn1166.local.snellius.surf.nl -
  rank 83: block 128x160x96 at [448, 480, 288]  tcn1166.local.snellius.surf.nl -
  rank 84: block 64x160x192 at [576, 320, 0]  tcn1166.local.snellius.surf.nl -
  rank 85: block 128x160x96 at [640, 320, 0]  tcn1166.local.snellius.surf.nl -
  rank 86: block 128x160x96 at [640, 320, 96]  tcn1166.local.snellius.surf.nl -
  rank 87: block 64x160x192 at [576, 480, 0]  tcn1166.local.snellius.surf.nl -
  rank 88: block 128x160x96 at [640, 480, 0]  tcn1166.local.snellius.surf.nl -
  rank 89: block 128x160x96 at [640, 480, 96]  tcn1166.local.snellius.surf.nl -
  rank 90: block 64x160x192 at [576, 320, 192]  tcn1166.local.snellius.surf.nl -
  rank 91: block 128x160x96 at [640, 320, 192]  tcn1166.local.snellius.surf.nl -
  rank 92: block 128x160x96 at [640, 320, 288]  tcn1166.local.snellius.surf.nl -
  rank 93: block 64x160x192 at [576, 480, 192]  tcn1166.local.snellius.surf.nl -
  rank 94: block 128x160x96 at [640, 480, 192]  tcn1166.local.snellius.surf.nl -
  rank 95: block 128x160x96 at [640, 480, 288]  tcn1166.local.snellius.surf.nl -
  rank 96: block 64x160x192 at [768, 0, 0]  tcn1171.local.snellius.surf.nl -
  rank 97: block 128x160x96 at [832, 0, 0]  tcn1171.local.snellius.surf.nl -
  rank 98: block 128x160x96 at [832, 0, 96]  tcn1171.local.snellius.surf.nl -
  rank 99: block 64x160x192 at [768, 160, 0]  tcn1171.local.snellius.surf.nl -
  rank 100: block 128x160x96 at [832, 160, 0]  tcn1171.local.snellius.surf.nl -
  rank 101: block 128x160x96 at [832, 160, 96]  tcn1171.local.snellius.surf.nl -
  rank 102: block 64x160x192 at [768, 0, 192]  tcn1171.local.snellius.surf.nl -
  rank 103: block 128x160x96 at [832, 0, 192]  tcn1171.local.snellius.surf.nl -
  rank 104: block 128x160x96 at [832, 0, 288]  tcn1171.local.snellius.surf.nl -
  rank 105: block 64x160x192 at [768, 160, 192]  tcn1171.local.snellius.surf.nl -
  rank 106: block 128x160x96 at [832, 160, 192]  tcn1171.local.snellius.surf.nl -
  rank 107: block 128x160x96 at [832, 160, 288]  tcn1171.local.snellius.surf.nl -
  rank 108: block 64x160x192 at [960, 0, 0]  tcn1171.local.snellius.surf.nl -
  rank 109: block 128x160x96 at [1024, 0, 0]  tcn1171.local.snellius.surf.nl -
  rank 110: block 128x160x96 at [1024, 0, 96]  tcn1171.local.snellius.surf.nl -
  rank 111: block 64x160x192 at [960, 160, 0]  tcn1171.local.snellius.surf.nl -
  rank 112: block 128x160x96 at [1024, 160, 0]  tcn1171.local.snellius.surf.nl -
  rank 113: block 128x160x96 at [1024, 160, 96]  tcn1171.local.snellius.surf.nl -
  rank 114: block 64x160x192 at [960, 0, 192]  tcn1171.local.snellius.surf.nl -
  rank 115: block 128x160x96 at [1024, 0, 192]  tcn1171.local.snellius.surf.nl -
  rank 116: block 128x160x96 at [1024, 0, 288]  tcn1171.local.snellius.surf.nl -
  rank 117: block 64x160x192 at [960, 160, 192]  tcn1171.local.snellius.surf.nl -
  rank 118: block 128x160x96 at [1024, 160, 192]  tcn1171.local.snellius.surf.nl -
  rank 119: block 128x160x96 at [1024, 160, 288]  tcn1171.local.snellius.surf.nl -
  rank 120: block 64x160x192 at [768, 320, 0]  tcn1171.local.snellius.surf.nl -
  rank 121: block 128x160x96 at [832, 320, 0]  tcn1171.local.snellius.surf.nl -
  rank 122: block 128x160x96 at [832, 320, 96]  tcn1171.local.snellius.surf.nl -
  rank 123: block 64x160x192 at [768, 480, 0]  tcn1171.local.snellius.surf.nl -
  rank 124: block 128x160x96 at [832, 480, 0]  tcn1171.local.snellius.surf.nl -
  rank 125: block 128x160x96 at [832, 480, 96]  tcn1171.local.snellius.surf.nl -
  rank 126: block 64x160x192 at [768, 320, 192]  tcn1171.local.snellius.surf.nl -
  rank 127: block 128x160x96 at [832, 320, 192]  tcn1171.local.snellius.surf.nl -
  rank 128: block 128x160x96 at [832, 320, 288]  tcn1171.local.snellius.surf.nl -
  rank 129: block 64x160x192 at [768, 480, 192]  tcn1171.local.snellius.surf.nl -
  rank 130: block 128x160x96 at [832, 480, 192]  tcn1171.local.snellius.surf.nl -
  rank 131: block 128x160x96 at [832, 480, 288]  tcn1171.local.snellius.surf.nl -
  rank 132: block 64x160x192 at [960, 320, 0]  tcn1171.local.snellius.surf.nl -
  rank 133: block 128x160x96 at [1024, 320, 0]  tcn1171.local.snellius.surf.nl -
  rank 134: block 128x160x96 at [1024, 320, 96]  tcn1171.local.snellius.surf.nl -
  rank 135: block 64x160x192 at [960, 480, 0]  tcn1171.local.snellius.surf.nl -
  rank 136: block 128x160x96 at [1024, 480, 0]  tcn1171.local.snellius.surf.nl -
  rank 137: block 128x160x96 at [1024, 480, 96]  tcn1171.local.snellius.surf.nl -
  rank 138: block 64x160x192 at [960, 320, 192]  tcn1171.local.snellius.surf.nl -
  rank 139: block 128x160x96 at [1024, 320, 192]  tcn1171.local.snellius.surf.nl -
  rank 140: block 128x160x96 at [1024, 320, 288]  tcn1171.local.snellius.surf.nl -
  rank 141: block 64x160x192 at [960, 480, 192]  tcn1171.local.snellius.surf.nl -
  rank 142: block 128x160x96 at [1024, 480, 192]  tcn1171.local.snellius.surf.nl -
  rank 143: block 128x160x96 at [1024, 480, 288]  tcn1171.local.snellius.surf.nl -
  rank 144: block 64x160x192 at [1152, 0, 0]  tcn1171.local.snellius.surf.nl -
  rank 145: block 128x160x96 at [1216, 0, 0]  tcn1171.local.snellius.surf.nl -
  rank 146: block 128x160x96 at [1216, 0, 96]  tcn1171.local.snellius.surf.nl -
  rank 147: block 64x160x192 at [1152, 160, 0]  tcn1171.local.snellius.surf.nl -
  rank 148: block 128x160x96 at [1216, 160, 0]  tcn1171.local.snellius.surf.nl -
  rank 149: block 128x160x96 at [1216, 160, 96]  tcn1171.local.snellius.surf.nl -
  rank 150: block 64x160x192 at [1152, 0, 192]  tcn1171.local.snellius.surf.nl -
  rank 151: block 128x160x96 at [1216, 0, 192]  tcn1171.local.snellius.surf.nl -
  rank 152: block 128x160x96 at [1216, 0, 288]  tcn1171.local.snellius.surf.nl -
  rank 153: block 64x160x192 at [1152, 160, 192]  tcn1171.local.snellius.surf.nl -
  rank 154: block 128x160x96 at [1216, 160, 192]  tcn1171.local.snellius.surf.nl -
  rank 155: block 128x160x96 at [1216, 160, 288]  tcn1171.local.snellius.surf.nl -
  rank 156: block 64x160x192 at [1344, 0, 0]  tcn1171.local.snellius.surf.nl -
  rank 157: block 128x160x96 at [1408, 0, 0]  tcn1171.local.snellius.surf.nl -
  rank 158: block 128x160x96 at [1408, 0, 96]  tcn1171.local.snellius.surf.nl -
  rank 159: block 64x160x192 at [1344, 160, 0]  tcn1171.local.snellius.surf.nl -
  rank 160: block 128x160x96 at [1408, 160, 0]  tcn1171.local.snellius.surf.nl -
  rank 161: block 128x160x96 at [1408, 160, 96]  tcn1171.local.snellius.surf.nl -
  rank 162: block 64x160x192 at [1344, 0, 192]  tcn1171.local.snellius.surf.nl -
  rank 163: block 128x160x96 at [1408, 0, 192]  tcn1171.local.snellius.surf.nl -
  rank 164: block 128x160x96 at [1408, 0, 288]  tcn1171.local.snellius.surf.nl -
  rank 165: block 64x160x192 at [1344, 160, 192]  tcn1171.local.snellius.surf.nl -
  rank 166: block 128x160x96 at [1408, 160, 192]  tcn1171.local.snellius.surf.nl -
  rank 167: block 128x160x96 at [1408, 160, 288]  tcn1171.local.snellius.surf.nl -
  rank 168: block 64x160x192 at [1152, 320, 0]  tcn1171.local.snellius.surf.nl -
  rank 169: block 128x160x96 at [1216, 320, 0]  tcn1171.local.snellius.surf.nl -
  rank 170: block 128x160x96 at [1216, 320, 96]  tcn1171.local.snellius.surf.nl -
  rank 171: block 64x160x192 at [1152, 480, 0]  tcn1171.local.snellius.surf.nl -
  rank 172: block 128x160x96 at [1216, 480, 0]  tcn1171.local.snellius.surf.nl -
  rank 173: block 128x160x96 at [1216, 480, 96]  tcn1171.local.snellius.surf.nl -
  rank 174: block 64x160x192 at [1152, 320, 192]  tcn1171.local.snellius.surf.nl -
  rank 175: block 128x160x96 at [1216, 320, 192]  tcn1171.local.snellius.surf.nl -
  rank 176: block 128x160x96 at [1216, 320, 288]  tcn1171.local.snellius.surf.nl -
  rank 177: block 64x160x192 at [1152, 480, 192]  tcn1171.local.snellius.surf.nl -
  rank 178: block 128x160x96 at [1216, 480, 192]  tcn1171.local.snellius.surf.nl -
  rank 179: block 128x160x96 at [1216, 480, 288]  tcn1171.local.snellius.surf.nl -
  rank 180: block 64x160x192 at [1344, 320, 0]  tcn1171.local.snellius.surf.nl -
  rank 181: block 128x160x96 at [1408, 320, 0]  tcn1171.local.snellius.surf.nl -
  rank 182: block 128x160x96 at [1408, 320, 96]  tcn1171.local.snellius.surf.nl -
  rank 183: block 64x160x192 at [1344, 480, 0]  tcn1171.local.snellius.surf.nl -
  rank 184: block 128x160x96 at [1408, 480, 0]  tcn1171.local.snellius.surf.nl -
  rank 185: block 128x160x96 at [1408, 480, 96]  tcn1171.local.snellius.surf.nl -
  rank 186: block 64x160x192 at [1344, 320, 192]  tcn1171.local.snellius.surf.nl -
  rank 187: block 128x160x96 at [1408, 320, 192]  tcn1171.local.snellius.surf.nl -
  rank 188: block 128x160x96 at [1408, 320, 288]  tcn1171.local.snellius.surf.nl -
  rank 189: block 64x160x192 at [1344, 480, 192]  tcn1171.local.snellius.surf.nl -
  rank 190: block 128x160x96 at [1408, 480, 192]  tcn1171.local.snellius.surf.nl -
  rank 191: block 128x160x96 at [1408, 480, 288]  tcn1171.local.snellius.surf.nl -
[result] 4215.0 ms/step  89.6 Mcell/s  pressure iters/step 8.1
[phases, rank-max ms/step] step=4214.9  predictor=453.4  momentum=548.2  projection=3224.1  pressure_allreduce=177.3  allreduce_count=43
[out] /gpfs/work4/0/prjs1022/peclet/peclet-examples/benchmarks/parallel-scaling/snellius/results/snellius-genoa/weak_n2_r96_t2_r2.json
