[cfg] global 6144x640x384 = 1509.9M cells  tile=64  Re=100 nu=0.64 dt=0.2  ranks=96  backend=OpenMP  pressure=pcg(maxit=200,rtol=1e-05,levels=5,warmstart=1)  adv=SOU  steps=5+15
  rank 0: block 128x320x384 at [0, 0, 0]  tcn1115.local.snellius.surf.nl -
  rank 1: block 256x320x192 at [128, 0, 0]  tcn1115.local.snellius.surf.nl -
  rank 2: block 256x320x192 at [128, 0, 192]  tcn1115.local.snellius.surf.nl -
  rank 3: block 128x320x384 at [0, 320, 0]  tcn1115.local.snellius.surf.nl -
  rank 4: block 256x320x192 at [128, 320, 0]  tcn1115.local.snellius.surf.nl -
  rank 5: block 256x320x192 at [128, 320, 192]  tcn1115.local.snellius.surf.nl -
  rank 6: block 128x320x384 at [384, 0, 0]  tcn1115.local.snellius.surf.nl -
  rank 7: block 256x320x192 at [512, 0, 0]  tcn1115.local.snellius.surf.nl -
  rank 8: block 256x320x192 at [512, 0, 192]  tcn1115.local.snellius.surf.nl -
  rank 9: block 128x320x384 at [384, 320, 0]  tcn1115.local.snellius.surf.nl -
  rank 10: block 256x320x192 at [512, 320, 0]  tcn1115.local.snellius.surf.nl -
  rank 11: block 256x320x192 at [512, 320, 192]  tcn1115.local.snellius.surf.nl -
  rank 12: block 128x320x384 at [768, 0, 0]  tcn1129.local.snellius.surf.nl -
  rank 13: block 256x320x192 at [896, 0, 0]  tcn1129.local.snellius.surf.nl -
  rank 14: block 256x320x192 at [896, 0, 192]  tcn1129.local.snellius.surf.nl -
  rank 15: block 128x320x384 at [768, 320, 0]  tcn1129.local.snellius.surf.nl -
  rank 16: block 256x320x192 at [896, 320, 0]  tcn1129.local.snellius.surf.nl -
  rank 17: block 256x320x192 at [896, 320, 192]  tcn1129.local.snellius.surf.nl -
  rank 18: block 128x320x384 at [1152, 0, 0]  tcn1129.local.snellius.surf.nl -
  rank 19: block 256x320x192 at [1280, 0, 0]  tcn1129.local.snellius.surf.nl -
  rank 20: block 256x320x192 at [1280, 0, 192]  tcn1129.local.snellius.surf.nl -
  rank 21: block 128x320x384 at [1152, 320, 0]  tcn1129.local.snellius.surf.nl -
  rank 22: block 256x320x192 at [1280, 320, 0]  tcn1129.local.snellius.surf.nl -
  rank 23: block 256x320x192 at [1280, 320, 192]  tcn1129.local.snellius.surf.nl -
  rank 24: block 128x320x384 at [1536, 0, 0]  tcn1133.local.snellius.surf.nl -
  rank 25: block 256x320x192 at [1664, 0, 0]  tcn1133.local.snellius.surf.nl -
  rank 26: block 256x320x192 at [1664, 0, 192]  tcn1133.local.snellius.surf.nl -
  rank 27: block 128x320x384 at [1536, 320, 0]  tcn1133.local.snellius.surf.nl -
  rank 28: block 256x320x192 at [1664, 320, 0]  tcn1133.local.snellius.surf.nl -
  rank 29: block 256x320x192 at [1664, 320, 192]  tcn1133.local.snellius.surf.nl -
  rank 30: block 128x320x384 at [1920, 0, 0]  tcn1133.local.snellius.surf.nl -
  rank 31: block 256x320x192 at [2048, 0, 0]  tcn1133.local.snellius.surf.nl -
  rank 32: block 256x320x192 at [2048, 0, 192]  tcn1133.local.snellius.surf.nl -
  rank 33: block 128x320x384 at [1920, 320, 0]  tcn1133.local.snellius.surf.nl -
  rank 34: block 256x320x192 at [2048, 320, 0]  tcn1133.local.snellius.surf.nl -
  rank 35: block 256x320x192 at [2048, 320, 192]  tcn1133.local.snellius.surf.nl -
  rank 36: block 128x320x384 at [2304, 0, 0]  tcn1134.local.snellius.surf.nl -
  rank 37: block 256x320x192 at [2432, 0, 0]  tcn1134.local.snellius.surf.nl -
  rank 38: block 256x320x192 at [2432, 0, 192]  tcn1134.local.snellius.surf.nl -
  rank 39: block 128x320x384 at [2304, 320, 0]  tcn1134.local.snellius.surf.nl -
  rank 40: block 256x320x192 at [2432, 320, 0]  tcn1134.local.snellius.surf.nl -
  rank 41: block 256x320x192 at [2432, 320, 192]  tcn1134.local.snellius.surf.nl -
  rank 42: block 128x320x384 at [2688, 0, 0]  tcn1134.local.snellius.surf.nl -
  rank 43: block 256x320x192 at [2816, 0, 0]  tcn1134.local.snellius.surf.nl -
  rank 44: block 256x320x192 at [2816, 0, 192]  tcn1134.local.snellius.surf.nl -
  rank 45: block 128x320x384 at [2688, 320, 0]  tcn1134.local.snellius.surf.nl -
  rank 46: block 256x320x192 at [2816, 320, 0]  tcn1134.local.snellius.surf.nl -
  rank 47: block 256x320x192 at [2816, 320, 192]  tcn1134.local.snellius.surf.nl -
  rank 48: block 128x320x384 at [3072, 0, 0]  tcn1135.local.snellius.surf.nl -
  rank 49: block 256x320x192 at [3200, 0, 0]  tcn1135.local.snellius.surf.nl -
  rank 50: block 256x320x192 at [3200, 0, 192]  tcn1135.local.snellius.surf.nl -
  rank 51: block 128x320x384 at [3072, 320, 0]  tcn1135.local.snellius.surf.nl -
  rank 52: block 256x320x192 at [3200, 320, 0]  tcn1135.local.snellius.surf.nl -
  rank 53: block 256x320x192 at [3200, 320, 192]  tcn1135.local.snellius.surf.nl -
  rank 54: block 128x320x384 at [3456, 0, 0]  tcn1135.local.snellius.surf.nl -
  rank 55: block 256x320x192 at [3584, 0, 0]  tcn1135.local.snellius.surf.nl -
  rank 56: block 256x320x192 at [3584, 0, 192]  tcn1135.local.snellius.surf.nl -
  rank 57: block 128x320x384 at [3456, 320, 0]  tcn1135.local.snellius.surf.nl -
  rank 58: block 256x320x192 at [3584, 320, 0]  tcn1135.local.snellius.surf.nl -
  rank 59: block 256x320x192 at [3584, 320, 192]  tcn1135.local.snellius.surf.nl -
  rank 60: block 128x320x384 at [3840, 0, 0]  tcn1136.local.snellius.surf.nl -
  rank 61: block 256x320x192 at [3968, 0, 0]  tcn1136.local.snellius.surf.nl -
  rank 62: block 256x320x192 at [3968, 0, 192]  tcn1136.local.snellius.surf.nl -
  rank 63: block 128x320x384 at [3840, 320, 0]  tcn1136.local.snellius.surf.nl -
  rank 64: block 256x320x192 at [3968, 320, 0]  tcn1136.local.snellius.surf.nl -
  rank 65: block 256x320x192 at [3968, 320, 192]  tcn1136.local.snellius.surf.nl -
  rank 66: block 128x320x384 at [4224, 0, 0]  tcn1136.local.snellius.surf.nl -
  rank 67: block 256x320x192 at [4352, 0, 0]  tcn1136.local.snellius.surf.nl -
  rank 68: block 256x320x192 at [4352, 0, 192]  tcn1136.local.snellius.surf.nl -
  rank 69: block 128x320x384 at [4224, 320, 0]  tcn1136.local.snellius.surf.nl -
  rank 70: block 256x320x192 at [4352, 320, 0]  tcn1136.local.snellius.surf.nl -
  rank 71: block 256x320x192 at [4352, 320, 192]  tcn1136.local.snellius.surf.nl -
  rank 72: block 128x320x384 at [4608, 0, 0]  tcn1138.local.snellius.surf.nl -
  rank 73: block 256x320x192 at [4736, 0, 0]  tcn1138.local.snellius.surf.nl -
  rank 74: block 256x320x192 at [4736, 0, 192]  tcn1138.local.snellius.surf.nl -
  rank 75: block 128x320x384 at [4608, 320, 0]  tcn1138.local.snellius.surf.nl -
  rank 76: block 256x320x192 at [4736, 320, 0]  tcn1138.local.snellius.surf.nl -
  rank 77: block 256x320x192 at [4736, 320, 192]  tcn1138.local.snellius.surf.nl -
  rank 78: block 128x320x384 at [4992, 0, 0]  tcn1138.local.snellius.surf.nl -
  rank 79: block 256x320x192 at [5120, 0, 0]  tcn1138.local.snellius.surf.nl -
  rank 80: block 256x320x192 at [5120, 0, 192]  tcn1138.local.snellius.surf.nl -
  rank 81: block 128x320x384 at [4992, 320, 0]  tcn1138.local.snellius.surf.nl -
  rank 82: block 256x320x192 at [5120, 320, 0]  tcn1138.local.snellius.surf.nl -
  rank 83: block 256x320x192 at [5120, 320, 192]  tcn1138.local.snellius.surf.nl -
  rank 84: block 128x320x384 at [5376, 0, 0]  tcn1139.local.snellius.surf.nl -
  rank 85: block 256x320x192 at [5504, 0, 0]  tcn1139.local.snellius.surf.nl -
  rank 86: block 256x320x192 at [5504, 0, 192]  tcn1139.local.snellius.surf.nl -
  rank 87: block 128x320x384 at [5376, 320, 0]  tcn1139.local.snellius.surf.nl -
  rank 88: block 256x320x192 at [5504, 320, 0]  tcn1139.local.snellius.surf.nl -
  rank 89: block 256x320x192 at [5504, 320, 192]  tcn1139.local.snellius.surf.nl -
  rank 90: block 128x320x384 at [5760, 0, 0]  tcn1139.local.snellius.surf.nl -
  rank 91: block 256x320x192 at [5888, 0, 0]  tcn1139.local.snellius.surf.nl -
  rank 92: block 256x320x192 at [5888, 0, 192]  tcn1139.local.snellius.surf.nl -
  rank 93: block 128x320x384 at [5760, 320, 0]  tcn1139.local.snellius.surf.nl -
  rank 94: block 256x320x192 at [5888, 320, 0]  tcn1139.local.snellius.surf.nl -
  rank 95: block 256x320x192 at [5888, 320, 192]  tcn1139.local.snellius.surf.nl -
[run] warmup 5 steps...
[run] warmup 1/5 done
[run] warmup 2/5 done
[run] warmup 3/5 done
[run] warmup 4/5 done
[run] warmup 5/5 done
[run] step 3/15
[run] step 6/15
[run] step 9/15
[run] step 12/15
[run] step 15/15
[result] 3285.8 ms/step  459.5 Mcell/s  pressure iters/step 4.0
[phases, rank-max ms/step] step=3285.7  predictor=545.3  momentum=724.8  projection=2125.7  pressure_allreduce=248.8  allreduce_count=23
[out] /gpfs/work4/0/prjs1022/peclet/peclet-examples/benchmarks/parallel-scaling/snellius/results/snellius-genoa/weak_n8_r12_t16_mgfix.json
