[cfg] global 3072x640x384 = 755.0M cells  tile=64  Re=100 nu=0.64 dt=0.2  ranks=384  backend=OpenMP  pressure=pcg(maxit=200,rtol=1e-05,levels=5,warmstart=1)  adv=SOU  steps=5+15
  rank 0: block 64x160x192 at [0, 0, 0]  tcn1046.local.snellius.surf.nl -
  rank 1: block 128x160x96 at [64, 0, 0]  tcn1046.local.snellius.surf.nl -
  rank 2: block 128x160x96 at [64, 0, 96]  tcn1046.local.snellius.surf.nl -
  rank 3: block 64x160x192 at [0, 160, 0]  tcn1046.local.snellius.surf.nl -
  rank 4: block 128x160x96 at [64, 160, 0]  tcn1046.local.snellius.surf.nl -
  rank 5: block 128x160x96 at [64, 160, 96]  tcn1046.local.snellius.surf.nl -
  rank 6: block 64x160x192 at [0, 0, 192]  tcn1046.local.snellius.surf.nl -
  rank 7: block 128x160x96 at [64, 0, 192]  tcn1046.local.snellius.surf.nl -
  rank 8: block 128x160x96 at [64, 0, 288]  tcn1046.local.snellius.surf.nl -
  rank 9: block 64x160x192 at [0, 160, 192]  tcn1046.local.snellius.surf.nl -
  rank 10: block 128x160x96 at [64, 160, 192]  tcn1046.local.snellius.surf.nl -
  rank 11: block 128x160x96 at [64, 160, 288]  tcn1046.local.snellius.surf.nl -
  rank 12: block 64x160x192 at [192, 0, 0]  tcn1046.local.snellius.surf.nl -
  rank 13: block 128x160x96 at [256, 0, 0]  tcn1046.local.snellius.surf.nl -
  rank 14: block 128x160x96 at [256, 0, 96]  tcn1046.local.snellius.surf.nl -
  rank 15: block 64x160x192 at [192, 160, 0]  tcn1046.local.snellius.surf.nl -
  rank 16: block 128x160x96 at [256, 160, 0]  tcn1046.local.snellius.surf.nl -
  rank 17: block 128x160x96 at [256, 160, 96]  tcn1046.local.snellius.surf.nl -
  rank 18: block 64x160x192 at [192, 0, 192]  tcn1046.local.snellius.surf.nl -
  rank 19: block 128x160x96 at [256, 0, 192]  tcn1046.local.snellius.surf.nl -
  rank 20: block 128x160x96 at [256, 0, 288]  tcn1046.local.snellius.surf.nl -
  rank 21: block 64x160x192 at [192, 160, 192]  tcn1046.local.snellius.surf.nl -
  rank 22: block 128x160x96 at [256, 160, 192]  tcn1046.local.snellius.surf.nl -
  rank 23: block 128x160x96 at [256, 160, 288]  tcn1046.local.snellius.surf.nl -
  rank 24: block 64x160x192 at [0, 320, 0]  tcn1046.local.snellius.surf.nl -
  rank 25: block 128x160x96 at [64, 320, 0]  tcn1046.local.snellius.surf.nl -
  rank 26: block 128x160x96 at [64, 320, 96]  tcn1046.local.snellius.surf.nl -
  rank 27: block 64x160x192 at [0, 480, 0]  tcn1046.local.snellius.surf.nl -
  rank 28: block 128x160x96 at [64, 480, 0]  tcn1046.local.snellius.surf.nl -
  rank 29: block 128x160x96 at [64, 480, 96]  tcn1046.local.snellius.surf.nl -
  rank 30: block 64x160x192 at [0, 320, 192]  tcn1046.local.snellius.surf.nl -
  rank 31: block 128x160x96 at [64, 320, 192]  tcn1046.local.snellius.surf.nl -
  rank 32: block 128x160x96 at [64, 320, 288]  tcn1046.local.snellius.surf.nl -
  rank 33: block 64x160x192 at [0, 480, 192]  tcn1046.local.snellius.surf.nl -
  rank 34: block 128x160x96 at [64, 480, 192]  tcn1046.local.snellius.surf.nl -
  rank 35: block 128x160x96 at [64, 480, 288]  tcn1046.local.snellius.surf.nl -
  rank 36: block 64x160x192 at [192, 320, 0]  tcn1046.local.snellius.surf.nl -
  rank 37: block 128x160x96 at [256, 320, 0]  tcn1046.local.snellius.surf.nl -
  rank 38: block 128x160x96 at [256, 320, 96]  tcn1046.local.snellius.surf.nl -
  rank 39: block 64x160x192 at [192, 480, 0]  tcn1046.local.snellius.surf.nl -
  rank 40: block 128x160x96 at [256, 480, 0]  tcn1046.local.snellius.surf.nl -
  rank 41: block 128x160x96 at [256, 480, 96]  tcn1046.local.snellius.surf.nl -
  rank 42: block 64x160x192 at [192, 320, 192]  tcn1046.local.snellius.surf.nl -
  rank 43: block 128x160x96 at [256, 320, 192]  tcn1046.local.snellius.surf.nl -
  rank 44: block 128x160x96 at [256, 320, 288]  tcn1046.local.snellius.surf.nl -
  rank 45: block 64x160x192 at [192, 480, 192]  tcn1046.local.snellius.surf.nl -
  rank 46: block 128x160x96 at [256, 480, 192]  tcn1046.local.snellius.surf.nl -
  rank 47: block 128x160x96 at [256, 480, 288]  tcn1046.local.snellius.surf.nl -
  rank 48: block 64x160x192 at [384, 0, 0]  tcn1046.local.snellius.surf.nl -
  rank 49: block 128x160x96 at [448, 0, 0]  tcn1046.local.snellius.surf.nl -
  rank 50: block 128x160x96 at [448, 0, 96]  tcn1046.local.snellius.surf.nl -
  rank 51: block 64x160x192 at [384, 160, 0]  tcn1046.local.snellius.surf.nl -
  rank 52: block 128x160x96 at [448, 160, 0]  tcn1046.local.snellius.surf.nl -
  rank 53: block 128x160x96 at [448, 160, 96]  tcn1046.local.snellius.surf.nl -
  rank 54: block 64x160x192 at [384, 0, 192]  tcn1046.local.snellius.surf.nl -
  rank 55: block 128x160x96 at [448, 0, 192]  tcn1046.local.snellius.surf.nl -
  rank 56: block 128x160x96 at [448, 0, 288]  tcn1046.local.snellius.surf.nl -
  rank 57: block 64x160x192 at [384, 160, 192]  tcn1046.local.snellius.surf.nl -
  rank 58: block 128x160x96 at [448, 160, 192]  tcn1046.local.snellius.surf.nl -
  rank 59: block 128x160x96 at [448, 160, 288]  tcn1046.local.snellius.surf.nl -
  rank 60: block 64x160x192 at [576, 0, 0]  tcn1046.local.snellius.surf.nl -
  rank 61: block 128x160x96 at [640, 0, 0]  tcn1046.local.snellius.surf.nl -
  rank 62: block 128x160x96 at [640, 0, 96]  tcn1046.local.snellius.surf.nl -
  rank 63: block 64x160x192 at [576, 160, 0]  tcn1046.local.snellius.surf.nl -
  rank 64: block 128x160x96 at [640, 160, 0]  tcn1046.local.snellius.surf.nl -
  rank 65: block 128x160x96 at [640, 160, 96]  tcn1046.local.snellius.surf.nl -
  rank 66: block 64x160x192 at [576, 0, 192]  tcn1046.local.snellius.surf.nl -
  rank 67: block 128x160x96 at [640, 0, 192]  tcn1046.local.snellius.surf.nl -
  rank 68: block 128x160x96 at [640, 0, 288]  tcn1046.local.snellius.surf.nl -
  rank 69: block 64x160x192 at [576, 160, 192]  tcn1046.local.snellius.surf.nl -
  rank 70: block 128x160x96 at [640, 160, 192]  tcn1046.local.snellius.surf.nl -
  rank 71: block 128x160x96 at [640, 160, 288]  tcn1046.local.snellius.surf.nl -
  rank 72: block 64x160x192 at [384, 320, 0]  tcn1046.local.snellius.surf.nl -
  rank 73: block 128x160x96 at [448, 320, 0]  tcn1046.local.snellius.surf.nl -
  rank 74: block 128x160x96 at [448, 320, 96]  tcn1046.local.snellius.surf.nl -
  rank 75: block 64x160x192 at [384, 480, 0]  tcn1046.local.snellius.surf.nl -
  rank 76: block 128x160x96 at [448, 480, 0]  tcn1046.local.snellius.surf.nl -
  rank 77: block 128x160x96 at [448, 480, 96]  tcn1046.local.snellius.surf.nl -
  rank 78: block 64x160x192 at [384, 320, 192]  tcn1046.local.snellius.surf.nl -
  rank 79: block 128x160x96 at [448, 320, 192]  tcn1046.local.snellius.surf.nl -
  rank 80: block 128x160x96 at [448, 320, 288]  tcn1046.local.snellius.surf.nl -
  rank 81: block 64x160x192 at [384, 480, 192]  tcn1046.local.snellius.surf.nl -
  rank 82: block 128x160x96 at [448, 480, 192]  tcn1046.local.snellius.surf.nl -
  rank 83: block 128x160x96 at [448, 480, 288]  tcn1046.local.snellius.surf.nl -
  rank 84: block 64x160x192 at [576, 320, 0]  tcn1046.local.snellius.surf.nl -
  rank 85: block 128x160x96 at [640, 320, 0]  tcn1046.local.snellius.surf.nl -
  rank 86: block 128x160x96 at [640, 320, 96]  tcn1046.local.snellius.surf.nl -
  rank 87: block 64x160x192 at [576, 480, 0]  tcn1046.local.snellius.surf.nl -
  rank 88: block 128x160x96 at [640, 480, 0]  tcn1046.local.snellius.surf.nl -
  rank 89: block 128x160x96 at [640, 480, 96]  tcn1046.local.snellius.surf.nl -
  rank 90: block 64x160x192 at [576, 320, 192]  tcn1046.local.snellius.surf.nl -
  rank 91: block 128x160x96 at [640, 320, 192]  tcn1046.local.snellius.surf.nl -
  rank 92: block 128x160x96 at [640, 320, 288]  tcn1046.local.snellius.surf.nl -
  rank 93: block 64x160x192 at [576, 480, 192]  tcn1046.local.snellius.surf.nl -
  rank 94: block 128x160x96 at [640, 480, 192]  tcn1046.local.snellius.surf.nl -
  rank 95: block 128x160x96 at [640, 480, 288]  tcn1046.local.snellius.surf.nl -
  rank 96: block 64x160x192 at [768, 0, 0]  tcn1047.local.snellius.surf.nl -
  rank 97: block 128x160x96 at [832, 0, 0]  tcn1047.local.snellius.surf.nl -
  rank 98: block 128x160x96 at [832, 0, 96]  tcn1047.local.snellius.surf.nl -
  rank 99: block 64x160x192 at [768, 160, 0]  tcn1047.local.snellius.surf.nl -
  rank 100: block 128x160x96 at [832, 160, 0]  tcn1047.local.snellius.surf.nl -
  rank 101: block 128x160x96 at [832, 160, 96]  tcn1047.local.snellius.surf.nl -
  rank 102: block 64x160x192 at [768, 0, 192]  tcn1047.local.snellius.surf.nl -
  rank 103: block 128x160x96 at [832, 0, 192]  tcn1047.local.snellius.surf.nl -
  rank 104: block 128x160x96 at [832, 0, 288]  tcn1047.local.snellius.surf.nl -
  rank 105: block 64x160x192 at [768, 160, 192]  tcn1047.local.snellius.surf.nl -
  rank 106: block 128x160x96 at [832, 160, 192]  tcn1047.local.snellius.surf.nl -
  rank 107: block 128x160x96 at [832, 160, 288]  tcn1047.local.snellius.surf.nl -
  rank 108: block 64x160x192 at [960, 0, 0]  tcn1047.local.snellius.surf.nl -
  rank 109: block 128x160x96 at [1024, 0, 0]  tcn1047.local.snellius.surf.nl -
  rank 110: block 128x160x96 at [1024, 0, 96]  tcn1047.local.snellius.surf.nl -
  rank 111: block 64x160x192 at [960, 160, 0]  tcn1047.local.snellius.surf.nl -
  rank 112: block 128x160x96 at [1024, 160, 0]  tcn1047.local.snellius.surf.nl -
  rank 113: block 128x160x96 at [1024, 160, 96]  tcn1047.local.snellius.surf.nl -
  rank 114: block 64x160x192 at [960, 0, 192]  tcn1047.local.snellius.surf.nl -
  rank 115: block 128x160x96 at [1024, 0, 192]  tcn1047.local.snellius.surf.nl -
  rank 116: block 128x160x96 at [1024, 0, 288]  tcn1047.local.snellius.surf.nl -
  rank 117: block 64x160x192 at [960, 160, 192]  tcn1047.local.snellius.surf.nl -
  rank 118: block 128x160x96 at [1024, 160, 192]  tcn1047.local.snellius.surf.nl -
  rank 119: block 128x160x96 at [1024, 160, 288]  tcn1047.local.snellius.surf.nl -
  rank 120: block 64x160x192 at [768, 320, 0]  tcn1047.local.snellius.surf.nl -
  rank 121: block 128x160x96 at [832, 320, 0]  tcn1047.local.snellius.surf.nl -
  rank 122: block 128x160x96 at [832, 320, 96]  tcn1047.local.snellius.surf.nl -
  rank 123: block 64x160x192 at [768, 480, 0]  tcn1047.local.snellius.surf.nl -
  rank 124: block 128x160x96 at [832, 480, 0]  tcn1047.local.snellius.surf.nl -
  rank 125: block 128x160x96 at [832, 480, 96]  tcn1047.local.snellius.surf.nl -
  rank 126: block 64x160x192 at [768, 320, 192]  tcn1047.local.snellius.surf.nl -
  rank 127: block 128x160x96 at [832, 320, 192]  tcn1047.local.snellius.surf.nl -
  rank 128: block 128x160x96 at [832, 320, 288]  tcn1047.local.snellius.surf.nl -
  rank 129: block 64x160x192 at [768, 480, 192]  tcn1047.local.snellius.surf.nl -
  rank 130: block 128x160x96 at [832, 480, 192]  tcn1047.local.snellius.surf.nl -
  rank 131: block 128x160x96 at [832, 480, 288]  tcn1047.local.snellius.surf.nl -
  rank 132: block 64x160x192 at [960, 320, 0]  tcn1047.local.snellius.surf.nl -
  rank 133: block 128x160x96 at [1024, 320, 0]  tcn1047.local.snellius.surf.nl -
  rank 134: block 128x160x96 at [1024, 320, 96]  tcn1047.local.snellius.surf.nl -
  rank 135: block 64x160x192 at [960, 480, 0]  tcn1047.local.snellius.surf.nl -
  rank 136: block 128x160x96 at [1024, 480, 0]  tcn1047.local.snellius.surf.nl -
  rank 137: block 128x160x96 at [1024, 480, 96]  tcn1047.local.snellius.surf.nl -
  rank 138: block 64x160x192 at [960, 320, 192]  tcn1047.local.snellius.surf.nl -
  rank 139: block 128x160x96 at [1024, 320, 192]  tcn1047.local.snellius.surf.nl -
  rank 140: block 128x160x96 at [1024, 320, 288]  tcn1047.local.snellius.surf.nl -
  rank 141: block 64x160x192 at [960, 480, 192]  tcn1047.local.snellius.surf.nl -
  rank 142: block 128x160x96 at [1024, 480, 192]  tcn1047.local.snellius.surf.nl -
  rank 143: block 128x160x96 at [1024, 480, 288]  tcn1047.local.snellius.surf.nl -
  rank 144: block 64x160x192 at [1152, 0, 0]  tcn1047.local.snellius.surf.nl -
  rank 145: block 128x160x96 at [1216, 0, 0]  tcn1047.local.snellius.surf.nl -
  rank 146: block 128x160x96 at [1216, 0, 96]  tcn1047.local.snellius.surf.nl -
  rank 147: block 64x160x192 at [1152, 160, 0]  tcn1047.local.snellius.surf.nl -
  rank 148: block 128x160x96 at [1216, 160, 0]  tcn1047.local.snellius.surf.nl -
  rank 149: block 128x160x96 at [1216, 160, 96]  tcn1047.local.snellius.surf.nl -
  rank 150: block 64x160x192 at [1152, 0, 192]  tcn1047.local.snellius.surf.nl -
  rank 151: block 128x160x96 at [1216, 0, 192]  tcn1047.local.snellius.surf.nl -
  rank 152: block 128x160x96 at [1216, 0, 288]  tcn1047.local.snellius.surf.nl -
  rank 153: block 64x160x192 at [1152, 160, 192]  tcn1047.local.snellius.surf.nl -
  rank 154: block 128x160x96 at [1216, 160, 192]  tcn1047.local.snellius.surf.nl -
  rank 155: block 128x160x96 at [1216, 160, 288]  tcn1047.local.snellius.surf.nl -
  rank 156: block 64x160x192 at [1344, 0, 0]  tcn1047.local.snellius.surf.nl -
  rank 157: block 128x160x96 at [1408, 0, 0]  tcn1047.local.snellius.surf.nl -
  rank 158: block 128x160x96 at [1408, 0, 96]  tcn1047.local.snellius.surf.nl -
  rank 159: block 64x160x192 at [1344, 160, 0]  tcn1047.local.snellius.surf.nl -
  rank 160: block 128x160x96 at [1408, 160, 0]  tcn1047.local.snellius.surf.nl -
  rank 161: block 128x160x96 at [1408, 160, 96]  tcn1047.local.snellius.surf.nl -
  rank 162: block 64x160x192 at [1344, 0, 192]  tcn1047.local.snellius.surf.nl -
  rank 163: block 128x160x96 at [1408, 0, 192]  tcn1047.local.snellius.surf.nl -
  rank 164: block 128x160x96 at [1408, 0, 288]  tcn1047.local.snellius.surf.nl -
  rank 165: block 64x160x192 at [1344, 160, 192]  tcn1047.local.snellius.surf.nl -
  rank 166: block 128x160x96 at [1408, 160, 192]  tcn1047.local.snellius.surf.nl -
  rank 167: block 128x160x96 at [1408, 160, 288]  tcn1047.local.snellius.surf.nl -
  rank 168: block 64x160x192 at [1152, 320, 0]  tcn1047.local.snellius.surf.nl -
  rank 169: block 128x160x96 at [1216, 320, 0]  tcn1047.local.snellius.surf.nl -
  rank 170: block 128x160x96 at [1216, 320, 96]  tcn1047.local.snellius.surf.nl -
  rank 171: block 64x160x192 at [1152, 480, 0]  tcn1047.local.snellius.surf.nl -
  rank 172: block 128x160x96 at [1216, 480, 0]  tcn1047.local.snellius.surf.nl -
  rank 173: block 128x160x96 at [1216, 480, 96]  tcn1047.local.snellius.surf.nl -
  rank 174: block 64x160x192 at [1152, 320, 192]  tcn1047.local.snellius.surf.nl -
  rank 175: block 128x160x96 at [1216, 320, 192]  tcn1047.local.snellius.surf.nl -
  rank 176: block 128x160x96 at [1216, 320, 288]  tcn1047.local.snellius.surf.nl -
  rank 177: block 64x160x192 at [1152, 480, 192]  tcn1047.local.snellius.surf.nl -
  rank 178: block 128x160x96 at [1216, 480, 192]  tcn1047.local.snellius.surf.nl -
  rank 179: block 128x160x96 at [1216, 480, 288]  tcn1047.local.snellius.surf.nl -
  rank 180: block 64x160x192 at [1344, 320, 0]  tcn1047.local.snellius.surf.nl -
  rank 181: block 128x160x96 at [1408, 320, 0]  tcn1047.local.snellius.surf.nl -
  rank 182: block 128x160x96 at [1408, 320, 96]  tcn1047.local.snellius.surf.nl -
  rank 183: block 64x160x192 at [1344, 480, 0]  tcn1047.local.snellius.surf.nl -
  rank 184: block 128x160x96 at [1408, 480, 0]  tcn1047.local.snellius.surf.nl -
  rank 185: block 128x160x96 at [1408, 480, 96]  tcn1047.local.snellius.surf.nl -
  rank 186: block 64x160x192 at [1344, 320, 192]  tcn1047.local.snellius.surf.nl -
  rank 187: block 128x160x96 at [1408, 320, 192]  tcn1047.local.snellius.surf.nl -
  rank 188: block 128x160x96 at [1408, 320, 288]  tcn1047.local.snellius.surf.nl -
  rank 189: block 64x160x192 at [1344, 480, 192]  tcn1047.local.snellius.surf.nl -
  rank 190: block 128x160x96 at [1408, 480, 192]  tcn1047.local.snellius.surf.nl -
  rank 191: block 128x160x96 at [1408, 480, 288]  tcn1047.local.snellius.surf.nl -
  rank 192: block 64x160x192 at [1536, 0, 0]  tcn1049.local.snellius.surf.nl -
  rank 193: block 128x160x96 at [1600, 0, 0]  tcn1049.local.snellius.surf.nl -
  rank 194: block 128x160x96 at [1600, 0, 96]  tcn1049.local.snellius.surf.nl -
  rank 195: block 64x160x192 at [1536, 160, 0]  tcn1049.local.snellius.surf.nl -
  rank 196: block 128x160x96 at [1600, 160, 0]  tcn1049.local.snellius.surf.nl -
  rank 197: block 128x160x96 at [1600, 160, 96]  tcn1049.local.snellius.surf.nl -
  rank 198: block 64x160x192 at [1536, 0, 192]  tcn1049.local.snellius.surf.nl -
  rank 199: block 128x160x96 at [1600, 0, 192]  tcn1049.local.snellius.surf.nl -
  rank 200: block 128x160x96 at [1600, 0, 288]  tcn1049.local.snellius.surf.nl -
  rank 201: block 64x160x192 at [1536, 160, 192]  tcn1049.local.snellius.surf.nl -
  rank 202: block 128x160x96 at [1600, 160, 192]  tcn1049.local.snellius.surf.nl -
  rank 203: block 128x160x96 at [1600, 160, 288]  tcn1049.local.snellius.surf.nl -
  rank 204: block 64x160x192 at [1728, 0, 0]  tcn1049.local.snellius.surf.nl -
  rank 205: block 128x160x96 at [1792, 0, 0]  tcn1049.local.snellius.surf.nl -
  rank 206: block 128x160x96 at [1792, 0, 96]  tcn1049.local.snellius.surf.nl -
  rank 207: block 64x160x192 at [1728, 160, 0]  tcn1049.local.snellius.surf.nl -
  rank 208: block 128x160x96 at [1792, 160, 0]  tcn1049.local.snellius.surf.nl -
  rank 209: block 128x160x96 at [1792, 160, 96]  tcn1049.local.snellius.surf.nl -
  rank 210: block 64x160x192 at [1728, 0, 192]  tcn1049.local.snellius.surf.nl -
  rank 211: block 128x160x96 at [1792, 0, 192]  tcn1049.local.snellius.surf.nl -
  rank 212: block 128x160x96 at [1792, 0, 288]  tcn1049.local.snellius.surf.nl -
  rank 213: block 64x160x192 at [1728, 160, 192]  tcn1049.local.snellius.surf.nl -
  rank 214: block 128x160x96 at [1792, 160, 192]  tcn1049.local.snellius.surf.nl -
  rank 215: block 128x160x96 at [1792, 160, 288]  tcn1049.local.snellius.surf.nl -
  rank 216: block 64x160x192 at [1536, 320, 0]  tcn1049.local.snellius.surf.nl -
  rank 217: block 128x160x96 at [1600, 320, 0]  tcn1049.local.snellius.surf.nl -
  rank 218: block 128x160x96 at [1600, 320, 96]  tcn1049.local.snellius.surf.nl -
  rank 219: block 64x160x192 at [1536, 480, 0]  tcn1049.local.snellius.surf.nl -
  rank 220: block 128x160x96 at [1600, 480, 0]  tcn1049.local.snellius.surf.nl -
  rank 221: block 128x160x96 at [1600, 480, 96]  tcn1049.local.snellius.surf.nl -
  rank 222: block 64x160x192 at [1536, 320, 192]  tcn1049.local.snellius.surf.nl -
  rank 223: block 128x160x96 at [1600, 320, 192]  tcn1049.local.snellius.surf.nl -
  rank 224: block 128x160x96 at [1600, 320, 288]  tcn1049.local.snellius.surf.nl -
  rank 225: block 64x160x192 at [1536, 480, 192]  tcn1049.local.snellius.surf.nl -
  rank 226: block 128x160x96 at [1600, 480, 192]  tcn1049.local.snellius.surf.nl -
  rank 227: block 128x160x96 at [1600, 480, 288]  tcn1049.local.snellius.surf.nl -
  rank 228: block 64x160x192 at [1728, 320, 0]  tcn1049.local.snellius.surf.nl -
  rank 229: block 128x160x96 at [1792, 320, 0]  tcn1049.local.snellius.surf.nl -
  rank 230: block 128x160x96 at [1792, 320, 96]  tcn1049.local.snellius.surf.nl -
  rank 231: block 64x160x192 at [1728, 480, 0]  tcn1049.local.snellius.surf.nl -
  rank 232: block 128x160x96 at [1792, 480, 0]  tcn1049.local.snellius.surf.nl -
  rank 233: block 128x160x96 at [1792, 480, 96]  tcn1049.local.snellius.surf.nl -
  rank 234: block 64x160x192 at [1728, 320, 192]  tcn1049.local.snellius.surf.nl -
  rank 235: block 128x160x96 at [1792, 320, 192]  tcn1049.local.snellius.surf.nl -
  rank 236: block 128x160x96 at [1792, 320, 288]  tcn1049.local.snellius.surf.nl -
  rank 237: block 64x160x192 at [1728, 480, 192]  tcn1049.local.snellius.surf.nl -
  rank 238: block 128x160x96 at [1792, 480, 192]  tcn1049.local.snellius.surf.nl -
  rank 239: block 128x160x96 at [1792, 480, 288]  tcn1049.local.snellius.surf.nl -
  rank 240: block 64x160x192 at [1920, 0, 0]  tcn1049.local.snellius.surf.nl -
  rank 241: block 128x160x96 at [1984, 0, 0]  tcn1049.local.snellius.surf.nl -
  rank 242: block 128x160x96 at [1984, 0, 96]  tcn1049.local.snellius.surf.nl -
  rank 243: block 64x160x192 at [1920, 160, 0]  tcn1049.local.snellius.surf.nl -
  rank 244: block 128x160x96 at [1984, 160, 0]  tcn1049.local.snellius.surf.nl -
  rank 245: block 128x160x96 at [1984, 160, 96]  tcn1049.local.snellius.surf.nl -
  rank 246: block 64x160x192 at [1920, 0, 192]  tcn1049.local.snellius.surf.nl -
  rank 247: block 128x160x96 at [1984, 0, 192]  tcn1049.local.snellius.surf.nl -
  rank 248: block 128x160x96 at [1984, 0, 288]  tcn1049.local.snellius.surf.nl -
  rank 249: block 64x160x192 at [1920, 160, 192]  tcn1049.local.snellius.surf.nl -
  rank 250: block 128x160x96 at [1984, 160, 192]  tcn1049.local.snellius.surf.nl -
  rank 251: block 128x160x96 at [1984, 160, 288]  tcn1049.local.snellius.surf.nl -
  rank 252: block 64x160x192 at [2112, 0, 0]  tcn1049.local.snellius.surf.nl -
  rank 253: block 128x160x96 at [2176, 0, 0]  tcn1049.local.snellius.surf.nl -
  rank 254: block 128x160x96 at [2176, 0, 96]  tcn1049.local.snellius.surf.nl -
  rank 255: block 64x160x192 at [2112, 160, 0]  tcn1049.local.snellius.surf.nl -
  rank 256: block 128x160x96 at [2176, 160, 0]  tcn1049.local.snellius.surf.nl -
  rank 257: block 128x160x96 at [2176, 160, 96]  tcn1049.local.snellius.surf.nl -
  rank 258: block 64x160x192 at [2112, 0, 192]  tcn1049.local.snellius.surf.nl -
  rank 259: block 128x160x96 at [2176, 0, 192]  tcn1049.local.snellius.surf.nl -
  rank 260: block 128x160x96 at [2176, 0, 288]  tcn1049.local.snellius.surf.nl -
  rank 261: block 64x160x192 at [2112, 160, 192]  tcn1049.local.snellius.surf.nl -
  rank 262: block 128x160x96 at [2176, 160, 192]  tcn1049.local.snellius.surf.nl -
  rank 263: block 128x160x96 at [2176, 160, 288]  tcn1049.local.snellius.surf.nl -
  rank 264: block 64x160x192 at [1920, 320, 0]  tcn1049.local.snellius.surf.nl -
  rank 265: block 128x160x96 at [1984, 320, 0]  tcn1049.local.snellius.surf.nl -
  rank 266: block 128x160x96 at [1984, 320, 96]  tcn1049.local.snellius.surf.nl -
  rank 267: block 64x160x192 at [1920, 480, 0]  tcn1049.local.snellius.surf.nl -
  rank 268: block 128x160x96 at [1984, 480, 0]  tcn1049.local.snellius.surf.nl -
  rank 269: block 128x160x96 at [1984, 480, 96]  tcn1049.local.snellius.surf.nl -
  rank 270: block 64x160x192 at [1920, 320, 192]  tcn1049.local.snellius.surf.nl -
  rank 271: block 128x160x96 at [1984, 320, 192]  tcn1049.local.snellius.surf.nl -
  rank 272: block 128x160x96 at [1984, 320, 288]  tcn1049.local.snellius.surf.nl -
  rank 273: block 64x160x192 at [1920, 480, 192]  tcn1049.local.snellius.surf.nl -
  rank 274: block 128x160x96 at [1984, 480, 192]  tcn1049.local.snellius.surf.nl -
  rank 275: block 128x160x96 at [1984, 480, 288]  tcn1049.local.snellius.surf.nl -
  rank 276: block 64x160x192 at [2112, 320, 0]  tcn1049.local.snellius.surf.nl -
  rank 277: block 128x160x96 at [2176, 320, 0]  tcn1049.local.snellius.surf.nl -
  rank 278: block 128x160x96 at [2176, 320, 96]  tcn1049.local.snellius.surf.nl -
  rank 279: block 64x160x192 at [2112, 480, 0]  tcn1049.local.snellius.surf.nl -
  rank 280: block 128x160x96 at [2176, 480, 0]  tcn1049.local.snellius.surf.nl -
  rank 281: block 128x160x96 at [2176, 480, 96]  tcn1049.local.snellius.surf.nl -
  rank 282: block 64x160x192 at [2112, 320, 192]  tcn1049.local.snellius.surf.nl -
  rank 283: block 128x160x96 at [2176, 320, 192]  tcn1049.local.snellius.surf.nl -
  rank 284: block 128x160x96 at [2176, 320, 288]  tcn1049.local.snellius.surf.nl -
  rank 285: block 64x160x192 at [2112, 480, 192]  tcn1049.local.snellius.surf.nl -
  rank 286: block 128x160x96 at [2176, 480, 192]  tcn1049.local.snellius.surf.nl -
  rank 287: block 128x160x96 at [2176, 480, 288]  tcn1049.local.snellius.surf.nl -
  rank 288: block 64x160x192 at [2304, 0, 0]  tcn1050.local.snellius.surf.nl -
  rank 289: block 128x160x96 at [2368, 0, 0]  tcn1050.local.snellius.surf.nl -
  rank 290: block 128x160x96 at [2368, 0, 96]  tcn1050.local.snellius.surf.nl -
  rank 291: block 64x160x192 at [2304, 160, 0]  tcn1050.local.snellius.surf.nl -
  rank 292: block 128x160x96 at [2368, 160, 0]  tcn1050.local.snellius.surf.nl -
  rank 293: block 128x160x96 at [2368, 160, 96]  tcn1050.local.snellius.surf.nl -
  rank 294: block 64x160x192 at [2304, 0, 192]  tcn1050.local.snellius.surf.nl -
  rank 295: block 128x160x96 at [2368, 0, 192]  tcn1050.local.snellius.surf.nl -
  rank 296: block 128x160x96 at [2368, 0, 288]  tcn1050.local.snellius.surf.nl -
  rank 297: block 64x160x192 at [2304, 160, 192]  tcn1050.local.snellius.surf.nl -
  rank 298: block 128x160x96 at [2368, 160, 192]  tcn1050.local.snellius.surf.nl -
  rank 299: block 128x160x96 at [2368, 160, 288]  tcn1050.local.snellius.surf.nl -
  rank 300: block 64x160x192 at [2496, 0, 0]  tcn1050.local.snellius.surf.nl -
  rank 301: block 128x160x96 at [2560, 0, 0]  tcn1050.local.snellius.surf.nl -
  rank 302: block 128x160x96 at [2560, 0, 96]  tcn1050.local.snellius.surf.nl -
  rank 303: block 64x160x192 at [2496, 160, 0]  tcn1050.local.snellius.surf.nl -
  rank 304: block 128x160x96 at [2560, 160, 0]  tcn1050.local.snellius.surf.nl -
  rank 305: block 128x160x96 at [2560, 160, 96]  tcn1050.local.snellius.surf.nl -
  rank 306: block 64x160x192 at [2496, 0, 192]  tcn1050.local.snellius.surf.nl -
  rank 307: block 128x160x96 at [2560, 0, 192]  tcn1050.local.snellius.surf.nl -
  rank 308: block 128x160x96 at [2560, 0, 288]  tcn1050.local.snellius.surf.nl -
  rank 309: block 64x160x192 at [2496, 160, 192]  tcn1050.local.snellius.surf.nl -
  rank 310: block 128x160x96 at [2560, 160, 192]  tcn1050.local.snellius.surf.nl -
  rank 311: block 128x160x96 at [2560, 160, 288]  tcn1050.local.snellius.surf.nl -
  rank 312: block 64x160x192 at [2304, 320, 0]  tcn1050.local.snellius.surf.nl -
  rank 313: block 128x160x96 at [2368, 320, 0]  tcn1050.local.snellius.surf.nl -
  rank 314: block 128x160x96 at [2368, 320, 96]  tcn1050.local.snellius.surf.nl -
  rank 315: block 64x160x192 at [2304, 480, 0]  tcn1050.local.snellius.surf.nl -
  rank 316: block 128x160x96 at [2368, 480, 0]  tcn1050.local.snellius.surf.nl -
  rank 317: block 128x160x96 at [2368, 480, 96]  tcn1050.local.snellius.surf.nl -
  rank 318: block 64x160x192 at [2304, 320, 192]  tcn1050.local.snellius.surf.nl -
  rank 319: block 128x160x96 at [2368, 320, 192]  tcn1050.local.snellius.surf.nl -
  rank 320: block 128x160x96 at [2368, 320, 288]  tcn1050.local.snellius.surf.nl -
  rank 321: block 64x160x192 at [2304, 480, 192]  tcn1050.local.snellius.surf.nl -
  rank 322: block 128x160x96 at [2368, 480, 192]  tcn1050.local.snellius.surf.nl -
  rank 323: block 128x160x96 at [2368, 480, 288]  tcn1050.local.snellius.surf.nl -
  rank 324: block 64x160x192 at [2496, 320, 0]  tcn1050.local.snellius.surf.nl -
  rank 325: block 128x160x96 at [2560, 320, 0]  tcn1050.local.snellius.surf.nl -
  rank 326: block 128x160x96 at [2560, 320, 96]  tcn1050.local.snellius.surf.nl -
  rank 327: block 64x160x192 at [2496, 480, 0]  tcn1050.local.snellius.surf.nl -
  rank 328: block 128x160x96 at [2560, 480, 0]  tcn1050.local.snellius.surf.nl -
  rank 329: block 128x160x96 at [2560, 480, 96]  tcn1050.local.snellius.surf.nl -
  rank 330: block 64x160x192 at [2496, 320, 192]  tcn1050.local.snellius.surf.nl -
  rank 331: block 128x160x96 at [2560, 320, 192]  tcn1050.local.snellius.surf.nl -
  rank 332: block 128x160x96 at [2560, 320, 288]  tcn1050.local.snellius.surf.nl -
  rank 333: block 64x160x192 at [2496, 480, 192]  tcn1050.local.snellius.surf.nl -
  rank 334: block 128x160x96 at [2560, 480, 192]  tcn1050.local.snellius.surf.nl -
  rank 335: block 128x160x96 at [2560, 480, 288]  tcn1050.local.snellius.surf.nl -
  rank 336: block 64x160x192 at [2688, 0, 0]  tcn1050.local.snellius.surf.nl -
  rank 337: block 128x160x96 at [2752, 0, 0]  tcn1050.local.snellius.surf.nl -
  rank 338: block 128x160x96 at [2752, 0, 96]  tcn1050.local.snellius.surf.nl -
  rank 339: block 64x160x192 at [2688, 160, 0]  tcn1050.local.snellius.surf.nl -
  rank 340: block 128x160x96 at [2752, 160, 0]  tcn1050.local.snellius.surf.nl -
  rank 341: block 128x160x96 at [2752, 160, 96]  tcn1050.local.snellius.surf.nl -
  rank 342: block 64x160x192 at [2688, 0, 192]  tcn1050.local.snellius.surf.nl -
  rank 343: block 128x160x96 at [2752, 0, 192]  tcn1050.local.snellius.surf.nl -
  rank 344: block 128x160x96 at [2752, 0, 288]  tcn1050.local.snellius.surf.nl -
  rank 345: block 64x160x192 at [2688, 160, 192]  tcn1050.local.snellius.surf.nl -
  rank 346: block 128x160x96 at [2752, 160, 192]  tcn1050.local.snellius.surf.nl -
  rank 347: block 128x160x96 at [2752, 160, 288]  tcn1050.local.snellius.surf.nl -
  rank 348: block 64x160x192 at [2880, 0, 0]  tcn1050.local.snellius.surf.nl -
  rank 349: block 128x160x96 at [2944, 0, 0]  tcn1050.local.snellius.surf.nl -
  rank 350: block 128x160x96 at [2944, 0, 96]  tcn1050.local.snellius.surf.nl -
  rank 351: block 64x160x192 at [2880, 160, 0]  tcn1050.local.snellius.surf.nl -
  rank 352: block 128x160x96 at [2944, 160, 0]  tcn1050.local.snellius.surf.nl -
  rank 353: block 128x160x96 at [2944, 160, 96]  tcn1050.local.snellius.surf.nl -
  rank 354: block 64x160x192 at [2880, 0, 192]  tcn1050.local.snellius.surf.nl -
  rank 355: block 128x160x96 at [2944, 0, 192]  tcn1050.local.snellius.surf.nl -
  rank 356: block 128x160x96 at [2944, 0, 288]  tcn1050.local.snellius.surf.nl -
  rank 357: block 64x160x192 at [2880, 160, 192]  tcn1050.local.snellius.surf.nl -
  rank 358: block 128x160x96 at [2944, 160, 192]  tcn1050.local.snellius.surf.nl -
  rank 359: block 128x160x96 at [2944, 160, 288]  tcn1050.local.snellius.surf.nl -
  rank 360: block 64x160x192 at [2688, 320, 0]  tcn1050.local.snellius.surf.nl -
  rank 361: block 128x160x96 at [2752, 320, 0]  tcn1050.local.snellius.surf.nl -
  rank 362: block 128x160x96 at [2752, 320, 96]  tcn1050.local.snellius.surf.nl -
  rank 363: block 64x160x192 at [2688, 480, 0]  tcn1050.local.snellius.surf.nl -
  rank 364: block 128x160x96 at [2752, 480, 0]  tcn1050.local.snellius.surf.nl -
  rank 365: block 128x160x96 at [2752, 480, 96]  tcn1050.local.snellius.surf.nl -
  rank 366: block 64x160x192 at [2688, 320, 192]  tcn1050.local.snellius.surf.nl -
  rank 367: block 128x160x96 at [2752, 320, 192]  tcn1050.local.snellius.surf.nl -
  rank 368: block 128x160x96 at [2752, 320, 288]  tcn1050.local.snellius.surf.nl -
  rank 369: block 64x160x192 at [2688, 480, 192]  tcn1050.local.snellius.surf.nl -
  rank 370: block 128x160x96 at [2752, 480, 192]  tcn1050.local.snellius.surf.nl -
  rank 371: block 128x160x96 at [2752, 480, 288]  tcn1050.local.snellius.surf.nl -
  rank 372: block 64x160x192 at [2880, 320, 0]  tcn1050.local.snellius.surf.nl -
  rank 373: block 128x160x96 at [2944, 320, 0]  tcn1050.local.snellius.surf.nl -
  rank 374: block 128x160x96 at [2944, 320, 96]  tcn1050.local.snellius.surf.nl -
  rank 375: block 64x160x192 at [2880, 480, 0]  tcn1050.local.snellius.surf.nl -
  rank 376: block 128x160x96 at [2944, 480, 0]  tcn1050.local.snellius.surf.nl -
  rank 377: block 128x160x96 at [2944, 480, 96]  tcn1050.local.snellius.surf.nl -
  rank 378: block 64x160x192 at [2880, 320, 192]  tcn1050.local.snellius.surf.nl -
  rank 379: block 128x160x96 at [2944, 320, 192]  tcn1050.local.snellius.surf.nl -
  rank 380: block 128x160x96 at [2944, 320, 288]  tcn1050.local.snellius.surf.nl -
  rank 381: block 64x160x192 at [2880, 480, 192]  tcn1050.local.snellius.surf.nl -
  rank 382: block 128x160x96 at [2944, 480, 192]  tcn1050.local.snellius.surf.nl -
  rank 383: block 128x160x96 at [2944, 480, 288]  tcn1050.local.snellius.surf.nl -
[result] 4516.8 ms/step  167.1 Mcell/s  pressure iters/step 8.1
[phases, rank-max ms/step] step=4516.7  predictor=554.9  momentum=656.0  projection=3417.3  pressure_allreduce=329.7  allreduce_count=43
[out] /gpfs/work4/0/prjs1022/peclet/peclet-examples/benchmarks/parallel-scaling/snellius/results/snellius-genoa/weak_n4_r96_t2_r3.json
