[cfg] global 3072x640x384 = 755.0M cells  tile=64  Re=100 nu=0.64 dt=0.2  ranks=48  backend=OpenMP  pressure=pcg(maxit=200,rtol=1e-05,levels=5,warmstart=1)  adv=SOU  steps=5+15
  rank 0: block 128x320x384 at [0, 0, 0]  tcn1165.local.snellius.surf.nl -
  rank 1: block 256x320x192 at [128, 0, 0]  tcn1165.local.snellius.surf.nl -
  rank 2: block 256x320x192 at [128, 0, 192]  tcn1165.local.snellius.surf.nl -
  rank 3: block 128x320x384 at [0, 320, 0]  tcn1165.local.snellius.surf.nl -
  rank 4: block 256x320x192 at [128, 320, 0]  tcn1165.local.snellius.surf.nl -
  rank 5: block 256x320x192 at [128, 320, 192]  tcn1165.local.snellius.surf.nl -
  rank 6: block 128x320x384 at [384, 0, 0]  tcn1165.local.snellius.surf.nl -
  rank 7: block 256x320x192 at [512, 0, 0]  tcn1165.local.snellius.surf.nl -
  rank 8: block 256x320x192 at [512, 0, 192]  tcn1165.local.snellius.surf.nl -
  rank 9: block 128x320x384 at [384, 320, 0]  tcn1165.local.snellius.surf.nl -
  rank 10: block 256x320x192 at [512, 320, 0]  tcn1165.local.snellius.surf.nl -
  rank 11: block 256x320x192 at [512, 320, 192]  tcn1165.local.snellius.surf.nl -
  rank 12: block 128x320x384 at [768, 0, 0]  tcn1167.local.snellius.surf.nl -
  rank 13: block 256x320x192 at [896, 0, 0]  tcn1167.local.snellius.surf.nl -
  rank 14: block 256x320x192 at [896, 0, 192]  tcn1167.local.snellius.surf.nl -
  rank 15: block 128x320x384 at [768, 320, 0]  tcn1167.local.snellius.surf.nl -
  rank 16: block 256x320x192 at [896, 320, 0]  tcn1167.local.snellius.surf.nl -
  rank 17: block 256x320x192 at [896, 320, 192]  tcn1167.local.snellius.surf.nl -
  rank 18: block 128x320x384 at [1152, 0, 0]  tcn1167.local.snellius.surf.nl -
  rank 19: block 256x320x192 at [1280, 0, 0]  tcn1167.local.snellius.surf.nl -
  rank 20: block 256x320x192 at [1280, 0, 192]  tcn1167.local.snellius.surf.nl -
  rank 21: block 128x320x384 at [1152, 320, 0]  tcn1167.local.snellius.surf.nl -
  rank 22: block 256x320x192 at [1280, 320, 0]  tcn1167.local.snellius.surf.nl -
  rank 23: block 256x320x192 at [1280, 320, 192]  tcn1167.local.snellius.surf.nl -
  rank 24: block 128x320x384 at [1536, 0, 0]  tcn1171.local.snellius.surf.nl -
  rank 25: block 256x320x192 at [1664, 0, 0]  tcn1171.local.snellius.surf.nl -
  rank 26: block 256x320x192 at [1664, 0, 192]  tcn1171.local.snellius.surf.nl -
  rank 27: block 128x320x384 at [1536, 320, 0]  tcn1171.local.snellius.surf.nl -
  rank 28: block 256x320x192 at [1664, 320, 0]  tcn1171.local.snellius.surf.nl -
  rank 29: block 256x320x192 at [1664, 320, 192]  tcn1171.local.snellius.surf.nl -
  rank 30: block 128x320x384 at [1920, 0, 0]  tcn1171.local.snellius.surf.nl -
  rank 31: block 256x320x192 at [2048, 0, 0]  tcn1171.local.snellius.surf.nl -
  rank 32: block 256x320x192 at [2048, 0, 192]  tcn1171.local.snellius.surf.nl -
  rank 33: block 128x320x384 at [1920, 320, 0]  tcn1171.local.snellius.surf.nl -
  rank 34: block 256x320x192 at [2048, 320, 0]  tcn1171.local.snellius.surf.nl -
  rank 35: block 256x320x192 at [2048, 320, 192]  tcn1171.local.snellius.surf.nl -
  rank 36: block 128x320x384 at [2304, 0, 0]  tcn1172.local.snellius.surf.nl -
  rank 37: block 256x320x192 at [2432, 0, 0]  tcn1172.local.snellius.surf.nl -
  rank 38: block 256x320x192 at [2432, 0, 192]  tcn1172.local.snellius.surf.nl -
  rank 39: block 128x320x384 at [2304, 320, 0]  tcn1172.local.snellius.surf.nl -
  rank 40: block 256x320x192 at [2432, 320, 0]  tcn1172.local.snellius.surf.nl -
  rank 41: block 256x320x192 at [2432, 320, 192]  tcn1172.local.snellius.surf.nl -
  rank 42: block 128x320x384 at [2688, 0, 0]  tcn1172.local.snellius.surf.nl -
  rank 43: block 256x320x192 at [2816, 0, 0]  tcn1172.local.snellius.surf.nl -
  rank 44: block 256x320x192 at [2816, 0, 192]  tcn1172.local.snellius.surf.nl -
  rank 45: block 128x320x384 at [2688, 320, 0]  tcn1172.local.snellius.surf.nl -
  rank 46: block 256x320x192 at [2816, 320, 0]  tcn1172.local.snellius.surf.nl -
  rank 47: block 256x320x192 at [2816, 320, 192]  tcn1172.local.snellius.surf.nl -
[run] warmup 5 steps...
[run] warmup 1/5 done
[run] warmup 2/5 done
[run] warmup 3/5 done
[run] warmup 4/5 done
[run] warmup 5/5 done
[run] step 3/15
[run] step 6/15
[run] step 9/15
[run] step 12/15
[run] step 15/15
[result] 3357.5 ms/step  224.9 Mcell/s  pressure iters/step 4.0
[phases, rank-max ms/step] step=3357.4  predictor=550.5  momentum=737.7  projection=2192.5  pressure_allreduce=229.6  allreduce_count=23
[out] /gpfs/work4/0/prjs1022/peclet/peclet-examples/benchmarks/parallel-scaling/snellius/results/snellius-genoa/weak_n4_r12_t16_mgfix.json
