[cfg] global 1536x640x384 = 377.5M cells  tile=64  Re=100 nu=0.64 dt=0.2  ranks=24  backend=OpenMP  pressure=pcg(maxit=200,rtol=1e-05,levels=5,warmstart=1)  adv=SOU  steps=5+15
  rank 0: block 128x320x384 at [0, 0, 0]  tcn911.local.snellius.surf.nl -
  rank 1: block 256x320x192 at [128, 0, 0]  tcn911.local.snellius.surf.nl -
  rank 2: block 256x320x192 at [128, 0, 192]  tcn911.local.snellius.surf.nl -
  rank 3: block 128x320x384 at [0, 320, 0]  tcn911.local.snellius.surf.nl -
  rank 4: block 256x320x192 at [128, 320, 0]  tcn911.local.snellius.surf.nl -
  rank 5: block 256x320x192 at [128, 320, 192]  tcn911.local.snellius.surf.nl -
  rank 6: block 128x320x384 at [384, 0, 0]  tcn911.local.snellius.surf.nl -
  rank 7: block 256x320x192 at [512, 0, 0]  tcn911.local.snellius.surf.nl -
  rank 8: block 256x320x192 at [512, 0, 192]  tcn911.local.snellius.surf.nl -
  rank 9: block 128x320x384 at [384, 320, 0]  tcn911.local.snellius.surf.nl -
  rank 10: block 256x320x192 at [512, 320, 0]  tcn911.local.snellius.surf.nl -
  rank 11: block 256x320x192 at [512, 320, 192]  tcn911.local.snellius.surf.nl -
  rank 12: block 128x320x384 at [768, 0, 0]  tcn912.local.snellius.surf.nl -
  rank 13: block 256x320x192 at [896, 0, 0]  tcn912.local.snellius.surf.nl -
  rank 14: block 256x320x192 at [896, 0, 192]  tcn912.local.snellius.surf.nl -
  rank 15: block 128x320x384 at [768, 320, 0]  tcn912.local.snellius.surf.nl -
  rank 16: block 256x320x192 at [896, 320, 0]  tcn912.local.snellius.surf.nl -
  rank 17: block 256x320x192 at [896, 320, 192]  tcn912.local.snellius.surf.nl -
  rank 18: block 128x320x384 at [1152, 0, 0]  tcn912.local.snellius.surf.nl -
  rank 19: block 256x320x192 at [1280, 0, 0]  tcn912.local.snellius.surf.nl -
  rank 20: block 256x320x192 at [1280, 0, 192]  tcn912.local.snellius.surf.nl -
  rank 21: block 128x320x384 at [1152, 320, 0]  tcn912.local.snellius.surf.nl -
  rank 22: block 256x320x192 at [1280, 320, 0]  tcn912.local.snellius.surf.nl -
  rank 23: block 256x320x192 at [1280, 320, 192]  tcn912.local.snellius.surf.nl -
[run] warmup 5 steps...
[run] warmup 1/5 done
[run] warmup 2/5 done
[run] warmup 3/5 done
[run] warmup 4/5 done
[run] warmup 5/5 done
[run] step 3/15
[run] step 6/15
[run] step 9/15
[run] step 12/15
[run] step 15/15
[result] 3451.3 ms/step  109.4 Mcell/s  pressure iters/step 4.0
[phases, rank-max ms/step] step=3451.2  predictor=499.5  momentum=760.7  projection=2243.7  pressure_allreduce=233.6  allreduce_count=23
[out] /gpfs/work4/0/prjs1022/peclet/peclet-examples/benchmarks/parallel-scaling/snellius/results/snellius-genoa/weak_n2_r12_t16_mgfix.json
