[snellius_env] GCCcore/13.3.0 GCC/13.3.0 OpenMPI/5.0.3-GCC-13.3.0 gompi/2024a CUDA/12.6.0 UCX-CUDA/1.16.0-GCCcore-13.3.0-CUDA-12.6.0 Python/3.12.3-GCCcore-13.3.0 
scaling problem: 804x128x268 = 28M cells (fixed; strong scaling)
=================  1 GPU(s)  =================
  [FAILED N=1] tail of scale_N1.log:
    [gcn97:1773617] Signal: Aborted (6)
    [gcn97:1773617] Signal code:  (-6)
    [gcn97:1773617] [ 0] /lib64/libc.so.6(+0x3fc60)[0x1476c61f0c60]
    [gcn97:1773617] [ 1] /lib64/libc.so.6(+0x8d4bc)[0x1476c623e4bc]
    [gcn97:1773617] [ 2] /lib64/libc.so.6(raise+0x16)[0x1476c61f0bb6]
    [gcn97:1773617] [ 3] /lib64/libc.so.6(abort+0xd3)[0x1476c61da873]
    [gcn97:1773617] [ 4] /projects/0/prjs1022/peclet/suite/flow/build_cuda_mpi/peclet/flow/_flow.cpython-312-x86_64-linux-gnu.so(_ZN6Kokkos4Impl10host_abortEPKc+0x49)[0x147684c5de59]
    [gcn97:1773617] [ 5] /projects/0/prjs1022/peclet/suite/flow/build_cuda_mpi/peclet/flow/_flow.cpython-312-x86_64-linux-gnu.so(_ZN6Kokkos4Impl22SharedAllocationRecordIvvE9decrementEPS2_+0xf7)[0x147684c7dab7]
    [gcn97:1773617] [ 6] /projects/0/prjs1022/peclet/suite/flow/build_cuda_mpi/peclet/flow/_flow.cpython-312-x86_64-linux-gnu.so(+0xe4fb5)[0x147684b18fb5]
    [gcn97:1773617] [ 7] /projects/0/prjs1022/peclet/suite/flow/build_cuda_mpi/peclet/flow/_flow.cpython-312-x86_64-linux-gnu.so(+0x1338cf)[0x147684b678cf]
    [gcn97:1773617] [ 8] /projects/0/prjs1022/peclet/suite/flow/build_cuda_mpi/peclet/flow/_flow.cpython-312-x86_64-linux-gnu.so(+0x220925)[0x147684c54925]
    [gcn97:1773617] [ 9] /sw/arch/RHEL9/EB_production/2024/software/Python/3.12.3-GCCcore-13.3.0/lib/libpython3.12.so.1.0(+0x20602f)[0x1476c66b302f]
    [gcn97:1773617] [10] /sw/arch/RHEL9/EB_production/2024/software/Python/3.12.3-GCCcore-13.3.0/lib/libpython3.12.so.1.0(+0x2da046)[0x1476c6787046]
    [gcn97:1773617] [11] /sw/arch/RHEL9/EB_production/2024/software/Python/3.12.3-GCCcore-13.3.0/lib/libpython3.12.so.1.0(+0x2135aa)[0x1476c66c05aa]
    [gcn97:1773617] [12] /sw/arch/RHEL9/EB_production/2024/software/Python/3.12.3-GCCcore-13.3.0/lib/libpython3.12.so.1.0(+0x2f60fc)[0x1476c67a30fc]
    [gcn97:1773617] [13] /sw/arch/RHEL9/EB_production/2024/software/Python/3.12.3-GCCcore-13.3.0/lib/libpython3.12.so.1.0(+0x2f59ed)[0x1476c67a29ed]
    [gcn97:1773617] [14] /sw/arch/RHEL9/EB_production/2024/software/Python/3.12.3-GCCcore-13.3.0/lib/libpython3.12.so.1.0(Py_FinalizeEx+0x185)[0x1476c678c795]
    [gcn97:1773617] [15] /sw/arch/RHEL9/EB_production/2024/software/Python/3.12.3-GCCcore-13.3.0/lib/libpython3.12.so.1.0(Py_RunMain+0x380)[0x1476c679a8d0]
    [gcn97:1773617] [16] /sw/arch/RHEL9/EB_production/2024/software/Python/3.12.3-GCCcore-13.3.0/lib/libpython3.12.so.1.0(Py_BytesMain+0x27)[0x1476c67551f7]
    [gcn97:1773617] [17] /lib64/libc.so.6(+0x2a610)[0x1476c61db610]
    [gcn97:1773617] [18] /lib64/libc.so.6(__libc_start_main+0x80)[0x1476c61db6c0]
    [gcn97:1773617] [19] /projects/0/prjs1022/peclet/suite/flow/.venv/bin/python(_start+0x25)[0x401065]
    [gcn97:1773617] *** End of error message ***
    srun: error: gcn97: task 0: Aborted (core dumped)
    srun: Terminating StepId=24983386.0
=================  2 GPU(s)  =================
  [FAILED N=2] tail of scale_N2.log:
    [gcn138:3093369] Signal code:  (-6)
    [gcn138:3093369] [ 0] /lib64/libc.so.6(+0x3fc60)[0x153291b48c60]
    [gcn138:3093369] [ 1] /lib64/libc.so.6(+0x8d4bc)[0x153291b964bc]
    [gcn138:3093369] [ 2] /lib64/libc.so.6(raise+0x16)[0x153291b48bb6]
    [gcn138:3093369] [ 3] /lib64/libc.so.6(abort+0xd3)[0x153291b32873]
    [gcn138:3093369] [ 4] /projects/0/prjs1022/peclet/suite/flow/build_cuda_mpi/peclet/flow/_flow.cpython-312-x86_64-linux-gnu.so(_ZN6Kokkos4Impl10host_abortEPKc+0x49)[0x1532545cbe59]
    [gcn138:3093369] [ 5] /projects/0/prjs1022/peclet/suite/flow/build_cuda_mpi/peclet/flow/_flow.cpython-312-x86_64-linux-gnu.so(_ZN6Kokkos4Impl22SharedAllocationRecordIvvE9decrementEPS2_+0xf7)[0x1532545ebab7]
    [gcn138:3093369] [ 6] /projects/0/prjs1022/peclet/suite/flow/build_cuda_mpi/peclet/flow/_flow.cpython-312-x86_64-linux-gnu.so(+0xe4fb5)[0x153254486fb5]
    [gcn138:3093369] [ 7] /projects/0/prjs1022/peclet/suite/flow/build_cuda_mpi/peclet/flow/_flow.cpython-312-x86_64-linux-gnu.so(+0x1338cf)[0x1532544d58cf]
    [gcn138:3093369] [ 8] /projects/0/prjs1022/peclet/suite/flow/build_cuda_mpi/peclet/flow/_flow.cpython-312-x86_64-linux-gnu.so(+0x220925)[0x1532545c2925]
    [gcn138:3093369] [ 9] /sw/arch/RHEL9/EB_production/2024/software/Python/3.12.3-GCCcore-13.3.0/lib/libpython3.12.so.1.0(+0x20602f)[0x15329200b02f]
    [gcn138:3093369] [10] /sw/arch/RHEL9/EB_production/2024/software/Python/3.12.3-GCCcore-13.3.0/lib/libpython3.12.so.1.0(+0x2da046)[0x1532920df046]
    [gcn138:3093369] [11] /sw/arch/RHEL9/EB_production/2024/software/Python/3.12.3-GCCcore-13.3.0/lib/libpython3.12.so.1.0(+0x2135aa)[0x1532920185aa]
    [gcn138:3093369] [12] /sw/arch/RHEL9/EB_production/2024/software/Python/3.12.3-GCCcore-13.3.0/lib/libpython3.12.so.1.0(+0x2f60fc)[0x1532920fb0fc]
    [gcn138:3093369] [13] /sw/arch/RHEL9/EB_production/2024/software/Python/3.12.3-GCCcore-13.3.0/lib/libpython3.12.so.1.0(+0x2f59ed)[0x1532920fa9ed]
    [gcn138:3093369] [14] /sw/arch/RHEL9/EB_production/2024/software/Python/3.12.3-GCCcore-13.3.0/lib/libpython3.12.so.1.0(Py_FinalizeEx+0x185)[0x1532920e4795]
    [gcn138:3093369] [15] /sw/arch/RHEL9/EB_production/2024/software/Python/3.12.3-GCCcore-13.3.0/lib/libpython3.12.so.1.0(Py_RunMain+0x380)[0x1532920f28d0]
    [gcn138:3093369] [16] /sw/arch/RHEL9/EB_production/2024/software/Python/3.12.3-GCCcore-13.3.0/lib/libpython3.12.so.1.0(Py_BytesMain+0x27)[0x1532920ad1f7]
    [gcn138:3093369] [17] /lib64/libc.so.6(+0x2a610)[0x153291b33610]
    [gcn138:3093369] [18] /lib64/libc.so.6(__libc_start_main+0x80)[0x153291b336c0]
    [gcn138:3093369] [19] /projects/0/prjs1022/peclet/suite/flow/.venv/bin/python(_start+0x25)[0x401065]
    [gcn138:3093369] *** End of error message ***
    srun: error: gcn97: task 0: Aborted (core dumped)
    srun: Terminating StepId=24983386.1
    srun: error: gcn138: task 1: Aborted (core dumped)
=================  4 GPU(s)  =================
  [FAILED N=4] tail of scale_N4.log:
    [gcn138:3093442] [ 0] /lib64/libc.so.6(+0x3fc60)[0x154eb6fb0c60]
    [gcn138:3093442] [ 1] /lib64/libc.so.6(+0x8d4bc)[0x154eb6ffe4bc]
    [gcn138:3093442] [ 2] /lib64/libc.so.6(raise+0x16)[0x154eb6fb0bb6]
    [gcn138:3093442] [ 3] /lib64/libc.so.6(abort+0xd3)[0x154eb6f9a873]
    [gcn138:3093442] [ 4] /projects/0/prjs1022/peclet/suite/flow/build_cuda_mpi/peclet/flow/_flow.cpython-312-x86_64-linux-gnu.so(_ZN6Kokkos4Impl10host_abortEPKc+0x49)[0x154e74425e59]
    [gcn138:3093442] [ 5] /projects/0/prjs1022/peclet/suite/flow/build_cuda_mpi/peclet/flow/_flow.cpython-312-x86_64-linux-gnu.so(_ZN6Kokkos4Impl22SharedAllocationRecordIvvE9decrementEPS2_+0xf7)[0x154e74445ab7]
    [gcn138:3093442] [ 6] /projects/0/prjs1022/peclet/suite/flow/build_cuda_mpi/peclet/flow/_flow.cpython-312-x86_64-linux-gnu.so(+0xe4fb5)[0x154e742e0fb5]
    [gcn138:3093442] [ 7] /projects/0/prjs1022/peclet/suite/flow/build_cuda_mpi/peclet/flow/_flow.cpython-312-x86_64-linux-gnu.so(+0x1338cf)[0x154e7432f8cf]
    [gcn138:3093442] [ 8] /projects/0/prjs1022/peclet/suite/flow/build_cuda_mpi/peclet/flow/_flow.cpython-312-x86_64-linux-gnu.so(+0x220925)[0x154e7441c925]
    [gcn138:3093442] [ 9] /sw/arch/RHEL9/EB_production/2024/software/Python/3.12.3-GCCcore-13.3.0/lib/libpython3.12.so.1.0(+0x20602f)[0x154eb747302f]
    [gcn138:3093442] [10] /sw/arch/RHEL9/EB_production/2024/software/Python/3.12.3-GCCcore-13.3.0/lib/libpython3.12.so.1.0(+0x2da046)[0x154eb7547046]
    [gcn138:3093442] [11] /sw/arch/RHEL9/EB_production/2024/software/Python/3.12.3-GCCcore-13.3.0/lib/libpython3.12.so.1.0(+0x2135aa)[0x154eb74805aa]
    [gcn138:3093442] [12] /sw/arch/RHEL9/EB_production/2024/software/Python/3.12.3-GCCcore-13.3.0/lib/libpython3.12.so.1.0(+0x2f60fc)[0x154eb75630fc]
    [gcn138:3093442] [13] /sw/arch/RHEL9/EB_production/2024/software/Python/3.12.3-GCCcore-13.3.0/lib/libpython3.12.so.1.0(+0x2f59ed)[0x154eb75629ed]
    [gcn138:3093442] [14] /sw/arch/RHEL9/EB_production/2024/software/Python/3.12.3-GCCcore-13.3.0/lib/libpython3.12.so.1.0(Py_FinalizeEx+0x185)[0x154eb754c795]
    [gcn138:3093442] [15] /sw/arch/RHEL9/EB_production/2024/software/Python/3.12.3-GCCcore-13.3.0/lib/libpython3.12.so.1.0(Py_RunMain+0x380)[0x154eb755a8d0]
    [gcn138:3093442] [16] /sw/arch/RHEL9/EB_production/2024/software/Python/3.12.3-GCCcore-13.3.0/lib/libpython3.12.so.1.0(Py_BytesMain+0x27)[0x154eb75151f7]
    [gcn138:3093442] [17] /lib64/libc.so.6(+0x2a610)[0x154eb6f9b610]
    [gcn138:3093442] [18] /lib64/libc.so.6(__libc_start_main+0x80)[0x154eb6f9b6c0]
    [gcn138:3093442] [19] /projects/0/prjs1022/peclet/suite/flow/.venv/bin/python(_start+0x25)[0x401065]
    [gcn138:3093442] *** End of error message ***
    srun: error: gcn97: tasks 0-1: Aborted (core dumped)
    srun: Terminating StepId=24983386.2
    [2026-07-28T10:18:43.715] error: --task-epilog failed status=15
    srun: error: gcn138: tasks 2-3: Aborted (core dumped)
=================  8 GPU(s)  =================
  [FAILED N=8] tail of scale_N8.log:
    [gcn138:3093543] [16] /sw/arch/RHEL9/EB_production/2024/software/Python/3.12.3-GCCcore-13.3.0/lib/libpython3.12.so.1.0(Py_BytesMain+0x27)[0x15403d93d1f7]
    [gcn138:3093543] [17] /lib64/libc.so.6(+0x2a610)[0x15403d3c3610]
    [gcn138:3093544] [ 6] /projects/0/prjs1022/peclet/suite/flow/build_cuda_mpi/peclet/flow/_flow.cpython-312-x86_64-linux-gnu.so(+0xe4fb5)[0x14d528181fb5]
    [gcn138:3093544] [ 7] /projects/0/prjs1022/peclet/suite/flow/build_cuda_mpi/peclet/flow/_flow.cpython-312-x86_64-linux-gnu.so(+0x1338cf)[0x14d5281d08cf]
    [gcn138:3093544] [ 8] /projects/0/prjs1022/peclet/suite/flow/build_cuda_mpi/peclet/flow/_flow.cpython-312-x86_64-linux-gnu.so(+0x220925)[0x14d5282bd925]
    [gcn138:3093543] [18] /lib64/libc.so.6(__libc_start_main+0x80)[0x15403d3c36c0]
    [gcn138:3093543] [19] /projects/0/prjs1022/peclet/suite/flow/.venv/bin/python(_start+0x25)[0x401065]
    [gcn138:3093543] *** End of error message ***
    [gcn138:3093544] [ 9] /sw/arch/RHEL9/EB_production/2024/software/Python/3.12.3-GCCcore-13.3.0/lib/libpython3.12.so.1.0(+0x20602f)[0x14d77883202f]
    [gcn138:3093544] [10] /sw/arch/RHEL9/EB_production/2024/software/Python/3.12.3-GCCcore-13.3.0/lib/libpython3.12.so.1.0(+0x2da046)[0x14d778906046]
    [gcn138:3093544] [11] /sw/arch/RHEL9/EB_production/2024/software/Python/3.12.3-GCCcore-13.3.0/lib/libpython3.12.so.1.0(+0x2135aa)[0x14d77883f5aa]
    [gcn138:3093544] [12] /sw/arch/RHEL9/EB_production/2024/software/Python/3.12.3-GCCcore-13.3.0/lib/libpython3.12.so.1.0(+0x2f60fc)[0x14d7789220fc]
    [gcn138:3093544] [13] /sw/arch/RHEL9/EB_production/2024/software/Python/3.12.3-GCCcore-13.3.0/lib/libpython3.12.so.1.0(+0x2f59ed)[0x14d7789219ed]
    [gcn138:3093544] [14] /sw/arch/RHEL9/EB_production/2024/software/Python/3.12.3-GCCcore-13.3.0/lib/libpython3.12.so.1.0(Py_FinalizeEx+0x185)[0x14d77890b795]
    [gcn138:3093544] [15] /sw/arch/RHEL9/EB_production/2024/software/Python/3.12.3-GCCcore-13.3.0/lib/libpython3.12.so.1.0(Py_RunMain+0x380)[0x14d7789198d0]
    [gcn138:3093544] [16] /sw/arch/RHEL9/EB_production/2024/software/Python/3.12.3-GCCcore-13.3.0/lib/libpython3.12.so.1.0(Py_BytesMain+0x27)[0x14d7788d41f7]
    [gcn138:3093544] [17] /lib64/libc.so.6(+0x2a610)[0x14d77835a610]
    [gcn138:3093544] [18] /lib64/libc.so.6(__libc_start_main+0x80)[0x14d77835a6c0]
    [gcn138:3093544] [19] /projects/0/prjs1022/peclet/suite/flow/.venv/bin/python(_start+0x25)[0x401065]
    [gcn138:3093544] *** End of error message ***
    srun: error: gcn97: task 3: Aborted (core dumped)
    srun: Terminating StepId=24983386.3
    [2026-07-28T10:18:48.682] error: *** STEP 24983386.3 ON gcn97 CANCELLED AT 2026-07-28T10:18:48 DUE TO TASK FAILURE ***
    srun: error: gcn138: tasks 4-7: Aborted (core dumped)
    srun: error: gcn97: tasks 0-2: Aborted (core dumped)

From each block: the '[NN.N it/s]' at the end of the it= lines is the throughput.
ms/step = 1000 / it_per_s.  Ideal strong scaling: it/s roughly doubles 1->2->4->8 GPUs.
