srun: warning: can't run 1 processes on 2 nodes, setting nnodes to 1
[cfg] global 804x128x268 = 27.6M cells  nu=0.3556 f=0.015625 Delta+=2.812 Lx+=2261 Ly+=360 Lz+=754  ranks=1  backend=Cuda  dt=0.02 adv=SOU
  rank 0: local#0 CUDA_VISIBLE_DEVICES=0 block origin=(0,0,0) size=(804,128,268)
  [gpu-bind] CUDA_VISIBLE_DEVICES per rank = ['0']  (check: distinct within each node)
Traceback (most recent call last):
  File "/gpfs/work4/0/prjs1022/peclet/peclet-examples/examples/wall-bounded-turbulence/channel_dns_mpi.py", line 114, in <module>
    import cupy as cp; uview = cp.from_dlpack(cap)
    ^^^^^^^^^^^^^^^^^
ModuleNotFoundError: No module named 'cupy'
Kokkos allocation "cnt" is being deallocated after Kokkos::finalize was called

Backtrace:
[0x147684c7daf5] Kokkos::Impl::save_stacktrace()
[0x147684c5de4c] Kokkos::Impl::host_abort(char const*)
[0x147684c7dab7] Kokkos::Impl::SharedAllocationRecord<void, void>::decrement(Kokkos::Impl::SharedAllocationRecord<void, void>*)
[0x147684b18fb5] 
[0x147684b678cf] 
[0x147684c54925] 
[0x1476c66b302f] 
[0x1476c6787046] 
[0x1476c66c05aa] 
[0x1476c67a30fc] 
[0x1476c67a29ed] 
[0x1476c678c795] Py_FinalizeEx
[0x1476c679a8d0] Py_RunMain
[0x1476c67551f7] Py_BytesMain
[0x1476c61db610] 
[0x1476c61db6c0] __libc_start_main
[0x401065] _start
[gcn97:1773617] *** Process received signal ***
[gcn97:1773617] Signal: Aborted (6)
[gcn97:1773617] Signal code:  (-6)
[gcn97:1773617] [ 0] /lib64/libc.so.6(+0x3fc60)[0x1476c61f0c60]
[gcn97:1773617] [ 1] /lib64/libc.so.6(+0x8d4bc)[0x1476c623e4bc]
[gcn97:1773617] [ 2] /lib64/libc.so.6(raise+0x16)[0x1476c61f0bb6]
[gcn97:1773617] [ 3] /lib64/libc.so.6(abort+0xd3)[0x1476c61da873]
[gcn97:1773617] [ 4] /projects/0/prjs1022/peclet/suite/flow/build_cuda_mpi/peclet/flow/_flow.cpython-312-x86_64-linux-gnu.so(_ZN6Kokkos4Impl10host_abortEPKc+0x49)[0x147684c5de59]
[gcn97:1773617] [ 5] /projects/0/prjs1022/peclet/suite/flow/build_cuda_mpi/peclet/flow/_flow.cpython-312-x86_64-linux-gnu.so(_ZN6Kokkos4Impl22SharedAllocationRecordIvvE9decrementEPS2_+0xf7)[0x147684c7dab7]
[gcn97:1773617] [ 6] /projects/0/prjs1022/peclet/suite/flow/build_cuda_mpi/peclet/flow/_flow.cpython-312-x86_64-linux-gnu.so(+0xe4fb5)[0x147684b18fb5]
[gcn97:1773617] [ 7] /projects/0/prjs1022/peclet/suite/flow/build_cuda_mpi/peclet/flow/_flow.cpython-312-x86_64-linux-gnu.so(+0x1338cf)[0x147684b678cf]
[gcn97:1773617] [ 8] /projects/0/prjs1022/peclet/suite/flow/build_cuda_mpi/peclet/flow/_flow.cpython-312-x86_64-linux-gnu.so(+0x220925)[0x147684c54925]
[gcn97:1773617] [ 9] /sw/arch/RHEL9/EB_production/2024/software/Python/3.12.3-GCCcore-13.3.0/lib/libpython3.12.so.1.0(+0x20602f)[0x1476c66b302f]
[gcn97:1773617] [10] /sw/arch/RHEL9/EB_production/2024/software/Python/3.12.3-GCCcore-13.3.0/lib/libpython3.12.so.1.0(+0x2da046)[0x1476c6787046]
[gcn97:1773617] [11] /sw/arch/RHEL9/EB_production/2024/software/Python/3.12.3-GCCcore-13.3.0/lib/libpython3.12.so.1.0(+0x2135aa)[0x1476c66c05aa]
[gcn97:1773617] [12] /sw/arch/RHEL9/EB_production/2024/software/Python/3.12.3-GCCcore-13.3.0/lib/libpython3.12.so.1.0(+0x2f60fc)[0x1476c67a30fc]
[gcn97:1773617] [13] /sw/arch/RHEL9/EB_production/2024/software/Python/3.12.3-GCCcore-13.3.0/lib/libpython3.12.so.1.0(+0x2f59ed)[0x1476c67a29ed]
[gcn97:1773617] [14] /sw/arch/RHEL9/EB_production/2024/software/Python/3.12.3-GCCcore-13.3.0/lib/libpython3.12.so.1.0(Py_FinalizeEx+0x185)[0x1476c678c795]
[gcn97:1773617] [15] /sw/arch/RHEL9/EB_production/2024/software/Python/3.12.3-GCCcore-13.3.0/lib/libpython3.12.so.1.0(Py_RunMain+0x380)[0x1476c679a8d0]
[gcn97:1773617] [16] /sw/arch/RHEL9/EB_production/2024/software/Python/3.12.3-GCCcore-13.3.0/lib/libpython3.12.so.1.0(Py_BytesMain+0x27)[0x1476c67551f7]
[gcn97:1773617] [17] /lib64/libc.so.6(+0x2a610)[0x1476c61db610]
[gcn97:1773617] [18] /lib64/libc.so.6(__libc_start_main+0x80)[0x1476c61db6c0]
[gcn97:1773617] [19] /projects/0/prjs1022/peclet/suite/flow/.venv/bin/python(_start+0x25)[0x401065]
[gcn97:1773617] *** End of error message ***
srun: error: gcn97: task 0: Aborted (core dumped)
srun: Terminating StepId=24983386.0
