[cfg] global 804x128x268 = 27.6M cells  nu=0.3556 f=0.015625 Delta+=2.812 Lx+=2261 Ly+=360 Lz+=754  ranks=8  backend=Cuda  dt=0.02 adv=SOU
  rank 0: local#0 CUDA_VISIBLE_DEVICES=0 block origin=(0,0,0) size=(201,128,134)
  rank 1: local#1 CUDA_VISIBLE_DEVICES=1 block origin=(0,0,134) size=(201,128,134)
  rank 2: local#2 CUDA_VISIBLE_DEVICES=2 block origin=(201,0,0) size=(201,128,134)
  rank 3: local#3 CUDA_VISIBLE_DEVICES=3 block origin=(201,0,134) size=(201,128,134)
  rank 4: local#0 CUDA_VISIBLE_DEVICES=0 block origin=(402,0,0) size=(201,128,134)
  rank 5: local#1 CUDA_VISIBLE_DEVICES=1 block origin=(402,0,134) size=(201,128,134)
  rank 6: local#2 CUDA_VISIBLE_DEVICES=2 block origin=(603,0,0) size=(201,128,134)
  rank 7: local#3 CUDA_VISIBLE_DEVICES=3 block origin=(603,0,134) size=(201,128,134)
  [gpu-bind] CUDA_VISIBLE_DEVICES per rank = ['0', '1', '2', '3', '0', '1', '2', '3']  (check: distinct within each node)
Traceback (most recent call last):
  File "/gpfs/work4/0/prjs1022/peclet/peclet-examples/examples/wall-bounded-turbulence/channel_dns_mpi.py", line 114, in <module>
Traceback (most recent call last):
  File "/gpfs/work4/0/prjs1022/peclet/peclet-examples/examples/wall-bounded-turbulence/channel_dns_mpi.py", line 114, in <module>
    import cupy as cp; uview = cp.from_dlpack(cap)
    import cupy as cp; uview = cp.from_dlpack(cap)
Traceback (most recent call last):
  File "/gpfs/work4/0/prjs1022/peclet/peclet-examples/examples/wall-bounded-turbulence/channel_dns_mpi.py", line 114, in <module>
    ^^^^^^^^^^^^^^^^^
    ^^^^^^^^^^^^^^^^^
ModuleNotFoundError: No module named 'cupy'
Traceback (most recent call last):
ModuleNotFoundError: No module named 'cupy'
  File "/gpfs/work4/0/prjs1022/peclet/peclet-examples/examples/wall-bounded-turbulence/channel_dns_mpi.py", line 114, in <module>
Traceback (most recent call last):
  File "/gpfs/work4/0/prjs1022/peclet/peclet-examples/examples/wall-bounded-turbulence/channel_dns_mpi.py", line 114, in <module>
Traceback (most recent call last):
Traceback (most recent call last):
  File "/gpfs/work4/0/prjs1022/peclet/peclet-examples/examples/wall-bounded-turbulence/channel_dns_mpi.py", line 114, in <module>
  File "/gpfs/work4/0/prjs1022/peclet/peclet-examples/examples/wall-bounded-turbulence/channel_dns_mpi.py", line 114, in <module>
    import cupy as cp; uview = cp.from_dlpack(cap)
Traceback (most recent call last):
  File "/gpfs/work4/0/prjs1022/peclet/peclet-examples/examples/wall-bounded-turbulence/channel_dns_mpi.py", line 114, in <module>
    ^^^^^^^^^^^^^^^^^
ModuleNotFoundError: No module named 'cupy'
    import cupy as cp; uview = cp.from_dlpack(cap)
    import cupy as cp; uview = cp.from_dlpack(cap)
    ^^^^^^^^^^^^^^^^^
    ^^^^^^^^^^^^^^^^^
ModuleNotFoundError: No module named 'cupy'
ModuleNotFoundError: No module named 'cupy'
    import cupy as cp; uview = cp.from_dlpack(cap)
    import cupy as cp; uview = cp.from_dlpack(cap)
    ^^^^^^^^^^^^^^^^^
    import cupy as cp; uview = cp.from_dlpack(cap)
ModuleNotFoundError: No module named 'cupy'
    ^^^^^^^^^^^^^^^^^
ModuleNotFoundError: No module named 'cupy'
    ^^^^^^^^^^^^^^^^^
ModuleNotFoundError: No module named 'cupy'
Kokkos allocation "cnt" is being deallocated after Kokkos::finalize was called

Backtrace:
Kokkos allocation "cnt" is being deallocated after Kokkos::finalize was called

Backtrace:
[0x153c37701af5] Kokkos::Impl::save_stacktrace()
[0x153c376e1e4c] Kokkos::Impl::host_abort(char const*)
[0x153c37701ab7] Kokkos::Impl::SharedAllocationRecord<void, void>::decrement(Kokkos::Impl::SharedAllocationRecord<void, void>*)
[0x153c3759cfb5] 
[0x153c375eb8cf] 
[0x153c376d8925] 
[0x153e9bde102f] 
[0x153e9beb5046] 
[0x153e9bdee5aa] 
[0x153e9bed10fc] 
[0x153e9bed09ed] 
[0x153e9beba795] Py_FinalizeEx
[0x153e9bec88d0] Py_RunMain
[0x153e9be831f7] Py_BytesMain
[0x153e9b909610] 
[0x153e9b9096c0] __libc_start_main
[0x401065] _start
[gcn138:3093541] *** Process received signal ***
[gcn138:3093541] Signal: Aborted (6)
[gcn138:3093541] Signal code:  (-6)
Kokkos allocation "cnt" is being deallocated after Kokkos::finalize was called

Backtrace:
[gcn138:3093541] [ 0] /lib64/libc.so.6(+0x3fc60)[0x153e9b91ec60]
Kokkos allocation "cnt" is being deallocated after Kokkos::finalize was called

Backtrace:
[gcn138:3093541] [ 1] /lib64/libc.so.6(+0x8d4bc)[0x153e9b96c4bc]
Kokkos allocation "cnt" is being deallocated after Kokkos::finalize was called

Backtrace:
[gcn138:3093541] [ 2] /lib64/libc.so.6(raise+0x16)[0x153e9b91ebb6]
[0x15308f572af5] Kokkos::Impl::save_stacktrace()
[gcn138:3093541] [ 3] /lib64/libc.so.6(abort+0xd3)[0x153e9b908873]
[0x15308f552e4c] Kokkos::Impl::host_abort(char const*)
[gcn138:3093541] [ 4] /projects/0/prjs1022/peclet/suite/flow/build_cuda_mpi/peclet/flow/_flow.cpython-312-x86_64-linux-gnu.so(_ZN6Kokkos4Impl10host_abortEPKc+0x49)[0x153c376e1e59]
[0x15308f572ab7] Kokkos::Impl::SharedAllocationRecord<void, void>::decrement(Kokkos::Impl::SharedAllocationRecord<void, void>*)
[gcn138:3093541] [ 5] /projects/0/prjs1022/peclet/suite/flow/build_cuda_mpi/peclet/flow/_flow.cpython-312-x86_64-linux-gnu.so(_ZN6Kokkos4Impl22SharedAllocationRecordIvvE9decrementEPS2_+0xf7)[0x153c37701ab7]
[0x15308f40dfb5] 
[0x15308f45c8cf] 
[0x15308f549925] 
[0x1532f355702f] 
[gcn138:3093541] [ 6] /projects/0/prjs1022/peclet/suite/flow/build_cuda_mpi/peclet/flow/_flow.cpython-312-x86_64-linux-gnu.so(+0xe4fb5)[0x153c3759cfb5]
[0x1532f362b046] 
[0x1532f35645aa] 
[0x1532f36470fc] 
[gcn138:3093541] [ 7] /projects/0/prjs1022/peclet/suite/flow/build_cuda_mpi/peclet/flow/_flow.cpython-312-x86_64-linux-gnu.so(+0x1338cf)[0x153c375eb8cf]
[0x1532f36469ed] 
[0x1532f3630795] Py_FinalizeEx
[gcn138:3093541] [ 8] /projects/0/prjs1022/peclet/suite/flow/build_cuda_mpi/peclet/flow/_flow.cpython-312-x86_64-linux-gnu.so(+0x220925)[0x153c376d8925]
[0x1532f363e8d0] Py_RunMain
[0x1532f35f91f7] Py_BytesMain
[0x1532f307f610] 
[0x1532f307f6c0] __libc_start_main
[gcn138:3093541] [ 9] /sw/arch/RHEL9/EB_production/2024/software/Python/3.12.3-GCCcore-13.3.0/lib/libpython3.12.so.1.0(+0x20602f)[0x153e9bde102f]
[0x401065] _start
[gcn138:3093541] [10] /sw/arch/RHEL9/EB_production/2024/software/Python/3.12.3-GCCcore-13.3.0/lib/libpython3.12.so.1.0(+0x2da046)[0x153e9beb5046]
[gcn97:1773908] *** Process received signal ***
[gcn138:3093541] [11] /sw/arch/RHEL9/EB_production/2024/software/Python/3.12.3-GCCcore-13.3.0/lib/libpython3.12.so.1.0(+0x2135aa)[0x153e9bdee5aa]
[gcn97:1773908] Signal: Aborted (6)
[gcn97:1773908] Signal code:  (-6)
[gcn138:3093541] [12] /sw/arch/RHEL9/EB_production/2024/software/Python/3.12.3-GCCcore-13.3.0/lib/libpython3.12.so.1.0(+0x2f60fc)[0x153e9bed10fc]
[gcn97:1773908] [ 0] /lib64/libc.so.6(+0x3fc60)[0x1532f3094c60]
[gcn138:3093541] [13] /sw/arch/RHEL9/EB_production/2024/software/Python/3.12.3-GCCcore-13.3.0/lib/libpython3.12.so.1.0(+0x2f59ed)[0x153e9bed09ed]
[gcn97:1773908] [ 1] /lib64/libc.so.6(+0x8d4bc)[0x1532f30e24bc]
[gcn138:3093541] [14] /sw/arch/RHEL9/EB_production/2024/software/Python/3.12.3-GCCcore-13.3.0/lib/libpython3.12.so.1.0(Py_FinalizeEx+0x185)[0x153e9beba795]
[gcn97:1773908] [ 2] /lib64/libc.so.6(raise+0x16)[0x1532f3094bb6]
[gcn138:3093541] [15] /sw/arch/RHEL9/EB_production/2024/software/Python/3.12.3-GCCcore-13.3.0/lib/libpython3.12.so.1.0(Py_RunMain+0x380)[0x153e9bec88d0]
[gcn97:1773908] [ 3] /lib64/libc.so.6(abort+0xd3)[0x1532f307e873]
[gcn138:3093541] [16] /sw/arch/RHEL9/EB_production/2024/software/Python/3.12.3-GCCcore-13.3.0/lib/libpython3.12.so.1.0(Py_BytesMain+0x27)[0x153e9be831f7]
[gcn97:1773908] [ 4] /projects/0/prjs1022/peclet/suite/flow/build_cuda_mpi/peclet/flow/_flow.cpython-312-x86_64-linux-gnu.so(_ZN6Kokkos4Impl10host_abortEPKc+0x49)[0x15308f552e59]
[gcn138:3093541] [17] /lib64/libc.so.6(+0x2a610)[0x153e9b909610]
[gcn97:1773908] [ 5] /projects/0/prjs1022/peclet/suite/flow/build_cuda_mpi/peclet/flow/_flow.cpython-312-x86_64-linux-gnu.so(_ZN6Kokkos4Impl22SharedAllocationRecordIvvE9decrementEPS2_+0xf7)[0x15308f572ab7]
[gcn138:3093541] [18] /lib64/libc.so.6(__libc_start_main+0x80)[0x153e9b9096c0]
[gcn138:3093541] [19] /projects/0/prjs1022/peclet/suite/flow/.venv/bin/python(_start+0x25)[0x401065]
[gcn138:3093541] *** End of error message ***
[gcn97:1773908] [ 6] /projects/0/prjs1022/peclet/suite/flow/build_cuda_mpi/peclet/flow/_flow.cpython-312-x86_64-linux-gnu.so(+0xe4fb5)[0x15308f40dfb5]
Kokkos allocation "cnt" is being deallocated after Kokkos::finalize was called

Backtrace:
[0x14a6f2927af5] Kokkos::Impl::save_stacktrace()
[0x14a6f2907e4c] Kokkos::Impl::host_abort(char const*)
[gcn97:1773908] [ 7] /projects/0/prjs1022/peclet/suite/flow/build_cuda_mpi/peclet/flow/_flow.cpython-312-x86_64-linux-gnu.so(+0x1338cf)[0x15308f45c8cf]
[gcn97:1773908] [ 8] /projects/0/prjs1022/peclet/suite/flow/build_cuda_mpi/peclet/flow/_flow.cpython-312-x86_64-linux-gnu.so(+0x220925)[0x15308f549925]
[0x14a6f2927ab7] Kokkos::Impl::SharedAllocationRecord<void, void>::decrement(Kokkos::Impl::SharedAllocationRecord<void, void>*)
[0x14a6f27c2fb5] 
[0x14abe6ecfaf5] Kokkos::Impl::save_stacktrace()
[0x14a6f28118cf] 
[0x14a6f28fe925] 
[0x14a9574c602f] 
[0x14a95759a046] 
[0x14b89b2e8af5] Kokkos::Impl::save_stacktrace()
[0x14abe6eafe4c] Kokkos::Impl::host_abort(char const*)
[gcn97:1773908] [ 9] /sw/arch/RHEL9/EB_production/2024/software/Python/3.12.3-GCCcore-13.3.0/lib/libpython3.12.so.1.0(+0x20602f)[0x1532f355702f]
[0x14a9574d35aa] 
[0x14a9575b60fc] 
[0x14a9575b59ed] 
[0x14a95759f795] Py_FinalizeEx
[0x14a9575ad8d0] Py_RunMain
[0x14b89b2c8e4c] Kokkos::Impl::host_abort(char const*)
[0x14b89b2e8ab7] Kokkos::Impl::SharedAllocationRecord<void, void>::decrement(Kokkos::Impl::SharedAllocationRecord<void, void>*)
[0x14b89b183fb5] 
[0x14b89b1d28cf] 
[0x14abe6ecfab7] Kokkos::Impl::SharedAllocationRecord<void, void>::decrement(Kokkos::Impl::SharedAllocationRecord<void, void>*)
[0x14abe6d6afb5] 
[0x14abe6db98cf] 
[0x14abe6ea6925] 
[0x14ae4ba7202f] 
[0x14ae4bb46046] 
[0x14ae4ba7f5aa] 
Kokkos allocation "cnt" is being deallocated after Kokkos::finalize was called

Backtrace:
[0x14a9575681f7] Py_BytesMain
[0x14a956fee610] 
[0x14a956fee6c0] __libc_start_main
[0x401065] _start
[0x14b89b2bf925] 
[0x14baff6b602f] 
[0x14baff78a046] 
[0x14baff6c35aa] 
[0x14baff7a60fc] 
[0x14baff7a59ed] 
[0x14ae4bb620fc] 
[0x14ae4bb619ed] 
[0x14ae4bb4b795] Py_FinalizeEx
[0x14ae4bb598d0] Py_RunMain
[0x14ae4bb141f7] Py_BytesMain
Kokkos allocation "cnt" is being deallocated after Kokkos::finalize was called

Backtrace:
[gcn97:1773908] [10] /sw/arch/RHEL9/EB_production/2024/software/Python/3.12.3-GCCcore-13.3.0/lib/libpython3.12.so.1.0(+0x2da046)[0x1532f362b046]
[gcn97:1773908] [11] /sw/arch/RHEL9/EB_production/2024/software/Python/3.12.3-GCCcore-13.3.0/lib/libpython3.12.so.1.0(+0x2135aa)[0x1532f35645aa]
[0x14baff78f795] Py_FinalizeEx
[0x14baff79d8d0] Py_RunMain
[0x14baff7581f7] Py_BytesMain
[0x14baff1de610] 
[0x14baff1de6c0] __libc_start_main
[0x401065] _start
[0x14ae4b59a610] 
[0x14ae4b59a6c0] __libc_start_main
[0x401065] _start
[gcn97:1773909] *** Process received signal ***
[gcn97:1773909] Signal: Aborted (6)
[gcn97:1773909] Signal code:  (-6)
[gcn97:1773908] [12] /sw/arch/RHEL9/EB_production/2024/software/Python/3.12.3-GCCcore-13.3.0/lib/libpython3.12.so.1.0(+0x2f60fc)[0x1532f36470fc]
[gcn97:1773908] [13] /sw/arch/RHEL9/EB_production/2024/software/Python/3.12.3-GCCcore-13.3.0/lib/libpython3.12.so.1.0(+0x2f59ed)[0x1532f36469ed]
[gcn97:1773907] *** Process received signal ***
[gcn97:1773906] *** Process received signal ***
[0x154887701af5] Kokkos::Impl::save_stacktrace()
[0x1548876e1e4c] Kokkos::Impl::host_abort(char const*)
[gcn97:1773908] [14] /sw/arch/RHEL9/EB_production/2024/software/Python/3.12.3-GCCcore-13.3.0/lib/libpython3.12.so.1.0(Py_FinalizeEx+0x185)[0x1532f3630795]
[0x154887701ab7] Kokkos::Impl::SharedAllocationRecord<void, void>::decrement(Kokkos::Impl::SharedAllocationRecord<void, void>*)
[0x15488759cfb5] 
[0x1548875eb8cf] 
[gcn97:1773906] Signal: Aborted (6)
[gcn97:1773906] Signal code:  (-6)
[0x1548876d8925] 
[0x154aebb7b02f] 
[0x154aebc4f046] 
[0x154aebb885aa] 
[0x154aebc6b0fc] 
[0x154aebc6a9ed] 
[gcn97:1773907] Signal: Aborted (6)
[gcn97:1773907] Signal code:  (-6)
[0x154aebc54795] Py_FinalizeEx
[0x154aebc628d0] Py_RunMain
[gcn97:1773908] [15] /sw/arch/RHEL9/EB_production/2024/software/Python/3.12.3-GCCcore-13.3.0/lib/libpython3.12.so.1.0(Py_RunMain+0x380)[0x1532f363e8d0]
[0x154aebc1d1f7] Py_BytesMain
[0x154aeb6a3610] 
[gcn97:1773908] [16] /sw/arch/RHEL9/EB_production/2024/software/Python/3.12.3-GCCcore-13.3.0/lib/libpython3.12.so.1.0(Py_BytesMain+0x27)[0x1532f35f91f7]
[0x154aeb6a36c0] __libc_start_main
[0x401065] _start
[gcn97:1773909] [ 0] /lib64/libc.so.6(+0x3fc60)[0x14a957003c60]
[gcn97:1773908] [17] /lib64/libc.so.6(+0x2a610)[0x1532f307f610]
[gcn97:1773908] [18] /lib64/libc.so.6(__libc_start_main+0x80)[0x1532f307f6c0]
[gcn97:1773908] [19] /projects/0/prjs1022/peclet/suite/flow/.venv/bin/python(_start+0x25)[0x401065]
[gcn97:1773908] *** End of error message ***
[gcn97:1773907] [ 0] /lib64/libc.so.6(+0x3fc60)[0x14ae4b5afc60]
[gcn138:3093542] *** Process received signal ***
[gcn97:1773906] [ 0] /lib64/libc.so.6(+0x3fc60)[0x14baff1f3c60]
[gcn138:3093542] Signal: Aborted (6)
[gcn138:3093542] Signal code:  (-6)
[gcn97:1773909] [ 1] /lib64/libc.so.6(+0x8d4bc)[0x14a9570514bc]
[gcn97:1773909] [ 2] /lib64/libc.so.6(raise+0x16)[0x14a957003bb6]
[gcn97:1773907] [ 1] /lib64/libc.so.6(+0x8d4bc)[0x14ae4b5fd4bc]
[gcn138:3093542] [ 0] /lib64/libc.so.6(+0x3fc60)[0x154aeb6b8c60]
[gcn97:1773906] [ 1] /lib64/libc.so.6(+0x8d4bc)[0x14baff2414bc]
[gcn138:3093542] [ 1] /lib64/libc.so.6(+0x8d4bc)[0x154aeb7064bc]
[gcn97:1773909] [ 3] /lib64/libc.so.6(abort+0xd3)[0x14a956fed873]
[gcn138:3093542] [ 2] /lib64/libc.so.6(raise+0x16)[0x154aeb6b8bb6]
[gcn97:1773909] [ 4] /projects/0/prjs1022/peclet/suite/flow/build_cuda_mpi/peclet/flow/_flow.cpython-312-x86_64-linux-gnu.so(_ZN6Kokkos4Impl10host_abortEPKc+0x49)[0x14a6f2907e59]
[gcn138:3093542] [ 3] /lib64/libc.so.6(abort+0xd3)[0x154aeb6a2873]
[gcn138:3093542] [ 4] /projects/0/prjs1022/peclet/suite/flow/build_cuda_mpi/peclet/flow/_flow.cpython-312-x86_64-linux-gnu.so(_ZN6Kokkos4Impl10host_abortEPKc+0x49)[0x1548876e1e59]
[gcn97:1773906] [ 2] /lib64/libc.so.6(raise+0x16)[0x14baff1f3bb6]
[gcn138:3093542] [ 5] /projects/0/prjs1022/peclet/suite/flow/build_cuda_mpi/peclet/flow/_flow.cpython-312-x86_64-linux-gnu.so(_ZN6Kokkos4Impl22SharedAllocationRecordIvvE9decrementEPS2_+0xf7)[0x154887701ab7]
[gcn97:1773907] [ 2] /lib64/libc.so.6(raise+0x16)[0x14ae4b5afbb6]
[gcn138:3093542] [ 6] /projects/0/prjs1022/peclet/suite/flow/build_cuda_mpi/peclet/flow/_flow.cpython-312-x86_64-linux-gnu.so(+0xe4fb5)[0x15488759cfb5]
[gcn138:3093542] [ 7] /projects/0/prjs1022/peclet/suite/flow/build_cuda_mpi/peclet/flow/_flow.cpython-312-x86_64-linux-gnu.so(+0x1338cf)[0x1548875eb8cf]
[gcn138:3093542] [ 8] /projects/0/prjs1022/peclet/suite/flow/build_cuda_mpi/peclet/flow/_flow.cpython-312-x86_64-linux-gnu.so(+0x220925)[0x1548876d8925]
[gcn97:1773909] [ 5] /projects/0/prjs1022/peclet/suite/flow/build_cuda_mpi/peclet/flow/_flow.cpython-312-x86_64-linux-gnu.so(_ZN6Kokkos4Impl22SharedAllocationRecordIvvE9decrementEPS2_+0xf7)[0x14a6f2927ab7]
[0x153dd8ae7af5] Kokkos::Impl::save_stacktrace()
[0x153dd8ac7e4c] Kokkos::Impl::host_abort(char const*)
[0x153dd8ae7ab7] Kokkos::Impl::SharedAllocationRecord<void, void>::decrement(Kokkos::Impl::SharedAllocationRecord<void, void>*)
[gcn97:1773906] [ 3] /lib64/libc.so.6(abort+0xd3)[0x14baff1dd873]
[0x153dd8982fb5] 
[0x153dd89d18cf] 
[0x153dd8abe925] 
[gcn97:1773907] [ 3] /lib64/libc.so.6(abort+0xd3)[0x14ae4b599873]
[gcn97:1773907] [ 4] /projects/0/prjs1022/peclet/suite/flow/build_cuda_mpi/peclet/flow/_flow.cpython-312-x86_64-linux-gnu.so(_ZN6Kokkos4Impl10host_abortEPKc+0x49)[0x14abe6eafe59]
[gcn138:3093542] [ 9] /sw/arch/RHEL9/EB_production/2024/software/Python/3.12.3-GCCcore-13.3.0/lib/libpython3.12.so.1.0(+0x20602f)[0x154aebb7b02f]
[gcn97:1773909] [ 6] /projects/0/prjs1022/peclet/suite/flow/build_cuda_mpi/peclet/flow/_flow.cpython-312-x86_64-linux-gnu.so(+0xe4fb5)[0x14a6f27c2fb5]
[gcn97:1773909] [ 7] /projects/0/prjs1022/peclet/suite/flow/build_cuda_mpi/peclet/flow/_flow.cpython-312-x86_64-linux-gnu.so(+0x1338cf)[0x14a6f28118cf]
[gcn97:1773909] [ 8] /projects/0/prjs1022/peclet/suite/flow/build_cuda_mpi/peclet/flow/_flow.cpython-312-x86_64-linux-gnu.so(+0x220925)[0x14a6f28fe925]
[0x15403d89b02f] 
[0x15403d96f046] 
[0x15403d8a85aa] 
[0x15403d98b0fc] 
[gcn97:1773906] [ 4] /projects/0/prjs1022/peclet/suite/flow/build_cuda_mpi/peclet/flow/_flow.cpython-312-x86_64-linux-gnu.so(_ZN6Kokkos4Impl10host_abortEPKc+0x49)[0x14b89b2c8e59]
[gcn97:1773906] [ 5] /projects/0/prjs1022/peclet/suite/flow/build_cuda_mpi/peclet/flow/_flow.cpython-312-x86_64-linux-gnu.so(_ZN6Kokkos4Impl22SharedAllocationRecordIvvE9decrementEPS2_+0xf7)[0x14b89b2e8ab7]
[0x15403d98a9ed] 
[gcn97:1773907] [ 5] /projects/0/prjs1022/peclet/suite/flow/build_cuda_mpi/peclet/flow/_flow.cpython-312-x86_64-linux-gnu.so(_ZN6Kokkos4Impl22SharedAllocationRecordIvvE9decrementEPS2_+0xf7)[0x14abe6ecfab7]
[0x15403d974795] Py_FinalizeEx
[0x15403d9828d0] Py_RunMain
[gcn97:1773906] [ 6] /projects/0/prjs1022/peclet/suite/flow/build_cuda_mpi/peclet/flow/_flow.cpython-312-x86_64-linux-gnu.so(+0xe4fb5)[0x14b89b183fb5]
[gcn138:3093542] [10] /sw/arch/RHEL9/EB_production/2024/software/Python/3.12.3-GCCcore-13.3.0/lib/libpython3.12.so.1.0(+0x2da046)[0x154aebc4f046]
[gcn97:1773907] [ 6] /projects/0/prjs1022/peclet/suite/flow/build_cuda_mpi/peclet/flow/_flow.cpython-312-x86_64-linux-gnu.so(+0xe4fb5)[0x14abe6d6afb5]
[gcn97:1773907] [ 7] /projects/0/prjs1022/peclet/suite/flow/build_cuda_mpi/peclet/flow/_flow.cpython-312-x86_64-linux-gnu.so(+0x1338cf)[0x14abe6db98cf]
[0x15403d93d1f7] Py_BytesMain
[0x15403d3c3610] 
[0x15403d3c36c0] __libc_start_main
[0x401065] _start
[gcn97:1773909] [ 9] /sw/arch/RHEL9/EB_production/2024/software/Python/3.12.3-GCCcore-13.3.0/lib/libpython3.12.so.1.0(+0x20602f)[0x14a9574c602f]
[gcn138:3093542] [11] /sw/arch/RHEL9/EB_production/2024/software/Python/3.12.3-GCCcore-13.3.0/lib/libpython3.12.so.1.0(+0x2135aa)[0x154aebb885aa]
[gcn97:1773906] [ 7] /projects/0/prjs1022/peclet/suite/flow/build_cuda_mpi/peclet/flow/_flow.cpython-312-x86_64-linux-gnu.so(+0x1338cf)[0x14b89b1d28cf]
[gcn97:1773906] [ 8] /projects/0/prjs1022/peclet/suite/flow/build_cuda_mpi/peclet/flow/_flow.cpython-312-x86_64-linux-gnu.so(+0x220925)[0x14b89b2bf925]
[gcn138:3093543] *** Process received signal ***
[gcn97:1773907] [ 8] /projects/0/prjs1022/peclet/suite/flow/build_cuda_mpi/peclet/flow/_flow.cpython-312-x86_64-linux-gnu.so(+0x220925)[0x14abe6ea6925]
[gcn138:3093542] [12] /sw/arch/RHEL9/EB_production/2024/software/Python/3.12.3-GCCcore-13.3.0/lib/libpython3.12.so.1.0(+0x2f60fc)[0x154aebc6b0fc]
[gcn97:1773909] [10] /sw/arch/RHEL9/EB_production/2024/software/Python/3.12.3-GCCcore-13.3.0/lib/libpython3.12.so.1.0(+0x2da046)[0x14a95759a046]
[gcn138:3093542] [13] /sw/arch/RHEL9/EB_production/2024/software/Python/3.12.3-GCCcore-13.3.0/lib/libpython3.12.so.1.0(+0x2f59ed)[0x154aebc6a9ed]
[gcn97:1773906] [ 9] /sw/arch/RHEL9/EB_production/2024/software/Python/3.12.3-GCCcore-13.3.0/lib/libpython3.12.so.1.0(+0x20602f)[0x14baff6b602f]
[gcn138:3093543] Signal: Aborted (6)
[gcn138:3093543] Signal code:  (-6)
[gcn97:1773907] [ 9] /sw/arch/RHEL9/EB_production/2024/software/Python/3.12.3-GCCcore-13.3.0/lib/libpython3.12.so.1.0(+0x20602f)[0x14ae4ba7202f]
[gcn138:3093542] [14] /sw/arch/RHEL9/EB_production/2024/software/Python/3.12.3-GCCcore-13.3.0/lib/libpython3.12.so.1.0(Py_FinalizeEx+0x185)[0x154aebc54795]
[gcn138:3093542] [15] /sw/arch/RHEL9/EB_production/2024/software/Python/3.12.3-GCCcore-13.3.0/lib/libpython3.12.so.1.0(Py_RunMain+0x380)[0x154aebc628d0]
[gcn97:1773909] [11] /sw/arch/RHEL9/EB_production/2024/software/Python/3.12.3-GCCcore-13.3.0/lib/libpython3.12.so.1.0(+0x2135aa)[0x14a9574d35aa]
[0x14d5282e6af5] Kokkos::Impl::save_stacktrace()
[gcn97:1773909] [12] /sw/arch/RHEL9/EB_production/2024/software/Python/3.12.3-GCCcore-13.3.0/lib/libpython3.12.so.1.0(+0x2f60fc)[0x14a9575b60fc]
[gcn138:3093542] [16] /sw/arch/RHEL9/EB_production/2024/software/Python/3.12.3-GCCcore-13.3.0/lib/libpython3.12.so.1.0(Py_BytesMain+0x27)[0x154aebc1d1f7]
[gcn97:1773906] [10] /sw/arch/RHEL9/EB_production/2024/software/Python/3.12.3-GCCcore-13.3.0/lib/libpython3.12.so.1.0(+0x2da046)[0x14baff78a046]
[0x14d5282c6e4c] Kokkos::Impl::host_abort(char const*)
[0x14d5282e6ab7] Kokkos::Impl::SharedAllocationRecord<void, void>::decrement(Kokkos::Impl::SharedAllocationRecord<void, void>*)
[0x14d528181fb5] 
[gcn97:1773907] [10] /sw/arch/RHEL9/EB_production/2024/software/Python/3.12.3-GCCcore-13.3.0/lib/libpython3.12.so.1.0(+0x2da046)[0x14ae4bb46046]
[gcn138:3093543] [ 0] /lib64/libc.so.6(+0x3fc60)[0x15403d3d8c60]
[gcn97:1773909] [13] /sw/arch/RHEL9/EB_production/2024/software/Python/3.12.3-GCCcore-13.3.0/lib/libpython3.12.so.1.0(+0x2f59ed)[0x14a9575b59ed]
[0x14d5281d08cf] 
[0x14d5282bd925] 
[0x14d77883202f] 
[0x14d778906046] 
[0x14d77883f5aa] 
[0x14d7789220fc] 
[gcn97:1773906] [11] /sw/arch/RHEL9/EB_production/2024/software/Python/3.12.3-GCCcore-13.3.0/lib/libpython3.12.so.1.0(+0x2135aa)[0x14baff6c35aa]
[gcn138:3093542] [17] /lib64/libc.so.6(+0x2a610)[0x154aeb6a3610]
[gcn138:3093542] [18] /lib64/libc.so.6(__libc_start_main+0x80)[0x154aeb6a36c0]
[gcn138:3093542] [19] /projects/0/prjs1022/peclet/suite/flow/.venv/bin/python(_start+0x25)[0x401065]
[gcn97:1773907] [11] /sw/arch/RHEL9/EB_production/2024/software/Python/3.12.3-GCCcore-13.3.0/lib/libpython3.12.so.1.0(+0x2135aa)[0x14ae4ba7f5aa]
[0x14d7789219ed] 
[0x14d77890b795] Py_FinalizeEx
[gcn97:1773909] [14] /sw/arch/RHEL9/EB_production/2024/software/Python/3.12.3-GCCcore-13.3.0/lib/libpython3.12.so.1.0(Py_FinalizeEx+0x185)[0x14a95759f795]
[gcn138:3093542] *** End of error message ***
[gcn97:1773906] [12] /sw/arch/RHEL9/EB_production/2024/software/Python/3.12.3-GCCcore-13.3.0/lib/libpython3.12.so.1.0(+0x2f60fc)[0x14baff7a60fc]
[gcn138:3093543] [ 1] /lib64/libc.so.6(+0x8d4bc)[0x15403d4264bc]
[gcn97:1773907] [12] /sw/arch/RHEL9/EB_production/2024/software/Python/3.12.3-GCCcore-13.3.0/lib/libpython3.12.so.1.0(+0x2f60fc)[0x14ae4bb620fc]
[gcn97:1773907] [13] /sw/arch/RHEL9/EB_production/2024/software/Python/3.12.3-GCCcore-13.3.0/lib/libpython3.12.so.1.0(+0x2f59ed)[0x14ae4bb619ed]
[0x14d7789198d0] Py_RunMain
[0x14d7788d41f7] Py_BytesMain
[0x14d77835a610] 
[0x14d77835a6c0] __libc_start_main
[0x401065] _start
[gcn97:1773909] [15] /sw/arch/RHEL9/EB_production/2024/software/Python/3.12.3-GCCcore-13.3.0/lib/libpython3.12.so.1.0(Py_RunMain+0x380)[0x14a9575ad8d0]
[gcn97:1773909] [16] /sw/arch/RHEL9/EB_production/2024/software/Python/3.12.3-GCCcore-13.3.0/lib/libpython3.12.so.1.0(Py_BytesMain+0x27)[0x14a9575681f7]
[gcn138:3093543] [ 2] /lib64/libc.so.6(raise+0x16)[0x15403d3d8bb6]
[gcn97:1773906] [13] /sw/arch/RHEL9/EB_production/2024/software/Python/3.12.3-GCCcore-13.3.0/lib/libpython3.12.so.1.0(+0x2f59ed)[0x14baff7a59ed]
[gcn97:1773906] [14] /sw/arch/RHEL9/EB_production/2024/software/Python/3.12.3-GCCcore-13.3.0/lib/libpython3.12.so.1.0(Py_FinalizeEx+0x185)[0x14baff78f795]
[gcn138:3093543] [ 3] /lib64/libc.so.6(abort+0xd3)[0x15403d3c2873]
[gcn97:1773907] [14] /sw/arch/RHEL9/EB_production/2024/software/Python/3.12.3-GCCcore-13.3.0/lib/libpython3.12.so.1.0(Py_FinalizeEx+0x185)[0x14ae4bb4b795]
[gcn97:1773907] [15] /sw/arch/RHEL9/EB_production/2024/software/Python/3.12.3-GCCcore-13.3.0/lib/libpython3.12.so.1.0(Py_RunMain+0x380)[0x14ae4bb598d0]
[gcn138:3093543] [ 4] /projects/0/prjs1022/peclet/suite/flow/build_cuda_mpi/peclet/flow/_flow.cpython-312-x86_64-linux-gnu.so(_ZN6Kokkos4Impl10host_abortEPKc+0x49)[0x153dd8ac7e59]
[gcn97:1773906] [15] /sw/arch/RHEL9/EB_production/2024/software/Python/3.12.3-GCCcore-13.3.0/lib/libpython3.12.so.1.0(Py_RunMain+0x380)[0x14baff79d8d0]
[gcn138:3093544] *** Process received signal ***
[gcn138:3093544] Signal: Aborted (6)
[gcn138:3093544] Signal code:  (-6)
[gcn97:1773909] [17] /lib64/libc.so.6(+0x2a610)[0x14a956fee610]
[gcn97:1773909] [18] /lib64/libc.so.6(__libc_start_main+0x80)[0x14a956fee6c0]
[gcn97:1773909] [19] /projects/0/prjs1022/peclet/suite/flow/.venv/bin/python(_start+0x25)[0x401065]
[gcn97:1773909] *** End of error message ***
[gcn138:3093543] [ 5] /projects/0/prjs1022/peclet/suite/flow/build_cuda_mpi/peclet/flow/_flow.cpython-312-x86_64-linux-gnu.so(_ZN6Kokkos4Impl22SharedAllocationRecordIvvE9decrementEPS2_+0xf7)[0x153dd8ae7ab7]
[gcn97:1773906] [16] /sw/arch/RHEL9/EB_production/2024/software/Python/3.12.3-GCCcore-13.3.0/lib/libpython3.12.so.1.0(Py_BytesMain+0x27)[0x14baff7581f7]
[gcn138:3093543] [ 6] /projects/0/prjs1022/peclet/suite/flow/build_cuda_mpi/peclet/flow/_flow.cpython-312-x86_64-linux-gnu.so(+0xe4fb5)[0x153dd8982fb5]
[gcn138:3093543] [ 7] /projects/0/prjs1022/peclet/suite/flow/build_cuda_mpi/peclet/flow/_flow.cpython-312-x86_64-linux-gnu.so(+0x1338cf)[0x153dd89d18cf]
[gcn97:1773907] [16] /sw/arch/RHEL9/EB_production/2024/software/Python/3.12.3-GCCcore-13.3.0/lib/libpython3.12.so.1.0(Py_BytesMain+0x27)[0x14ae4bb141f7]
[gcn97:1773907] [17] /lib64/libc.so.6(+0x2a610)[0x14ae4b59a610]
[gcn138:3093543] [ 8] /projects/0/prjs1022/peclet/suite/flow/build_cuda_mpi/peclet/flow/_flow.cpython-312-x86_64-linux-gnu.so(+0x220925)[0x153dd8abe925]
[gcn97:1773906] [17] /lib64/libc.so.6(+0x2a610)[0x14baff1de610]
[gcn138:3093543] [ 9] /sw/arch/RHEL9/EB_production/2024/software/Python/3.12.3-GCCcore-13.3.0/lib/libpython3.12.so.1.0(+0x20602f)[0x15403d89b02f]
[gcn97:1773906] [18] /lib64/libc.so.6(__libc_start_main+0x80)[0x14baff1de6c0]
[gcn97:1773906] [19] /projects/0/prjs1022/peclet/suite/flow/.venv/bin/python(_start+0x25)[0x401065]
[gcn97:1773906] *** End of error message ***
[gcn138:3093544] [ 0] /lib64/libc.so.6(+0x3fc60)[0x14d77836fc60]
[gcn97:1773907] [18] /lib64/libc.so.6(__libc_start_main+0x80)[0x14ae4b59a6c0]
[gcn97:1773907] [19] /projects/0/prjs1022/peclet/suite/flow/.venv/bin/python(_start+0x25)[0x401065]
[gcn97:1773907] *** End of error message ***
[gcn138:3093543] [10] /sw/arch/RHEL9/EB_production/2024/software/Python/3.12.3-GCCcore-13.3.0/lib/libpython3.12.so.1.0(+0x2da046)[0x15403d96f046]
[gcn138:3093543] [11] /sw/arch/RHEL9/EB_production/2024/software/Python/3.12.3-GCCcore-13.3.0/lib/libpython3.12.so.1.0(+0x2135aa)[0x15403d8a85aa]
[gcn138:3093544] [ 1] /lib64/libc.so.6(+0x8d4bc)[0x14d7783bd4bc]
[gcn138:3093544] [ 2] /lib64/libc.so.6(raise+0x16)[0x14d77836fbb6]
[gcn138:3093543] [12] /sw/arch/RHEL9/EB_production/2024/software/Python/3.12.3-GCCcore-13.3.0/lib/libpython3.12.so.1.0(+0x2f60fc)[0x15403d98b0fc]
[gcn138:3093543] [13] /sw/arch/RHEL9/EB_production/2024/software/Python/3.12.3-GCCcore-13.3.0/lib/libpython3.12.so.1.0(+0x2f59ed)[0x15403d98a9ed]
[gcn138:3093543] [14] /sw/arch/RHEL9/EB_production/2024/software/Python/3.12.3-GCCcore-13.3.0/lib/libpython3.12.so.1.0(Py_FinalizeEx+0x185)[0x15403d974795]
[gcn138:3093544] [ 3] /lib64/libc.so.6(abort+0xd3)[0x14d778359873]
[gcn138:3093544] [ 4] /projects/0/prjs1022/peclet/suite/flow/build_cuda_mpi/peclet/flow/_flow.cpython-312-x86_64-linux-gnu.so(_ZN6Kokkos4Impl10host_abortEPKc+0x49)[0x14d5282c6e59]
[gcn138:3093543] [15] /sw/arch/RHEL9/EB_production/2024/software/Python/3.12.3-GCCcore-13.3.0/lib/libpython3.12.so.1.0(Py_RunMain+0x380)[0x15403d9828d0]
[gcn138:3093544] [ 5] /projects/0/prjs1022/peclet/suite/flow/build_cuda_mpi/peclet/flow/_flow.cpython-312-x86_64-linux-gnu.so(_ZN6Kokkos4Impl22SharedAllocationRecordIvvE9decrementEPS2_+0xf7)[0x14d5282e6ab7]
[gcn138:3093543] [16] /sw/arch/RHEL9/EB_production/2024/software/Python/3.12.3-GCCcore-13.3.0/lib/libpython3.12.so.1.0(Py_BytesMain+0x27)[0x15403d93d1f7]
[gcn138:3093543] [17] /lib64/libc.so.6(+0x2a610)[0x15403d3c3610]
[gcn138:3093544] [ 6] /projects/0/prjs1022/peclet/suite/flow/build_cuda_mpi/peclet/flow/_flow.cpython-312-x86_64-linux-gnu.so(+0xe4fb5)[0x14d528181fb5]
[gcn138:3093544] [ 7] /projects/0/prjs1022/peclet/suite/flow/build_cuda_mpi/peclet/flow/_flow.cpython-312-x86_64-linux-gnu.so(+0x1338cf)[0x14d5281d08cf]
[gcn138:3093544] [ 8] /projects/0/prjs1022/peclet/suite/flow/build_cuda_mpi/peclet/flow/_flow.cpython-312-x86_64-linux-gnu.so(+0x220925)[0x14d5282bd925]
[gcn138:3093543] [18] /lib64/libc.so.6(__libc_start_main+0x80)[0x15403d3c36c0]
[gcn138:3093543] [19] /projects/0/prjs1022/peclet/suite/flow/.venv/bin/python(_start+0x25)[0x401065]
[gcn138:3093543] *** End of error message ***
[gcn138:3093544] [ 9] /sw/arch/RHEL9/EB_production/2024/software/Python/3.12.3-GCCcore-13.3.0/lib/libpython3.12.so.1.0(+0x20602f)[0x14d77883202f]
[gcn138:3093544] [10] /sw/arch/RHEL9/EB_production/2024/software/Python/3.12.3-GCCcore-13.3.0/lib/libpython3.12.so.1.0(+0x2da046)[0x14d778906046]
[gcn138:3093544] [11] /sw/arch/RHEL9/EB_production/2024/software/Python/3.12.3-GCCcore-13.3.0/lib/libpython3.12.so.1.0(+0x2135aa)[0x14d77883f5aa]
[gcn138:3093544] [12] /sw/arch/RHEL9/EB_production/2024/software/Python/3.12.3-GCCcore-13.3.0/lib/libpython3.12.so.1.0(+0x2f60fc)[0x14d7789220fc]
[gcn138:3093544] [13] /sw/arch/RHEL9/EB_production/2024/software/Python/3.12.3-GCCcore-13.3.0/lib/libpython3.12.so.1.0(+0x2f59ed)[0x14d7789219ed]
[gcn138:3093544] [14] /sw/arch/RHEL9/EB_production/2024/software/Python/3.12.3-GCCcore-13.3.0/lib/libpython3.12.so.1.0(Py_FinalizeEx+0x185)[0x14d77890b795]
[gcn138:3093544] [15] /sw/arch/RHEL9/EB_production/2024/software/Python/3.12.3-GCCcore-13.3.0/lib/libpython3.12.so.1.0(Py_RunMain+0x380)[0x14d7789198d0]
[gcn138:3093544] [16] /sw/arch/RHEL9/EB_production/2024/software/Python/3.12.3-GCCcore-13.3.0/lib/libpython3.12.so.1.0(Py_BytesMain+0x27)[0x14d7788d41f7]
[gcn138:3093544] [17] /lib64/libc.so.6(+0x2a610)[0x14d77835a610]
[gcn138:3093544] [18] /lib64/libc.so.6(__libc_start_main+0x80)[0x14d77835a6c0]
[gcn138:3093544] [19] /projects/0/prjs1022/peclet/suite/flow/.venv/bin/python(_start+0x25)[0x401065]
[gcn138:3093544] *** End of error message ***
srun: error: gcn97: task 3: Aborted (core dumped)
srun: Terminating StepId=24983386.3
[2026-07-28T10:18:48.682] error: *** STEP 24983386.3 ON gcn97 CANCELLED AT 2026-07-28T10:18:48 DUE TO TASK FAILURE ***
srun: error: gcn138: tasks 4-7: Aborted (core dumped)
srun: error: gcn97: tasks 0-2: Aborted (core dumped)
