[cfg] global 804x128x268 = 27.6M cells  nu=0.3556 f=0.015625 Delta+=2.812 Lx+=2261 Ly+=360 Lz+=754  ranks=4  backend=Cuda  dt=0.02 adv=SOU
  rank 0: local#0 CUDA_VISIBLE_DEVICES=0 block origin=(0,0,0) size=(201,128,268)
  rank 1: local#1 CUDA_VISIBLE_DEVICES=1 block origin=(201,0,0) size=(201,128,268)
  rank 2: local#0 CUDA_VISIBLE_DEVICES=0 block origin=(402,0,0) size=(201,128,268)
  rank 3: local#1 CUDA_VISIBLE_DEVICES=0 block origin=(603,0,0) size=(201,128,268)
  [gpu-bind] CUDA_VISIBLE_DEVICES per rank = ['0', '1', '0', '0']  (check: distinct within each node)
Traceback (most recent call last):
  File "/gpfs/work4/0/prjs1022/peclet/peclet-examples/examples/wall-bounded-turbulence/channel_dns_mpi.py", line 114, in <module>
Traceback (most recent call last):
  File "/gpfs/work4/0/prjs1022/peclet/peclet-examples/examples/wall-bounded-turbulence/channel_dns_mpi.py", line 114, in <module>
    import cupy as cp; uview = cp.from_dlpack(cap)
    ^^^^^^^^^^^^^^^^^
ModuleNotFoundError: No module named 'cupy'
    import cupy as cp; uview = cp.from_dlpack(cap)
    ^^^^^^^^^^^^^^^^^
ModuleNotFoundError: No module named 'cupy'
Traceback (most recent call last):
  File "/gpfs/work4/0/prjs1022/peclet/peclet-examples/examples/wall-bounded-turbulence/channel_dns_mpi.py", line 114, in <module>
Traceback (most recent call last):
  File "/gpfs/work4/0/prjs1022/peclet/peclet-examples/examples/wall-bounded-turbulence/channel_dns_mpi.py", line 114, in <module>
    import cupy as cp; uview = cp.from_dlpack(cap)
    ^^^^^^^^^^^^^^^^^
ModuleNotFoundError: No module named 'cupy'
    import cupy as cp; uview = cp.from_dlpack(cap)
    ^^^^^^^^^^^^^^^^^
ModuleNotFoundError: No module named 'cupy'
Kokkos allocation "cnt" is being deallocated after Kokkos::finalize was called

Backtrace:
[0x150468f8aaf5] Kokkos::Impl::save_stacktrace()
[0x150468f6ae4c] Kokkos::Impl::host_abort(char const*)
[0x150468f8aab7] Kokkos::Impl::SharedAllocationRecord<void, void>::decrement(Kokkos::Impl::SharedAllocationRecord<void, void>*)
[0x150468e25fb5] 
[0x150468e748cf] 
[0x150468f61925] 
[0x1504ace6a02f] 
[0x1504acf3e046] 
[0x1504ace775aa] 
[0x1504acf5a0fc] 
[0x1504acf599ed] 
[0x1504acf43795] Py_FinalizeEx
[0x1504acf518d0] Py_RunMain
[0x1504acf0c1f7] Py_BytesMain
[0x1504ac992610] 
[0x1504ac9926c0] __libc_start_main
[0x401065] _start
[gcn97:1773787] *** Process received signal ***
[gcn97:1773787] Signal: Aborted (6)
[gcn97:1773787] Signal code:  (-6)
[gcn97:1773787] [ 0] /lib64/libc.so.6(+0x3fc60)[0x1504ac9a7c60]
[gcn97:1773787] [ 1] /lib64/libc.so.6(+0x8d4bc)[0x1504ac9f54bc]
Kokkos allocation "cnt" is being deallocated after Kokkos::finalize was called

Backtrace:
[gcn97:1773787] [ 2] /lib64/libc.so.6(raise+0x16)[0x1504ac9a7bb6]
[gcn97:1773787] [ 3] /lib64/libc.so.6(abort+0xd3)[0x1504ac991873]
[gcn97:1773787] [ 4] /projects/0/prjs1022/peclet/suite/flow/build_cuda_mpi/peclet/flow/_flow.cpython-312-x86_64-linux-gnu.so(_ZN6Kokkos4Impl10host_abortEPKc+0x49)[0x150468f6ae59]
[gcn97:1773787] [ 5] /projects/0/prjs1022/peclet/suite/flow/build_cuda_mpi/peclet/flow/_flow.cpython-312-x86_64-linux-gnu.so(_ZN6Kokkos4Impl22SharedAllocationRecordIvvE9decrementEPS2_+0xf7)[0x150468f8aab7]
[gcn97:1773787] [ 6] /projects/0/prjs1022/peclet/suite/flow/build_cuda_mpi/peclet/flow/_flow.cpython-312-x86_64-linux-gnu.so(+0xe4fb5)[0x150468e25fb5]
[gcn97:1773787] [ 7] /projects/0/prjs1022/peclet/suite/flow/build_cuda_mpi/peclet/flow/_flow.cpython-312-x86_64-linux-gnu.so(+0x1338cf)[0x150468e748cf]
[gcn97:1773787] [ 8] /projects/0/prjs1022/peclet/suite/flow/build_cuda_mpi/peclet/flow/_flow.cpython-312-x86_64-linux-gnu.so(+0x220925)[0x150468f61925]
[gcn97:1773787] [ 9] /sw/arch/RHEL9/EB_production/2024/software/Python/3.12.3-GCCcore-13.3.0/lib/libpython3.12.so.1.0(+0x20602f)[0x1504ace6a02f]
[gcn97:1773787] [10] /sw/arch/RHEL9/EB_production/2024/software/Python/3.12.3-GCCcore-13.3.0/lib/libpython3.12.so.1.0(+0x2da046)[0x1504acf3e046]
[gcn97:1773787] [11] /sw/arch/RHEL9/EB_production/2024/software/Python/3.12.3-GCCcore-13.3.0/lib/libpython3.12.so.1.0(+0x2135aa)[0x1504ace775aa]
[0x1530950eeaf5] Kokkos::Impl::save_stacktrace()
[gcn97:1773787] [12] /sw/arch/RHEL9/EB_production/2024/software/Python/3.12.3-GCCcore-13.3.0/lib/libpython3.12.so.1.0(+0x2f60fc)[0x1504acf5a0fc]
[0x1530950cee4c] Kokkos::Impl::host_abort(char const*)
[gcn97:1773787] [13] /sw/arch/RHEL9/EB_production/2024/software/Python/3.12.3-GCCcore-13.3.0/lib/libpython3.12.so.1.0(+0x2f59ed)[0x1504acf599ed]
[0x1530950eeab7] Kokkos::Impl::SharedAllocationRecord<void, void>::decrement(Kokkos::Impl::SharedAllocationRecord<void, void>*)
[gcn97:1773787] [14] /sw/arch/RHEL9/EB_production/2024/software/Python/3.12.3-GCCcore-13.3.0/lib/libpython3.12.so.1.0(Py_FinalizeEx+0x185)[0x1504acf43795]
[0x153094f89fb5] 
[0x153094fd88cf] 
[0x1530950c5925] 
[0x1532e2d6702f] 
[gcn97:1773787] [15] /sw/arch/RHEL9/EB_production/2024/software/Python/3.12.3-GCCcore-13.3.0/lib/libpython3.12.so.1.0(Py_RunMain+0x380)[0x1504acf518d0]
[0x1532e2e3b046] 
[0x1532e2d745aa] 
[gcn97:1773787] [16] /sw/arch/RHEL9/EB_production/2024/software/Python/3.12.3-GCCcore-13.3.0/lib/libpython3.12.so.1.0(Py_BytesMain+0x27)[0x1504acf0c1f7]
[0x1532e2e570fc] 
[0x1532e2e569ed] 
[0x1532e2e40795] Py_FinalizeEx
[gcn97:1773787] [17] /lib64/libc.so.6(+0x2a610)[0x1504ac992610]
[0x1532e2e4e8d0] Py_RunMain
[0x1532e2e091f7] Py_BytesMain
[0x1532e288f610] 
[gcn97:1773787] [18] /lib64/libc.so.6(__libc_start_main+0x80)[0x1504ac9926c0]
[gcn97:1773787] [19] /projects/0/prjs1022/peclet/suite/flow/.venv/bin/python(_start+0x25)[0x401065]
[gcn97:1773787] *** End of error message ***
[0x1532e288f6c0] __libc_start_main
[0x401065] _start
Kokkos allocation "cnt" is being deallocated after Kokkos::finalize was called

Backtrace:
[gcn138:3093443] *** Process received signal ***
[0x14b5fc73caf5] Kokkos::Impl::save_stacktrace()
[gcn138:3093443] Signal: Aborted (6)
[gcn138:3093443] Signal code:  (-6)
[0x14b5fc71ce4c] Kokkos::Impl::host_abort(char const*)
[0x14b5fc73cab7] Kokkos::Impl::SharedAllocationRecord<void, void>::decrement(Kokkos::Impl::SharedAllocationRecord<void, void>*)
[0x14b5fc5d7fb5] 
[0x14b5fc6268cf] 
[0x14b5fc713925] 
[0x14b640a1202f] 
[0x14b640ae6046] 
[0x14b640a1f5aa] 
[0x14b640b020fc] 
[0x14b640b019ed] 
[gcn138:3093443] [ 0] /lib64/libc.so.6(+0x3fc60)[0x1532e28a4c60]
[0x14b640aeb795] Py_FinalizeEx
[0x14b640af98d0] Py_RunMain
[gcn138:3093443] [ 1] /lib64/libc.so.6(+0x8d4bc)[0x1532e28f24bc]
[0x14b640ab41f7] Py_BytesMain
[gcn138:3093443] [ 2] /lib64/libc.so.6(raise+0x16)[0x1532e28a4bb6]
[0x14b64053a610] 
[gcn138:3093443] [ 3] /lib64/libc.so.6(abort+0xd3)[0x1532e288e873]
[0x14b64053a6c0] __libc_start_main
[0x401065] _start
[gcn138:3093443] [ 4] /projects/0/prjs1022/peclet/suite/flow/build_cuda_mpi/peclet/flow/_flow.cpython-312-x86_64-linux-gnu.so(_ZN6Kokkos4Impl10host_abortEPKc+0x49)[0x1530950cee59]
[gcn97:1773786] *** Process received signal ***
[gcn138:3093443] [ 5] /projects/0/prjs1022/peclet/suite/flow/build_cuda_mpi/peclet/flow/_flow.cpython-312-x86_64-linux-gnu.so(_ZN6Kokkos4Impl22SharedAllocationRecordIvvE9decrementEPS2_+0xf7)[0x1530950eeab7]
[gcn97:1773786] Signal: Aborted (6)
[gcn97:1773786] Signal code:  (-6)
[gcn138:3093443] [ 6] /projects/0/prjs1022/peclet/suite/flow/build_cuda_mpi/peclet/flow/_flow.cpython-312-x86_64-linux-gnu.so(+0xe4fb5)[0x153094f89fb5]
[gcn97:1773786] [ 0] /lib64/libc.so.6(+0x3fc60)[0x14b64054fc60]
[gcn138:3093443] [ 7] /projects/0/prjs1022/peclet/suite/flow/build_cuda_mpi/peclet/flow/_flow.cpython-312-x86_64-linux-gnu.so(+0x1338cf)[0x153094fd88cf]
[gcn97:1773786] [ 1] /lib64/libc.so.6(+0x8d4bc)[0x14b64059d4bc]
[gcn138:3093443] [ 8] /projects/0/prjs1022/peclet/suite/flow/build_cuda_mpi/peclet/flow/_flow.cpython-312-x86_64-linux-gnu.so(+0x220925)[0x1530950c5925]
[gcn97:1773786] [ 2] /lib64/libc.so.6(raise+0x16)[0x14b64054fbb6]
[gcn138:3093443] [ 9] /sw/arch/RHEL9/EB_production/2024/software/Python/3.12.3-GCCcore-13.3.0/lib/libpython3.12.so.1.0(+0x20602f)[0x1532e2d6702f]
[gcn97:1773786] [ 3] /lib64/libc.so.6(abort+0xd3)[0x14b640539873]
[gcn138:3093443] [10] /sw/arch/RHEL9/EB_production/2024/software/Python/3.12.3-GCCcore-13.3.0/lib/libpython3.12.so.1.0(+0x2da046)[0x1532e2e3b046]
[gcn97:1773786] [ 4] /projects/0/prjs1022/peclet/suite/flow/build_cuda_mpi/peclet/flow/_flow.cpython-312-x86_64-linux-gnu.so(_ZN6Kokkos4Impl10host_abortEPKc+0x49)[0x14b5fc71ce59]
[gcn138:3093443] [11] /sw/arch/RHEL9/EB_production/2024/software/Python/3.12.3-GCCcore-13.3.0/lib/libpython3.12.so.1.0(+0x2135aa)[0x1532e2d745aa]
[gcn97:1773786] [ 5] /projects/0/prjs1022/peclet/suite/flow/build_cuda_mpi/peclet/flow/_flow.cpython-312-x86_64-linux-gnu.so(_ZN6Kokkos4Impl22SharedAllocationRecordIvvE9decrementEPS2_+0xf7)[0x14b5fc73cab7]
[gcn138:3093443] [12] /sw/arch/RHEL9/EB_production/2024/software/Python/3.12.3-GCCcore-13.3.0/lib/libpython3.12.so.1.0(+0x2f60fc)[0x1532e2e570fc]
[gcn97:1773786] [ 6] /projects/0/prjs1022/peclet/suite/flow/build_cuda_mpi/peclet/flow/_flow.cpython-312-x86_64-linux-gnu.so(+0xe4fb5)[0x14b5fc5d7fb5]
[gcn138:3093443] [13] /sw/arch/RHEL9/EB_production/2024/software/Python/3.12.3-GCCcore-13.3.0/lib/libpython3.12.so.1.0(+0x2f59ed)[0x1532e2e569ed]
[gcn97:1773786] [ 7] /projects/0/prjs1022/peclet/suite/flow/build_cuda_mpi/peclet/flow/_flow.cpython-312-x86_64-linux-gnu.so(+0x1338cf)[0x14b5fc6268cf]
[gcn138:3093443] [14] /sw/arch/RHEL9/EB_production/2024/software/Python/3.12.3-GCCcore-13.3.0/lib/libpython3.12.so.1.0(Py_FinalizeEx+0x185)[0x1532e2e40795]
[gcn97:1773786] [ 8] /projects/0/prjs1022/peclet/suite/flow/build_cuda_mpi/peclet/flow/_flow.cpython-312-x86_64-linux-gnu.so(+0x220925)[0x14b5fc713925]
[gcn138:3093443] [15] /sw/arch/RHEL9/EB_production/2024/software/Python/3.12.3-GCCcore-13.3.0/lib/libpython3.12.so.1.0(Py_RunMain+0x380)[0x1532e2e4e8d0]
[gcn97:1773786] [ 9] /sw/arch/RHEL9/EB_production/2024/software/Python/3.12.3-GCCcore-13.3.0/lib/libpython3.12.so.1.0(+0x20602f)[0x14b640a1202f]
[gcn138:3093443] [16] /sw/arch/RHEL9/EB_production/2024/software/Python/3.12.3-GCCcore-13.3.0/lib/libpython3.12.so.1.0(Py_BytesMain+0x27)[0x1532e2e091f7]
[gcn97:1773786] [10] /sw/arch/RHEL9/EB_production/2024/software/Python/3.12.3-GCCcore-13.3.0/lib/libpython3.12.so.1.0(+0x2da046)[0x14b640ae6046]
[gcn138:3093443] [17] /lib64/libc.so.6(+0x2a610)[0x1532e288f610]
[gcn97:1773786] [11] /sw/arch/RHEL9/EB_production/2024/software/Python/3.12.3-GCCcore-13.3.0/lib/libpython3.12.so.1.0(+0x2135aa)[0x14b640a1f5aa]
[gcn138:3093443] [18] /lib64/libc.so.6(__libc_start_main+0x80)[0x1532e288f6c0]
[gcn97:1773786] [12] /sw/arch/RHEL9/EB_production/2024/software/Python/3.12.3-GCCcore-13.3.0/lib/libpython3.12.so.1.0(+0x2f60fc)[0x14b640b020fc]
[gcn138:3093443] [19] /projects/0/prjs1022/peclet/suite/flow/.venv/bin/python(_start+0x25)[0x401065]
[gcn138:3093443] *** End of error message ***
[gcn97:1773786] [13] /sw/arch/RHEL9/EB_production/2024/software/Python/3.12.3-GCCcore-13.3.0/lib/libpython3.12.so.1.0(+0x2f59ed)[0x14b640b019ed]
Kokkos allocation "cnt" is being deallocated after Kokkos::finalize was called

Backtrace:
[gcn97:1773786] [14] /sw/arch/RHEL9/EB_production/2024/software/Python/3.12.3-GCCcore-13.3.0/lib/libpython3.12.so.1.0(Py_FinalizeEx+0x185)[0x14b640aeb795]
[0x154e74445af5] Kokkos::Impl::save_stacktrace()
[gcn97:1773786] [15] /sw/arch/RHEL9/EB_production/2024/software/Python/3.12.3-GCCcore-13.3.0/lib/libpython3.12.so.1.0(Py_RunMain+0x380)[0x14b640af98d0]
[0x154e74425e4c] Kokkos::Impl::host_abort(char const*)
[gcn97:1773786] [16] /sw/arch/RHEL9/EB_production/2024/software/Python/3.12.3-GCCcore-13.3.0/lib/libpython3.12.so.1.0(Py_BytesMain+0x27)[0x14b640ab41f7]
[0x154e74445ab7] Kokkos::Impl::SharedAllocationRecord<void, void>::decrement(Kokkos::Impl::SharedAllocationRecord<void, void>*)
[gcn97:1773786] [17] /lib64/libc.so.6(+0x2a610)[0x14b64053a610]
[0x154e742e0fb5] 
[0x154e7432f8cf] 
[gcn97:1773786] [18] /lib64/libc.so.6(__libc_start_main+0x80)[0x14b64053a6c0]
[gcn97:1773786] [19] /projects/0/prjs1022/peclet/suite/flow/.venv/bin/python(_start+0x25)[0x401065]
[0x154e7441c925] 
[gcn97:1773786] *** End of error message ***
[0x154eb747302f] 
[0x154eb7547046] 
[0x154eb74805aa] 
[0x154eb75630fc] 
[0x154eb75629ed] 
[0x154eb754c795] Py_FinalizeEx
[0x154eb755a8d0] Py_RunMain
[0x154eb75151f7] Py_BytesMain
[0x154eb6f9b610] 
[0x154eb6f9b6c0] __libc_start_main
[0x401065] _start
[gcn138:3093442] *** Process received signal ***
[gcn138:3093442] Signal: Aborted (6)
[gcn138:3093442] Signal code:  (-6)
[gcn138:3093442] [ 0] /lib64/libc.so.6(+0x3fc60)[0x154eb6fb0c60]
[gcn138:3093442] [ 1] /lib64/libc.so.6(+0x8d4bc)[0x154eb6ffe4bc]
[gcn138:3093442] [ 2] /lib64/libc.so.6(raise+0x16)[0x154eb6fb0bb6]
[gcn138:3093442] [ 3] /lib64/libc.so.6(abort+0xd3)[0x154eb6f9a873]
[gcn138:3093442] [ 4] /projects/0/prjs1022/peclet/suite/flow/build_cuda_mpi/peclet/flow/_flow.cpython-312-x86_64-linux-gnu.so(_ZN6Kokkos4Impl10host_abortEPKc+0x49)[0x154e74425e59]
[gcn138:3093442] [ 5] /projects/0/prjs1022/peclet/suite/flow/build_cuda_mpi/peclet/flow/_flow.cpython-312-x86_64-linux-gnu.so(_ZN6Kokkos4Impl22SharedAllocationRecordIvvE9decrementEPS2_+0xf7)[0x154e74445ab7]
[gcn138:3093442] [ 6] /projects/0/prjs1022/peclet/suite/flow/build_cuda_mpi/peclet/flow/_flow.cpython-312-x86_64-linux-gnu.so(+0xe4fb5)[0x154e742e0fb5]
[gcn138:3093442] [ 7] /projects/0/prjs1022/peclet/suite/flow/build_cuda_mpi/peclet/flow/_flow.cpython-312-x86_64-linux-gnu.so(+0x1338cf)[0x154e7432f8cf]
[gcn138:3093442] [ 8] /projects/0/prjs1022/peclet/suite/flow/build_cuda_mpi/peclet/flow/_flow.cpython-312-x86_64-linux-gnu.so(+0x220925)[0x154e7441c925]
[gcn138:3093442] [ 9] /sw/arch/RHEL9/EB_production/2024/software/Python/3.12.3-GCCcore-13.3.0/lib/libpython3.12.so.1.0(+0x20602f)[0x154eb747302f]
[gcn138:3093442] [10] /sw/arch/RHEL9/EB_production/2024/software/Python/3.12.3-GCCcore-13.3.0/lib/libpython3.12.so.1.0(+0x2da046)[0x154eb7547046]
[gcn138:3093442] [11] /sw/arch/RHEL9/EB_production/2024/software/Python/3.12.3-GCCcore-13.3.0/lib/libpython3.12.so.1.0(+0x2135aa)[0x154eb74805aa]
[gcn138:3093442] [12] /sw/arch/RHEL9/EB_production/2024/software/Python/3.12.3-GCCcore-13.3.0/lib/libpython3.12.so.1.0(+0x2f60fc)[0x154eb75630fc]
[gcn138:3093442] [13] /sw/arch/RHEL9/EB_production/2024/software/Python/3.12.3-GCCcore-13.3.0/lib/libpython3.12.so.1.0(+0x2f59ed)[0x154eb75629ed]
[gcn138:3093442] [14] /sw/arch/RHEL9/EB_production/2024/software/Python/3.12.3-GCCcore-13.3.0/lib/libpython3.12.so.1.0(Py_FinalizeEx+0x185)[0x154eb754c795]
[gcn138:3093442] [15] /sw/arch/RHEL9/EB_production/2024/software/Python/3.12.3-GCCcore-13.3.0/lib/libpython3.12.so.1.0(Py_RunMain+0x380)[0x154eb755a8d0]
[gcn138:3093442] [16] /sw/arch/RHEL9/EB_production/2024/software/Python/3.12.3-GCCcore-13.3.0/lib/libpython3.12.so.1.0(Py_BytesMain+0x27)[0x154eb75151f7]
[gcn138:3093442] [17] /lib64/libc.so.6(+0x2a610)[0x154eb6f9b610]
[gcn138:3093442] [18] /lib64/libc.so.6(__libc_start_main+0x80)[0x154eb6f9b6c0]
[gcn138:3093442] [19] /projects/0/prjs1022/peclet/suite/flow/.venv/bin/python(_start+0x25)[0x401065]
[gcn138:3093442] *** End of error message ***
srun: error: gcn97: tasks 0-1: Aborted (core dumped)
srun: Terminating StepId=24983386.2
[2026-07-28T10:18:43.715] error: --task-epilog failed status=15
srun: error: gcn138: tasks 2-3: Aborted (core dumped)
