srun: warning: can't run 1 processes on 2 nodes, setting nnodes to 1
[cfg] global 377x240x503 = 45.5M cells  nu=0.6667 f=0.0083333 Delta+=1.500 Lx+=566 Ly+=360 Lz+=754  ranks=1  backend=Cuda  dt=0.02 adv=SOU
  [gpu-bind] rank -> (host, GPU PCI bus):
    rank 0: gcn75.local.snellius.surf.nl  0000:26:00.0
  [gpu-bind] OK: every rank on a distinct physical GPU
  it=     1 t+=    0.0 Ub+=15.68 u_tau~1.107 nacc=0 [0.3 it/s]
  it=    50 t+=    1.5 Ub+=15.68 u_tau~1.057 nacc=0 [0.6 it/s]
  it=   100 t+=    3.0 Ub+=15.68 u_tau~1.046 nacc=0 [0.7 it/s]
  it=   150 t+=    4.5 Ub+=15.68 u_tau~1.042 nacc=0 [0.7 it/s]
  it=   200 t+=    6.0 Ub+=15.68 u_tau~1.039 nacc=0 [0.7 it/s]
  it=   250 t+=    7.5 Ub+=15.68 u_tau~1.036 nacc=0 [0.7 it/s]
[timing] steady 1369.2 ms/step over 200 steps (warmup 50 excluded) | 46M cells, 1 GPU(s) = 45.5M/GPU | 33 Mcell-updates/s
[done] 250 steps, 46M cells, 1 ranks, 1439 ms/step, nacc=0. wrote chan_mpi_stats.npz
Traceback (most recent call last):
  File "/gpfs/work4/0/prjs1022/peclet/peclet-examples/examples/wall-bounded-turbulence/channel_dns_mpi.py", line 235, in <module>
    os._exit(0 if not nan else 1)
                      ^^^
NameError: name 'nan' is not defined
Kokkos allocation "cnt" is being deallocated after Kokkos::finalize was called

Backtrace:
[0x151f90ac4065] Kokkos::Impl::save_stacktrace()
[0x151f90aa43bc] Kokkos::Impl::host_abort(char const*)
[0x151f90ac4027] Kokkos::Impl::SharedAllocationRecord<void, void>::decrement(Kokkos::Impl::SharedAllocationRecord<void, void>*)
[0x151f9095f025] 
[0x151f909ad6af] 
[0x151f90a9ae95] 
[0x151fd24e402f] 
[0x151fd25b8046] 
[0x151fd24f15aa] 
[0x151fd25d40fc] 
[0x151fd25d39ed] 
[0x151fd25bd795] Py_FinalizeEx
[0x151fd25cb8d0] Py_RunMain
[0x151fd25861f7] Py_BytesMain
[0x151fd200c610] 
[0x151fd200c6c0] __libc_start_main
[0x401065] _start
[gcn75:99210] *** Process received signal ***
[gcn75:99210] Signal: Aborted (6)
[gcn75:99210] Signal code:  (-6)
[gcn75:99210] [ 0] /lib64/libc.so.6(+0x3fc60)[0x151fd2021c60]
[gcn75:99210] [ 1] /lib64/libc.so.6(+0x8d4bc)[0x151fd206f4bc]
[gcn75:99210] [ 2] /lib64/libc.so.6(raise+0x16)[0x151fd2021bb6]
[gcn75:99210] [ 3] /lib64/libc.so.6(abort+0xd3)[0x151fd200b873]
[gcn75:99210] [ 4] /projects/0/prjs1022/peclet/suite/flow/build_cuda_mpi/peclet/flow/_flow.cpython-312-x86_64-linux-gnu.so(_ZN6Kokkos4Impl10host_abortEPKc+0x49)[0x151f90aa43c9]
[gcn75:99210] [ 5] /projects/0/prjs1022/peclet/suite/flow/build_cuda_mpi/peclet/flow/_flow.cpython-312-x86_64-linux-gnu.so(_ZN6Kokkos4Impl22SharedAllocationRecordIvvE9decrementEPS2_+0xf7)[0x151f90ac4027]
[gcn75:99210] [ 6] /projects/0/prjs1022/peclet/suite/flow/build_cuda_mpi/peclet/flow/_flow.cpython-312-x86_64-linux-gnu.so(+0xe5025)[0x151f9095f025]
[gcn75:99210] [ 7] /projects/0/prjs1022/peclet/suite/flow/build_cuda_mpi/peclet/flow/_flow.cpython-312-x86_64-linux-gnu.so(+0x1336af)[0x151f909ad6af]
[gcn75:99210] [ 8] /projects/0/prjs1022/peclet/suite/flow/build_cuda_mpi/peclet/flow/_flow.cpython-312-x86_64-linux-gnu.so(+0x220e95)[0x151f90a9ae95]
[gcn75:99210] [ 9] /sw/arch/RHEL9/EB_production/2024/software/Python/3.12.3-GCCcore-13.3.0/lib/libpython3.12.so.1.0(+0x20602f)[0x151fd24e402f]
[gcn75:99210] [10] /sw/arch/RHEL9/EB_production/2024/software/Python/3.12.3-GCCcore-13.3.0/lib/libpython3.12.so.1.0(+0x2da046)[0x151fd25b8046]
[gcn75:99210] [11] /sw/arch/RHEL9/EB_production/2024/software/Python/3.12.3-GCCcore-13.3.0/lib/libpython3.12.so.1.0(+0x2135aa)[0x151fd24f15aa]
[gcn75:99210] [12] /sw/arch/RHEL9/EB_production/2024/software/Python/3.12.3-GCCcore-13.3.0/lib/libpython3.12.so.1.0(+0x2f60fc)[0x151fd25d40fc]
[gcn75:99210] [13] /sw/arch/RHEL9/EB_production/2024/software/Python/3.12.3-GCCcore-13.3.0/lib/libpython3.12.so.1.0(+0x2f59ed)[0x151fd25d39ed]
[gcn75:99210] [14] /sw/arch/RHEL9/EB_production/2024/software/Python/3.12.3-GCCcore-13.3.0/lib/libpython3.12.so.1.0(Py_FinalizeEx+0x185)[0x151fd25bd795]
[gcn75:99210] [15] /sw/arch/RHEL9/EB_production/2024/software/Python/3.12.3-GCCcore-13.3.0/lib/libpython3.12.so.1.0(Py_RunMain+0x380)[0x151fd25cb8d0]
[gcn75:99210] [16] /sw/arch/RHEL9/EB_production/2024/software/Python/3.12.3-GCCcore-13.3.0/lib/libpython3.12.so.1.0(Py_BytesMain+0x27)[0x151fd25861f7]
[gcn75:99210] [17] /lib64/libc.so.6(+0x2a610)[0x151fd200c610]
[gcn75:99210] [18] /lib64/libc.so.6(__libc_start_main+0x80)[0x151fd200c6c0]
[gcn75:99210] [19] /projects/0/prjs1022/peclet/suite/flow/.venv/bin/python(_start+0x25)[0x401065]
[gcn75:99210] *** End of error message ***
srun: error: gcn75: task 0: Aborted (core dumped)
srun: Terminating StepId=25094513.0
