[cfg] global 12288x384x320 = 1509.9M cells  tile=64  Re=100 nu=0.64 dt=0.2  ranks=32  backend=Cuda  pressure=pcg(maxit=200,rtol=1e-05,levels=5,warmstart=1)  adv=SOU  steps=10+40
  rank 0: block 384x384x320 at [0, 0, 0]  gcn73.local.snellius.surf.nl 0000:26:00.0
  rank 1: block 384x384x320 at [384, 0, 0]  gcn73.local.snellius.surf.nl 0000:06:00.0
  rank 2: block 384x384x320 at [768, 0, 0]  gcn73.local.snellius.surf.nl 0000:C6:00.0
  rank 3: block 384x384x320 at [1152, 0, 0]  gcn73.local.snellius.surf.nl 0000:A6:00.0
  rank 4: block 384x384x320 at [1536, 0, 0]  gcn77.local.snellius.surf.nl 0000:26:00.0
  rank 5: block 384x384x320 at [1920, 0, 0]  gcn77.local.snellius.surf.nl 0000:06:00.0
  rank 6: block 384x384x320 at [2304, 0, 0]  gcn77.local.snellius.surf.nl 0000:C6:00.0
  rank 7: block 384x384x320 at [2688, 0, 0]  gcn77.local.snellius.surf.nl 0000:A6:00.0
  rank 8: block 384x384x320 at [3072, 0, 0]  gcn129.local.snellius.surf.nl 0000:26:00.0
  rank 9: block 384x384x320 at [3456, 0, 0]  gcn129.local.snellius.surf.nl 0000:06:00.0
  rank 10: block 384x384x320 at [3840, 0, 0]  gcn129.local.snellius.surf.nl 0000:C6:00.0
  rank 11: block 384x384x320 at [4224, 0, 0]  gcn129.local.snellius.surf.nl 0000:A6:00.0
  rank 12: block 384x384x320 at [4608, 0, 0]  gcn130.local.snellius.surf.nl 0000:26:00.0
  rank 13: block 384x384x320 at [4992, 0, 0]  gcn130.local.snellius.surf.nl 0000:06:00.0
  rank 14: block 384x384x320 at [5376, 0, 0]  gcn130.local.snellius.surf.nl 0000:C6:00.0
  rank 15: block 384x384x320 at [5760, 0, 0]  gcn130.local.snellius.surf.nl 0000:A6:00.0
  rank 16: block 384x384x320 at [6144, 0, 0]  gcn132.local.snellius.surf.nl 0000:26:00.0
  rank 17: block 384x384x320 at [6528, 0, 0]  gcn132.local.snellius.surf.nl 0000:06:00.0
  rank 18: block 384x384x320 at [6912, 0, 0]  gcn132.local.snellius.surf.nl 0000:C6:00.0
  rank 19: block 384x384x320 at [7296, 0, 0]  gcn132.local.snellius.surf.nl 0000:A6:00.0
  rank 20: block 384x384x320 at [7680, 0, 0]  gcn143.local.snellius.surf.nl 0000:26:00.0
  rank 21: block 384x384x320 at [8064, 0, 0]  gcn143.local.snellius.surf.nl 0000:06:00.0
  rank 22: block 384x384x320 at [8448, 0, 0]  gcn143.local.snellius.surf.nl 0000:C6:00.0
  rank 23: block 384x384x320 at [8832, 0, 0]  gcn143.local.snellius.surf.nl 0000:A6:00.0
  rank 24: block 384x384x320 at [9216, 0, 0]  gcn148.local.snellius.surf.nl 0000:26:00.0
  rank 25: block 384x384x320 at [9600, 0, 0]  gcn148.local.snellius.surf.nl 0000:06:00.0
  rank 26: block 384x384x320 at [9984, 0, 0]  gcn148.local.snellius.surf.nl 0000:C6:00.0
  rank 27: block 384x384x320 at [10368, 0, 0]  gcn148.local.snellius.surf.nl 0000:A6:00.0
  rank 28: block 384x384x320 at [10752, 0, 0]  gcn158.local.snellius.surf.nl 0000:26:00.0
  rank 29: block 384x384x320 at [11136, 0, 0]  gcn158.local.snellius.surf.nl 0000:06:00.0
  rank 30: block 384x384x320 at [11520, 0, 0]  gcn158.local.snellius.surf.nl 0000:C6:00.0
  rank 31: block 384x384x320 at [11904, 0, 0]  gcn158.local.snellius.surf.nl 0000:A6:00.0
[run] warmup 10 steps...
[run] warmup 1/10 done
[run] warmup 2/10 done
[run] warmup 3/10 done
[run] warmup 4/10 done
[run] warmup 5/10 done
[run] warmup 6/10 done
[run] warmup 7/10 done
[run] warmup 8/10 done
[run] warmup 9/10 done
[run] warmup 10/10 done
[run] step 8/40
[run] step 16/40
[run] step 24/40
[run] step 32/40
[run] step 40/40
[result] 194.9 ms/step  7748.0 Mcell/s  pressure iters/step 4.0
[phases, rank-max ms/step] step=194.8  predictor=9.7  momentum=55.6  projection=128.3  pressure_allreduce=1.9  allreduce_count=23
[out] /gpfs/work4/0/prjs1022/peclet/peclet-examples/benchmarks/parallel-scaling/snellius/results/snellius-h100/weak_np32_mgfix.json
