[cfg] global 6144x240x503 = 741.7M cells  nu=0.6667 f=0.0083333 Delta+=1.500 Lx+=9216 Ly+=360 Lz+=754  ranks=16  backend=Cuda  dt=0.02 adv=SOU  forcing=CFR 15.68  pressure=pcg(maxit=80,rtol=0.0001,levels=5,mean=fine)  momentum=20 sweeps(rtol=0.01)
  [gpu-bind] rank -> (block, host, GPU PCI bus):
    rank 0: block 384x240x503 at [0, 0, 0]  gcn84.local.snellius.surf.nl  0000:26:00.0
    rank 1: block 384x240x503 at [384, 0, 0]  gcn84.local.snellius.surf.nl  0000:06:00.0
    rank 2: block 384x240x503 at [768, 0, 0]  gcn84.local.snellius.surf.nl  0000:C6:00.0
    rank 3: block 384x240x503 at [1152, 0, 0]  gcn84.local.snellius.surf.nl  0000:A6:00.0
    rank 4: block 384x240x503 at [1536, 0, 0]  gcn86.local.snellius.surf.nl  0000:26:00.0
    rank 5: block 384x240x503 at [1920, 0, 0]  gcn86.local.snellius.surf.nl  0000:06:00.0
    rank 6: block 384x240x503 at [2304, 0, 0]  gcn86.local.snellius.surf.nl  0000:C6:00.0
    rank 7: block 384x240x503 at [2688, 0, 0]  gcn86.local.snellius.surf.nl  0000:A6:00.0
    rank 8: block 384x240x503 at [3072, 0, 0]  gcn88.local.snellius.surf.nl  0000:26:00.0
    rank 9: block 384x240x503 at [3456, 0, 0]  gcn88.local.snellius.surf.nl  0000:06:00.0
    rank 10: block 384x240x503 at [3840, 0, 0]  gcn88.local.snellius.surf.nl  0000:C6:00.0
    rank 11: block 384x240x503 at [4224, 0, 0]  gcn88.local.snellius.surf.nl  0000:A6:00.0
    rank 12: block 384x240x503 at [4608, 0, 0]  gcn153.local.snellius.surf.nl  0000:26:00.0
    rank 13: block 384x240x503 at [4992, 0, 0]  gcn153.local.snellius.surf.nl  0000:06:00.0
    rank 14: block 384x240x503 at [5376, 0, 0]  gcn153.local.snellius.surf.nl  0000:C6:00.0
    rank 15: block 384x240x503 at [5760, 0, 0]  gcn153.local.snellius.surf.nl  0000:A6:00.0
  [gpu-bind] OK: every rank on a distinct physical GPU
  it=     1 t+=    0.0 Ub+=15.68 u_tau~1.113 -uv+pk=0.044 nacc=0 [0.2 it/s]
  [hb] it=20/140  2701 ms/step avg
  [hb] it=40/140  2659 ms/step avg
  [hb] it=60/140  2644 ms/step avg
  [hb] it=80/140  2634 ms/step avg
  [hb] it=100/140  2629 ms/step avg
  it=   100 t+=    3.0 Ub+=15.68 u_tau~1.052 -uv+pk=0.967 nacc=0 [0.4 it/s]
  [hb] it=120/140  2652 ms/step avg
  [hb] it=140/140  2677 ms/step avg
[timing] steady 2753.9 ms/step over 40 steps (warmup 100 excluded) | 742M cells, 16 GPU(s) = 46.4M/GPU | 269 Mcell-updates/s
[phases, rank-max ms/step] step=2700.3  predictor=20.4  momentum=191.7  projection=2486.8  pressure_allreduce=13.8  cfr_allreduce=52.3  | pressure iters/step 80.0  allreduces/step 405  momentum sweeps/step 42.4
[bench] wrote /gpfs/work4/0/prjs1022/peclet/peclet-examples/benchmarks/channel-scaling/snellius/../results/snellius-h100/chan_np16.json
[done] 140 steps, 742M cells, 16 ranks, 2677 ms/step, nacc=0. wrote /scratch-local/tec16020.25400188/chan_chan_np16_stats.npz + /scratch-local/tec16020.25400188/chan_chan_np16.done
