[cfg] global 1920x320x640 = 393.2M cells  nu=0.8889 f=0.00625 Delta+=1.125 Lx+=2160 Ly+=360 Lz+=720  ranks=8  backend=Cuda  dt=0.02 adv=SOU  forcing=CPG  pressure=pcg(maxit=400,rtol=0.0001,levels=8,mean=fine)  momentum=20 sweeps(rtol=0.01)
  [gpu-bind] rank -> (block, host, GPU PCI bus):
    rank 0: block 480x320x320 at [0, 0, 0]  gcn104.local.snellius.surf.nl  0000:26:00.0
    rank 1: block 480x320x320 at [0, 0, 320]  gcn104.local.snellius.surf.nl  0000:06:00.0
    rank 2: block 480x320x320 at [480, 0, 0]  gcn108.local.snellius.surf.nl  0000:26:00.0
    rank 3: block 480x320x320 at [480, 0, 320]  gcn108.local.snellius.surf.nl  0000:06:00.0
    rank 4: block 480x320x320 at [960, 0, 0]  gcn109.local.snellius.surf.nl  0000:26:00.0
    rank 5: block 480x320x320 at [960, 0, 320]  gcn109.local.snellius.surf.nl  0000:06:00.0
    rank 6: block 480x320x320 at [1440, 0, 0]  gcn110.local.snellius.surf.nl  0000:26:00.0
    rank 7: block 480x320x320 at [1440, 0, 320]  gcn110.local.snellius.surf.nl  0000:06:00.0
  [gpu-bind] OK: every rank on a distinct physical GPU
  it=     1 t+=    0.0 Ub+=15.51 u_tau~1.002 -uv+pk=0.065 nacc=0 [0.1 it/s]
  [hb] it=20/140  2501 ms/step avg
  [hb] it=40/140  1424 ms/step avg
  [hb] it=60/140  1079 ms/step avg
  [hb] it=80/140  901 ms/step avg
  [hb] it=100/140  795 ms/step avg
  it=   100 t+=    2.2 Ub+=15.51 u_tau~1.007 -uv+pk=0.298 nacc=0 [1.2 it/s]
  [hb] it=120/140  745 ms/step avg
  [hb] it=140/140  696 ms/step avg
[timing] steady 416.7 ms/step over 40 steps (warmup 100 excluded) | 393M cells, 8 GPU(s) = 49.2M/GPU | 944 Mcell-updates/s
[phases, rank-max ms/step] step=416.7  predictor=23.0  momentum=58.5  projection=333.5  pressure_allreduce=1.0  cfr_allreduce=0.0  | pressure iters/step 9.2  allreduces/step 49  momentum sweeps/step 10.9
[bench] wrote /gpfs/work4/0/prjs1022/peclet/peclet-examples/benchmarks/channel-scaling/snellius/../results/snellius-h100/refine_np8_mgauto.json
[done] 140 steps, 393M cells, 8 ranks, 696 ms/step, nacc=0. wrote /scratch-local/tec16020.25499506/chan_refine_np8_mgauto_stats.npz + /scratch-local/tec16020.25499506/chan_refine_np8_mgauto.done
