[cfg] global 2048x160x640 = 209.7M cells  nu=0.4444 f=0.0125 Delta+=2.250 Lx+=4608 Ly+=360 Lz+=1440  ranks=4  backend=Cuda  dt=0.02 adv=SOU  forcing=CPG  pressure=pcg(maxit=400,rtol=0.0001,levels=8,mean=fine)  momentum=20 sweeps(rtol=0.01)
  [gpu-bind] rank -> (block, host, GPU PCI bus):
    rank 0: block 512x160x640 at [0, 0, 0]  gcn132.local.snellius.surf.nl  0000:26:00.0
    rank 1: block 512x160x640 at [512, 0, 0]  gcn132.local.snellius.surf.nl  0000:06:00.0
    rank 2: block 512x160x640 at [1024, 0, 0]  gcn132.local.snellius.surf.nl  0000:C6:00.0
    rank 3: block 512x160x640 at [1536, 0, 0]  gcn132.local.snellius.surf.nl  0000:A6:00.0
  [gpu-bind] OK: every rank on a distinct physical GPU
  it=     1 t+=    0.0 Ub+=15.53 u_tau~1.007 -uv+pk=0.029 nacc=0 [0.3 it/s]
  [hb] it=20/140  512 ms/step avg
  [hb] it=40/140  393 ms/step avg
  [hb] it=60/140  353 ms/step avg
  [hb] it=80/140  333 ms/step avg
  [hb] it=100/140  321 ms/step avg
  it=   100 t+=    4.5 Ub+=15.53 u_tau~1.014 -uv+pk=0.591 nacc=0 [2.9 it/s]
  [hb] it=120/140  334 ms/step avg
  [hb] it=140/140  325 ms/step avg
[timing] steady 269.0 ms/step over 40 steps (warmup 100 excluded) | 210M cells, 4 GPU(s) = 52.4M/GPU | 780 Mcell-updates/s
[phases, rank-max ms/step] step=269.0  predictor=22.7  momentum=46.2  projection=198.5  pressure_allreduce=0.4  cfr_allreduce=0.0  | pressure iters/step 6.0  allreduces/step 33  momentum sweeps/step 9.0
[bench] wrote /gpfs/work4/0/prjs1022/peclet/peclet-examples/benchmarks/channel-scaling/snellius/../results/snellius-h100/tile_np4.json
[done] 140 steps, 210M cells, 4 ranks, 325 ms/step, nacc=0. wrote /scratch-local/tec16020.25456769/chan_tile_np4_stats.npz + /scratch-local/tec16020.25456769/chan_tile_np4.done
