[cfg] global 512x512x512 = 134.2M cells  ranks=4  backend=Cuda  grid=collocated  IBM=cutcell  face_interp=0  bottom=auto  spheres=587 R=32.0 cells  phi=0.6003  levels=7  pressure=pcg(maxit=300,rtol=1e-08,warmstart=0)  steps=5+25 then march(tol=1e-06,max=800)
  rank 0: block 256x256x512 at [0, 0, 0]  gcn136.local.snellius.surf.nl 0000:26:00.0
  rank 1: block 256x256x512 at [0, 256, 0]  gcn136.local.snellius.surf.nl 0000:06:00.0
  rank 2: block 256x256x512 at [256, 0, 0]  gcn136.local.snellius.surf.nl 0000:C6:00.0
  rank 3: block 256x256x512 at [256, 256, 0]  gcn136.local.snellius.surf.nl 0000:A6:00.0
[sdf] built in 1.0s  voxel solid fraction=0.6002 (packing 0.6003)
[run] warmup 5 steps...
[run] warmup 1/5 done
[run] warmup 2/5 done
[run] warmup 3/5 done
[run] warmup 4/5 done
[run] warmup 5/5 done
[run] step 5/25
[run] step 10/25
[run] step 15/25
[run] step 20/25
[run] step 25/25
[perf] 1335.3 ms/step  100.5 Mcell/s (25.1/rank)  pressure iters/step 45.2
[phases, rank-max ms/step] step=1335.3  predictor=3.1  momentum=450.7  projection=880.7  pressure_allreduce=8.1  allreduce_count=232
[march] 395 steps (converged) 75561 pressure iters in 1617.8s   k/R^2 = 0.00395237
[out] /gpfs/work4/0/prjs1022/peclet/peclet-examples/benchmarks/porous-scaling/snellius/results/snellius-h100/colcmp060_R32_col_mode0.json
