[cfg] global 256x256x256 = 16.8M cells  ranks=1  backend=Cuda  grid=collocated  IBM=cutcell  face_interp=7  bottom=auto  spheres=587 R=16.0 cells  phi=0.6003  levels=6  pressure=pcg(maxit=300,rtol=1e-08,warmstart=0)  steps=5+25 then march(tol=1e-06,max=800)
  rank 0: block 256x256x256 at [0, 0, 0]  gcn130.local.snellius.surf.nl 0000:06:00.0
[sdf] built in 0.6s  voxel solid fraction=0.6002 (packing 0.6003)
[run] warmup 5 steps...
[run] warmup 1/5 done
[run] warmup 2/5 done
[run] warmup 3/5 done
[run] warmup 4/5 done
[run] warmup 5/5 done
[run] step 5/25
[run] step 10/25
[run] step 15/25
[run] step 20/25
[run] step 25/25
[perf] 544.0 ms/step  30.8 Mcell/s (30.8/rank)  pressure iters/step 29.5
[phases, rank-max ms/step] step=543.9  predictor=8.2  momentum=249.4  projection=285.8  pressure_allreduce=0.2  allreduce_count=153
peclet::flow CutcellMG::solvePCG: preconditioner produced non-finite z; returning zero correction
peclet::flow CutcellMG::solvePCG: preconditioner produced non-finite z; returning zero correction
peclet::flow CutcellMG::solvePCG: preconditioner produced non-finite z; returning zero correction
peclet::flow CutcellMG::solvePCG: preconditioner produced non-finite z; returning zero correction
peclet::flow CutcellMG::solvePCG: preconditioner produced non-finite z; returning zero correction
peclet::flow CutcellMG::solvePCG: preconditioner produced non-finite z; returning zero correction
peclet::flow CutcellMG::solvePCG: preconditioner produced non-finite z; returning zero correction
peclet::flow CutcellMG::solvePCG: preconditioner produced non-finite z; returning zero correction
peclet::flow CutcellMG::solvePCG: preconditioner produced non-finite z; returning zero correction
peclet::flow CutcellMG::solvePCG: preconditioner produced non-finite z; returning zero correction
peclet::flow CutcellMG::solvePCG: preconditioner produced non-finite z; returning zero correction
peclet::flow CutcellMG::solvePCG: preconditioner produced non-finite z; returning zero correction
peclet::flow CutcellMG::solvePCG: preconditioner produced non-finite z; returning zero correction
peclet::flow CutcellMG::solvePCG: preconditioner produced non-finite z; returning zero correction
peclet::flow CutcellMG::solvePCG: preconditioner produced non-finite z; returning zero correction
peclet::flow CutcellMG::solvePCG: preconditioner produced non-finite z; returning zero correction
peclet::flow CutcellMG::solvePCG: preconditioner produced non-finite z; returning zero correction
peclet::flow CutcellMG::solvePCG: preconditioner produced non-finite z; returning zero correction
peclet::flow CutcellMG::solvePCG: preconditioner produced non-finite z; returning zero correction
peclet::flow CutcellMG::solvePCG: preconditioner produced non-finite z; returning zero correction
peclet::flow CutcellMG::solvePCG: preconditioner produced non-finite z; returning zero correction
peclet::flow CutcellMG::solvePCG: preconditioner produced non-finite z; returning zero correction
peclet::flow CutcellMG::solvePCG: preconditioner produced non-finite z; returning zero correction
peclet::flow CutcellMG::solvePCG: preconditioner produced non-finite z; returning zero correction
peclet::flow CutcellMG::solvePCG: preconditioner produced non-finite z; returning zero correction
peclet::flow CutcellMG::solvePCG: preconditioner produced non-finite z; returning zero correction
peclet::flow CutcellMG::solvePCG: preconditioner produced non-finite z; returning zero correction
peclet::flow CutcellMG::solvePCG: preconditioner produced non-finite z; returning zero correction
peclet::flow CutcellMG::solvePCG: preconditioner produced non-finite z; returning zero correction
peclet::flow CutcellMG::solvePCG: preconditioner produced non-finite z; returning zero correction
peclet::flow CutcellMG::solvePCG: preconditioner produced non-finite z; returning zero correction
peclet::flow CutcellMG::solvePCG: preconditioner produced non-finite z; returning zero correction
peclet::flow CutcellMG::solvePCG: preconditioner produced non-finite z; returning zero correction
peclet::flow CutcellMG::solvePCG: preconditioner produced non-finite z; returning zero correction
peclet::flow CutcellMG::solvePCG: preconditioner produced non-finite z; returning zero correction
peclet::flow CutcellMG::solvePCG: preconditioner produced non-finite z; returning zero correction
peclet::flow CutcellMG::solvePCG: preconditioner produced non-finite z; returning zero correction
peclet::flow CutcellMG::solvePCG: preconditioner produced non-finite z; returning zero correction
peclet::flow CutcellMG::solvePCG: preconditioner produced non-finite z; returning zero correction
peclet::flow CutcellMG::solvePCG: preconditioner produced non-finite z; returning zero correction
peclet::flow CutcellMG::solvePCG: preconditioner produced non-finite z; returning zero correction
peclet::flow CutcellMG::solvePCG: preconditioner produced non-finite z; return[march] 800 steps (CAP) 452 pressure iters in 224.6s   k/R^2 = nan  k_face/R^2 = nan
[out] /gpfs/work4/0/prjs1022/peclet/peclet-examples/benchmarks/porous-scaling/snellius/results/snellius-h100/colcmp060_R16_col_embed7_flux.json
