[cfg] global 512x512x512 = 134.2M cells  ranks=4  backend=Cuda  grid=collocated  IBM=cutcell  face_interp=0  bottom=auto  spheres=587 R=32.0 cells  phi=0.6003  levels=7  pressure=pcg(maxit=300,rtol=1e-08,warmstart=0)  steps=5+25 then march(tol=1e-06,max=800)
  rank 0: block 256x256x512 at [0, 0, 0]  gcn128.local.snellius.surf.nl 0000:26:00.0
  rank 1: block 256x256x512 at [0, 256, 0]  gcn128.local.snellius.surf.nl 0000:06:00.0
  rank 2: block 256x256x512 at [256, 0, 0]  gcn128.local.snellius.surf.nl 0000:C6:00.0
  rank 3: block 256x256x512 at [256, 256, 0]  gcn128.local.snellius.surf.nl 0000:A6:00.0
[sdf] built in 1.0s  voxel solid fraction=0.6002 (packing 0.6003)
[run] warmup 5 steps...
[run] warmup 1/5 done
[run] warmup 2/5 done
[run] warmup 3/5 done
[run] warmup 4/5 done
[run] warmup 5/5 done
[run] step 5/25
[run] step 10/25
[run] step 15/25
[run] step 20/25
[run] step 25/25
[perf] 1329.3 ms/step  101.0 Mcell/s (25.2/rank)  pressure iters/step 45.2
[phases, rank-max ms/step] step=1329.3  predictor=3.1  momentum=450.5  projection=874.9  pressure_allreduce=7.6  allreduce_count=232
[march] 395 steps (converged) 75561 pressure iters in 1609.3s   k/R^2 = 0.00395237  k_face/R^2 = 0.0039438
[out] /gpfs/work4/0/prjs1022/peclet/peclet-examples/benchmarks/porous-scaling/snellius/results/snellius-h100/colcmp060_R32_col_mode0_flux.json
