[cfg] global 192x192x192 = 7.1M cells  ranks=1  backend=Cuda  grid=collocated  IBM=cutcell  face_interp=6  bottom=auto  spheres=489 R=12.0 cells  phi=0.5001  levels=5  pressure=pcg(maxit=300,rtol=1e-08,warmstart=0)  steps=5+25 then march(tol=1e-06,max=800)
  rank 0: block 192x192x192 at [0, 0, 0]  gcn119.local.snellius.surf.nl 0000:06:00.0
[sdf] built in 0.2s  voxel solid fraction=0.5001 (packing 0.5001)
[run] warmup 5 steps...
[run] warmup 1/5 done
[run] warmup 2/5 done
[run] warmup 3/5 done
[run] warmup 4/5 done
[run] warmup 5/5 done
[run] step 5/25
[run] step 10/25
[run] step 15/25
[run] step 20/25
[run] step 25/25
[perf] 178.5 ms/step  39.7 Mcell/s (39.7/rank)  pressure iters/step 10.0
[phases, rank-max ms/step] step=178.5  predictor=3.7  momentum=117.2  projection=57.4  pressure_allreduce=0.1  allreduce_count=53
peclet::flow CutcellMG::solvePCG: preconditioner produced non-finite z; returning zero correction
peclet::flow CutcellMG::solvePCG: preconditioner produced non-finite z; returning zero correction
peclet::flow CutcellMG::solvePCG: preconditioner produced non-finite z; returning zero correction
peclet::flow CutcellMG::solvePCG: preconditioner produced non-finite z; returning zero correction
peclet::flow CutcellMG::solvePCG: preconditioner produced non-finite z; returning zero correction
peclet::flow CutcellMG::solvePCG: preconditioner produced non-finite z; returning zero correction
peclet::flow CutcellMG::solvePCG: preconditioner produced non-finite z; returning zero correction
peclet::flow CutcellMG::solvePCG: preconditioner produced non-finite z; returning zero correction
peclet::flow CutcellMG::solvePCG: preconditioner produced non-finite z; returning zero correction
peclet::flow CutcellMG::solvePCG: preconditioner produced non-finite z; returning zero correction
peclet::flow CutcellMG::solvePCG: preconditioner produced non-finite z; returning zero correction
peclet::flow CutcellMG::solvePCG: preconditioner produced non-finite z; returning zero correction
peclet::flow CutcellMG::solvePCG: preconditioner produced non-finite z; returning zero correction
peclet::flow CutcellMG::solvePCG: preconditioner produced non-finite z; returning zero correction
peclet::flow CutcellMG::solvePCG: preconditioner produced non-finite z; returning zero correction
peclet::flow CutcellMG::solvePCG: preconditioner produced non-finite z; returning zero correction
peclet::flow CutcellMG::solvePCG: preconditioner produced non-finite z; returning zero correction
peclet::flow CutcellMG::solvePCG: preconditioner produced non-finite z; returning zero correction
peclet::flow CutcellMG::solvePCG: preconditioner produced non-finite z; returning zero correction
peclet::flow CutcellMG::solvePCG: preconditioner produced non-finite z; returning zero correction
peclet::flow CutcellMG::solvePCG: preconditioner produced non-finite z; returning zero correction
peclet::flow CutcellMG::solvePCG: preconditioner produced non-finite z; returning zero correction
peclet::flow CutcellMG::solvePCG: preconditioner produced non-finite z; returning zero correction
peclet::flow CutcellMG::solvePCG: preconditioner produced non-finite z; returning zero correction
peclet::flow CutcellMG::solvePCG: preconditioner produced non-finite z; returning zero correction
peclet::flow CutcellMG::solvePCG: preconditioner produced non-finite z; returning zero correction
peclet::flow CutcellMG::solvePCG: preconditioner produced non-finite z; returning zero correction
peclet::flow CutcellMG::solvePCG: preconditioner produced non-finite z; returning zero correction
peclet::flow CutcellMG::solvePCG: preconditioner produced non-finite z; returning zero correction
peclet::flow CutcellMG::solvePCG: preconditioner produced non-finite z; returning zero correction
peclet::flow CutcellMG::solvePCG: preconditioner produced non-finite z; returning zero correction
peclet::flow CutcellMG::solvePCG: preconditioner produced non-finite z; returning zero correction
peclet::flow CutcellMG::solvePCG: preconditioner produced non-finite z; returning zero correction
peclet::flow CutcellMG::solvePCG: preconditioner produced non-finite z; returning zero correction
peclet::flow CutcellMG::solvePCG: preconditioner produced non-finite z; returning zero correction
peclet::flow CutcellMG::solvePCG: preconditioner produced non-finite z; returning zero correction
peclet::flow CutcellMG::solvePCG: preconditioner produced non-finite z; returning zero correction
peclet::flow CutcellMG::solvePCG: preconditioner produced non-finite z; returning zero correction
peclet::flow CutcellMG::solvePCG: preconditioner produced non-finite z; returning zero correction
peclet::flow CutcellMG::solvePCG: preconditioner produced non-finite z; returning zero correction
peclet::flow CutcellMG::solvePCG: preconditioner produced non-finite z; returning zero correction
peclet::flow CutcellMG::solvePCG: preconditioner produced non-finite z; return[march] 800 steps (CAP) 347 pressure iters in 105.4s   k/R^2 = nan  k_face/R^2 = nan
[out] /gpfs/work4/0/prjs1022/peclet/peclet-examples/benchmarks/porous-scaling/snellius/results/snellius-h100/colcmp_R12_col_embed6_flux.json
