[cfg] global 384x384x384 = 56.6M cells  ranks=1  backend=Cuda  grid=collocated  IBM=cutcell  face_interp=9  bottom=auto  spheres=587 R=24.0 cells  phi=0.6003  levels=6  pressure=pcg(maxit=300,rtol=1e-08,warmstart=0)  steps=0+1 then march(tol=1e-08,max=3000)
  rank 0: block 384x384x384 at [0, 0, 0]  gcn136.local.snellius.surf.nl 0000:06:00.0
[sdf] built in 1.5s  voxel solid fraction=0.6003 (packing 0.6003)
[run] warmup 0 steps...
[run] step 1/1
[perf] 1537.9 ms/step  36.8 Mcell/s (36.8/rank)  pressure iters/step 26.0
[phases, rank-max ms/step] step=1537.8  predictor=6.2  momentum=770.8  projection=759.3  pressure_allreduce=0.3  allreduce_count=136
[trace] step    1  <u>=1.427147e-02  max|u|=1.715774e-01  max|v|=8.359490e-02  max|w|=1.018169e-01  maxdiv=4.3768e-05  iters=27
[trace] step    2  <u>=1.704585e-02  max|u|=2.368604e-01  max|v|=1.179437e-01  max|w|=1.390501e-01  maxdiv=4.3647e-05  iters=27
[trace] step    3  <u>=1.884893e-02  max|u|=2.848584e-01  max|v|=1.461335e-01  max|w|=1.742287e-01  maxdiv=2.2974e-04  iters=27
[trace] step    4  <u>=2.006616e-02  max|u|=3.187566e-01  max|v|=1.668957e-01  max|w|=2.004938e-01  maxdiv=5.4019e-06  iters=26
[trace] step    5  <u>=2.091135e-02  max|u|=3.421863e-01  max|v|=1.819450e-01  max|w|=2.196322e-01  maxdiv=5.5696e-06  iters=26
[trace] step    6  <u>=2.151119e-02  max|u|=3.581632e-01  max|v|=1.951006e-01  max|w|=2.334158e-01  maxdiv=6.6648e-06  iters=26
[trace] step    7  <u>=2.194418e-02  max|u|=3.689628e-01  max|v|=2.087776e-01  max|w|=2.435733e-01  maxdiv=1.2383e-05  iters=26
[trace] step    8  <u>=2.226095e-02  max|u|=3.762225e-01  max|v|=2.196840e-01  max|w|=2.508751e-01  maxdiv=1.3674e-06  iters=25
[trace] step    9  <u>=2.249522e-02  max|u|=3.810882e-01  max|v|=2.283770e-01  max|w|=2.561432e-01  maxdiv=1.2367e-06  iters=25
[trace] step   10  <u>=2.267004e-02  max|u|=3.843471e-01  max|v|=2.353088e-01  max|w|=2.599702e-01  maxdiv=1.0973e-06  iters=25
[trace] step   11  <u>=2.280146e-02  max|u|=3.865329e-01  max|v|=2.408402e-01  max|w|=2.627741e-01  maxdiv=9.4004e-07  iters=25
[trace] step   12  <u>=2.290088e-02  max|u|=3.899361e-01  max|v|=2.452574e-01  max|w|=2.648476e-01  maxdiv=7.7580e-07  iters=25
[trace] step   13  <u>=2.297649e-02  max|u|=3.933213e-01  max|v|=2.487873e-01  max|w|=2.663953e-01  maxdiv=6.2017e-07  iters=25
[trace] step   14  <u>=2.303426e-02  max|u|=3.959707e-01  max|v|=2.516097e-01  max|w|=2.675611e-01  maxdiv=5.4443e-07  iters=25
[trace] step   15  <u>=2.307857e-02  max|u|=3.980475e-01  max|v|=2.538677e-01  max|w|=2.684466e-01  maxdiv=4.8771e-07  iters=25
[trace] step   16  <u>=2.311268e-02  max|u|=3.996776e-01  max|v|=2.556749e-01  max|w|=2.691242e-01  maxdiv=4.3884e-07  iters=25
[trace] step   17  <u>=2.313903e-02  max|u|=4.009588e-01  max|v|=2.571221e-01  max|w|=2.696464e-01  maxdiv=3.9782e-07  iters=25
[trace] step   18  <u>=2.315944e-02  max|u|=4.019681e-01  max|v|=2.582816e-01  max|w|=2.700513e-01  maxdiv=3.6389e-07  iters=25
[trace] step   19  <u>=2.317530e-02  max|u|=4.027675e-01  max|v|=2.592109e-01  max|w|=2.703669e-01  maxdiv=3.3591e-07  iters=25
[trace] step   20  <u>=2.318765e-02  max|u|=4.033981e-01  max|v|=2.599562e-01  max|w|=2.706144e-01  maxdiv=3.1269e-07  iters=25
[trace] step   21  <u>=2.319730e-02  max|u|=4.038961e-01  max|v|=2.605542e-01  max|w|=2.708092e-01  maxdiv=2.9316e-07  iters=25
[trace] step   22  <u>=2.320485e-02  max|u|=4.042898e-01  max|v|=2.610343e-01  max|w|=2.709635e-01  maxdiv=2.7645e-07  iters=25
[trace] step   23  <u>=2.321078e-02  max|u|=4.046015e-01  max|v|=2.614199e-01  max|w|=2.710861e-01  maxdiv=2.6184e-07  iters=25
[trace] step   24  <u>=2.321545e-02  max|u|=4.048486e-01  max|v|=2.617298e-01  max|w|=2.711841e-01  maxdiv=2.4872e-07  iters=25
[trace] step   25  <u>=2.321912e-02  max|u|=4.050446e-01  max|v|=2.619790e-01  max|w|=2.712628e-01  maxdiv=2.3585e-07  iters=25
[trace] step   26  <u>=2.322203e-02  max|u|=4.052004e-01  max|v|=2.621795e-01  max|w|=2.713262e-01  maxdiv=3.8817e-09  iters=17
[trace] step   27  <u>=2.322434e-02  max|u|=4.053244e-01  max|v|=2.623409e-01  max|w|=2.713776e-01  maxdiv=3.8814e-09  iters=16
[trace] step   28  <u>=2.322617e-02  max|u|=4.054232e-01  max|v|=2.624709e-01  max|w|=2.714195e-01  maxdiv=3.8809e-09  iters=17
[trace] step   29  <u>=2.322763e-02  max|u|=4.055021e-01  max|v|=2.625757e-01  max|w|=2.714538e-01  maxdiv=3.8805e-09  iters=17
[trace] step   30  <u>=2.322879e-02  max|u|=4.055652e-01  max|v|=2.626601e-01  max|w|=2.714820e-01  maxdiv=3.8800e-09  iters=17
[trace] step   31  <u>=2.322972e-02  max|u|=4.056158e-01  max|v|=2.627283e-01  max|w|=2.715053e-01  maxdiv=3.8796e-09  iters=17
[trace] step   32  <u>=2.323047e-02  max|u|=4.056564e-01  max|v|=2.627832e-01  max|w|=2.715247e-01  maxdiv=3.8792e-09  iters=17
[trace] step   33  <u>=2.323107e-02  max|u|=4.056891e-01  max|v|=2.628276e-01  max|w|=2.715409e-01  maxdiv=3.8788e-09  iters=17
[trace] step   34  <u>=2.323156e-02  max|u|=4.057156e-01  max|v|=2.628634e-01  max|w|=2.715545e-01  maxdiv=3.8784e-09  iters=17
[trace] step   35  <u>=2.323195e-02  max|u|=4.057369e-01  max|v|=2.628924e-01  max|w|=2.715661e-01  maxdiv=3.8780e-09  iters=17
[trace] step   36  <u>=2.323227e-02  max|u|=4.057543e-01  max|v|=2.629158e-01  max|w|=2.715759e-01  maxdiv=3.8777e-09  iters=17
[trace] step   37  <u>=2.323253e-02  max|u|=4.057685e-01  max|v|=2.629347e-01  max|w|=2.715843e-01  maxdiv=3.8774e-09  iters=17
[trace] step   38  <u>=2.323275e-02  max|u|=4.057801e-01  max|v|=2.629500e-01  max|w|=2.715915e-01  maxdiv=3.8771e-09  iters=17
[trace] step   39  <u>=2.323293e-02  max|u|=4.057897e-01  max|v|=2.629624e-01  max|w|=2.715978e-01  maxdiv=3.8768e-09  iters=17
[trace] step   40  <u>=2.323307e-02  max|u|=4.057976e-01  max|v|=2.629724e-01  max|w|=2.716033e-01  maxdiv=3.8765e-09  iters=17
[trace] step   41  <u>=2.323320e-02  max|u|=4.058041e-01  max|v|=2.629805e-01  max|w|=2.716081e-01  maxdiv=3.8762e-09  iters=17
[trace] step   42  <u>=2.323330e-02  max|u|=4.058096e-01  max|v|=2.629870e-01  max|w|=2.716124e-01  maxdiv=3.8760e-09  iters=17
[trace] step   43  <u>=2.323338e-02  max|u|=4.058143e-01  max|v|=2.629923e-01  max|w|=2.716161e-01  maxdiv=3.8757e-09  iters=17
[trace] step   44  <u>=2.323346e-02  max|u|=4.058182e-01  max|v|=2.629965e-01  max|w|=2.716195e-01  maxdiv=3.8755e-09  iters=17
[trace] step   45  <u>=2.323352e-02  max|u|=4.058215e-01  max|v|=2.630000e-01  max|w|=2.716225e-01  maxdiv=3.8753e-09  iters=17
[trace] step   46  <u>=2.323357e-02  max|u|=4.058244e-01  max|v|=2.630028e-01  max|w|=2.716253e-01  maxdiv=3.8751e-09  iters=17
[trace] step   47  <u>=2.323362e-02  max|u|=4.058268e-01  max|v|=2.630050e-01  max|w|=2.716278e-01  maxdiv=3.8749e-09  iters=17
[trace] step   48  <u>=2.323366e-02  max|u|=4.058290e-01  max|v|=2.630068e-01  max|w|=2.716300e-01  maxdiv=3.8747e-09  iters=17
[trace] step   49  <u>=2.323369e-02  max|u|=4.058309e-01  max|v|=2.630082e-01  max|w|=2.716321e-01  maxdiv=3.8745e-09  iters=17
[trace] step   50  <u>=2.323373e-02  max|u|=4.058325e-01  max|v|=2.630094e-01  max|w|=2.716341e-01  maxdiv=3.8743e-09  iters=17
[trace] step   51  <u>=2.323375e-02  max|u|=4.058340e-01  max|v|=2.630103e-01  max|w|=2.716359e-01  maxdiv=3.8741e-09  iters=17
[trace] step   52  <u>=2.323378e-02  max|u|=4.058353e-01  max|v|=2.630110e-01  max|w|=2.716375e-01  maxdiv=3.8740e-09  iters=17
[trace] step   53  <u>=2.323380e-02  max|u|=4.058365e-01  max|v|=2.630116e-01  max|w|=2.716391e-01  maxdiv=3.8738e-09  iters=17
[trace] step   54  <u>=2.323382e-02  max|u|=4.058375e-01  max|v|=2.630120e-01  max|w|=2.716405e-01  maxdiv=3.8736e-09  iters=17
[trace] step   55  <u>=2.323384e-02  max|u|=4.058385e-01  max|v|=2.630124e-01  max|w|=2.716419e-01  maxdiv=3.8735e-09  iters=17
[trace] step   56  <u>=2.323386e-02  max|u|=4.058394e-01  max|v|=2.630127e-01  max|w|=2.716432e-01  maxdiv=3.8733e-09  iters=17
[trace] step   57  <u>=2.323387e-02  max|u|=4.058402e-01  max|v|=2.630129e-01  max|w|=2.716444e-01  maxdiv=3.8732e-09  iters=17
[trace] step   58  <u>=2.323389e-02  max|u|=4.058409e-01  max|v|=2.630130e-01  max|w|=2.716456e-01  maxdiv=3.8731e-09  iters=17
[trace] step   59  <u>=2.323390e-02  max|u|=4.058416e-01  max|v|=2.630131e-01  max|w|=2.716466e-01  maxdiv=3.8729e-09  iters=17
[trace] step   60  <u>=2.323391e-02  max|u|=4.058422e-01  max|v|=2.630132e-01  max|w|=2.716477e-01  maxdiv=3.8728e-09  iters=17
[trace] step   61  <u>=2.323393e-02  max|u|=4.058427e-01  max|v|=2.630132e-01  max|w|=2.716487e-01  maxdiv=3.8727e-09  iters=17
[trace] step   62  <u>=2.323394e-02  max|u|=4.058432e-01  max|v|=2.630132e-01  max|w|=2.716496e-01  maxdiv=3.8725e-09  iters=17
[trace] step   63  <u>=2.323395e-02  max|u|=4.058437e-01  max|v|=2.630132e-01  max|w|=2.716505e-01  maxdiv=3.8724e-09  iters=17
[trace] step   64  <u>=2.323396e-02  max|u|=4.058442e-01  max|v|=2.630132e-01  max|w|=2.716514e-01  maxdiv=3.8723e-09  iters=17
[trace] step   65  <u>=2.323397e-02  max|u|=4.058446e-01  max|v|=2.630132e-01  max|w|=2.716523e-01  maxdiv=3.8722e-09  iters=17
[trace] step   66  <u>=2.323398e-02  max|u|=4.058449e-01  max|v|=2.630131e-01  max|w|=2.716531e-01  maxdiv=3.8720e-09  iters=17
[trace] step   67  <u>=2.323398e-02  max|u|=4.058453e-01  max|v|=2.630131e-01  max|w|=2.716538e-01  maxdiv=3.8719e-09  iters=17
[trace] step   68  <u>=2.323399e-02  max|u|=4.058456e-01  max|v|=2.630130e-01  max|w|=2.716546e-01  maxdiv=3.8718e-09  iters=17
[trace] step   69  <u>=2.323400e-02  max|u|=4.058459e-01  max|v|=2.630130e-01  max|w|=2.716553e-01  maxdiv=3.8717e-09  iters=17
[trace] step   70  <u>=2.323401e-02  max|u|=4.058462e-01  max|v|=2.630129e-01  max|w|=2.716560e-01  maxdiv=3.8716e-09  iters=17
[trace] step   71  <u>=2.323402e-02  max|u|=4.058464e-01  max|v|=2.630129e-01  max|w|=2.716567e-01  maxdiv=3.8715e-09  iters=17
[trace] step   72  <u>=2.323402e-02  max|u|=4.058466e-01  max|v|=2.630128e-01  max|w|=2.716574e-01  maxdiv=3.8714e-09  iters=17
[trace] step   73  <u>=2.323403e-02  max|u|=4.058468e-01  max|v|=2.630127e-01  max|w|=2.716580e-01  maxdiv=3.8713e-09  iters=17
[trace] step   74  <u>=2.323404e-02  max|u|=4.058470e-01  max|v|=2.630127e-01  max|w|=2.716586e-01  maxdiv=3.8712e-09  iters=17
[trace] step   75  <u>=2.323404e-02  max|u|=4.058472e-01  max|v|=2.630126e-01  max|w|=2.716592e-01  maxdiv=3.8711e-09  iters=17
[trace] step   76  <u>=2.323405e-02  max|u|=4.058473e-01  max|v|=2.630126e-01  max|w|=2.716598e-01  maxdiv=3.8710e-09  iters=17
[trace] step   77  <u>=2.323405e-02  max|u|=4.058475e-01  max|v|=2.630125e-01  max|w|=2.716604e-01  maxdiv=3.8709e-09  iters=17
[trace] step   78  <u>=2.323406e-02  max|u|=4.058476e-01  max|v|=2.630125e-01  max|w|=2.716609e-01  maxdiv=3.8708e-09  iters=17
[trace] step   79  <u>=2.323407e-02  max|u|=4.058477e-01  max|v|=2.630124e-01  max|w|=2.716615e-01  maxdiv=3.8708e-09  iters=17
[trace] step   80  <u>=2.323407e-02  max|u|=4.058478e-01  max|v|=2.630123e-01  max|w|=2.716620e-01  maxdiv=3.8707e-09  iters=17
[trace] step   81  <u>=2.323408e-02  max|u|=4.058479e-01  max|v|=2.630123e-01  max|w|=2.716625e-01  maxdiv=3.8706e-09  iters=17
[trace] step   82  <u>=2.323408e-02  max|u|=4.058479e-01  max|v|=2.630122e-01  max|w|=2.716630e-01  maxdiv=3.8705e-09  iters=17
[trace] step   83  <u>=2.323409e-02  max|u|=4.058480e-01  max|v|=2.630122e-01  max|w|=2.716635e-01  maxdiv=3.8704e-09  iters=17
[trace] step   84  <u>=2.323409e-02  max|u|=4.058480e-01  max|v|=2.630121e-01  max|w|=2.716640e-01  maxdiv=3.8704e-09  iters=17
[trace] step   85  <u>=2.323409e-02  max|u|=4.058481e-01  max|v|=2.630121e-01  max|w|=2.716645e-01  maxdiv=3.8703e-09  iters=17
[trace] step   86  <u>=2.323410e-02  max|u|=4.058481e-01  max|v|=2.630120e-01  max|w|=2.716649e-01  maxdiv=3.8702e-09  iters=17
[trace] step   87  <u>=2.323410e-02  max|u|=4.058481e-01  max|v|=2.630120e-01  max|w|=2.716654e-01  maxdiv=3.8701e-09  iters=17
[trace] step   88  <u>=2.323411e-02  max|u|=4.058481e-01  max|v|=2.630119e-01  max|w|=2.716658e-01  maxdiv=3.8701e-09  iters=17
[trace] step   89  <u>=2.323411e-02  max|u|=4.058481e-01  max|v|=2.630119e-01  max|w|=2.716663e-01  maxdiv=3.8700e-09  iters=17
[trace] step   90  <u>=2.323412e-02  max|u|=4.058481e-01  max|v|=2.630118e-01  max|w|=2.716667e-01  maxdiv=3.8699e-09  iters=17
[trace] step   91  <u>=2.323412e-02  max|u|=4.058481e-01  max|v|=2.630118e-01  max|w|=2.716671e-01  maxdiv=3.8699e-09  iters=17
[trace] step   92  <u>=2.323412e-02  max|u|=4.058481e-01  max|v|=2.630117e-01  max|w|=2.716675e-01  maxdiv=3.8698e-09  iters=17
[trace] step   93  <u>=2.323413e-02  max|u|=4.058481e-01  max|v|=2.630117e-01  max|w|=2.716679e-01  maxdiv=3.8697e-09  iters=17
[trace] step   94  <u>=2.323413e-02  max|u|=4.058481e-01  max|v|=2.630116e-01  max|w|=2.716684e-01  maxdiv=3.8697e-09  iters=17
[trace] step   95  <u>=2.323413e-02  max|u|=4.058480e-01  max|v|=2.630116e-01  max|w|=2.716687e-01  maxdiv=3.8696e-09  iters=17
[trace] step   96  <u>=2.323414e-02  max|u|=4.058480e-01  max|v|=2.630115e-01  max|w|=2.716691e-01  maxdiv=3.8696e-09  iters=17
[trace] step   97  <u>=2.323414e-02  max|u|=4.058479e-01  max|v|=2.630115e-01  max|w|=2.716695e-01  maxdiv=3.8695e-09  iters=17
[trace] step   98  <u>=2.323414e-02  max|u|=4.058479e-01  max|v|=2.630115e-01  max|w|=2.716699e-01  maxdiv=3.8695e-09  iters=17
[trace] step   99  <u>=2.323415e-02  max|u|=4.058478e-01  max|v|=2.630114e-01  max|w|=2.716703e-01  maxdiv=3.8694e-09  iters=17
[trace] step  100  <u>=2.323415e-02  max|u|=4.058478e-01  max|v|=2.630114e-01  max|w|=2.716706e-01  maxdiv=3.8693e-09  iters=17
[trace] step  101  <u>=2.323415e-02  max|u|=4.058477e-01  max|v|=2.630113e-01  max|w|=2.716710e-01  maxdiv=3.8693e-09  iters=17
[trace] step  102  <u>=2.323415e-02  max|u|=4.058477e-01  max|v|=2.630113e-01  max|w|=2.716714e-01  maxdiv=3.8692e-09  iters=17
[trace] step  103  <u>=2.323416e-02  max|u|=4.058476e-01  max|v|=2.630112e-01  max|w|=2.716717e-01  maxdiv=3.8692e-09  iters=17
[trace] step  104  <u>=2.323416e-02  max|u|=4.058475e-01  max|v|=2.630112e-01  max|w|=2.716721e-01  maxdiv=3.8691e-09  iters=17
[trace] step  105  <u>=2.323416e-02  max|u|=4.058475e-01  max|v|=2.630112e-01  max|w|=2.716724e-01  maxdiv=3.8691e-09  iters=17
[trace] step  106  <u>=2.323417e-02  max|u|=4.058474e-01  max|v|=2.630111e-01  max|w|=2.716728e-01  maxdiv=3.8691e-09  iters=17
[trace] step  107  <u>=2.323417e-02  max|u|=4.058473e-01  max|v|=2.630111e-01  max|w|=2.716731e-01  maxdiv=3.8690e-09  iters=17
[trace] step  108  <u>=2.323417e-02  max|u|=4.058472e-01  max|v|=2.630110e-01  max|w|=2.716734e-01  maxdiv=3.8690e-09  iters=17
[trace] step  109  <u>=2.323417e-02  max|u|=4.058471e-01  max|v|=2.630110e-01  max|w|=2.716738e-01  maxdiv=3.8689e-09  iters=17
[trace] step  110  <u>=2.323418e-02  max|u|=4.058471e-01  max|v|=2.630109e-01  max|w|=2.716741e-01  maxdiv=3.8689e-09  iters=17
[trace] step  111  <u>=2.323418e-02  max|u|=4.058470e-01  max|v|=2.630109e-01  max|w|=2.716744e-01  maxdiv=3.8688e-09  iters=17
[trace] step  112  <u>=2.323418e-02  max|u|=4.058469e-01  max|v|=2.630109e-01  max|w|=2.716747e-01  maxdiv=3.8688e-09  iters=17
[trace] step  113  <u>=2.323418e-02  max|u|=4.058468e-01  max|v|=2.630108e-01  max|w|=2.716750e-01  maxdiv=3.8688e-09  iters=17
[trace] step  114  <u>=2.323418e-02  max|u|=4.058467e-01  max|v|=2.630108e-01  max|w|=2.716753e-01  maxdiv=3.8687e-09  iters=17
[trace] step  115  <u>=2.323419e-02  max|u|=4.058466e-01  max|v|=2.630107e-01  max|w|=2.716756e-01  maxdiv=3.8687e-09  iters=17
[trace] step  116  <u>=2.323419e-02  max|u|=4.058465e-01  max|v|=2.630107e-01  max|w|=2.716759e-01  maxdiv=3.8686e-09  iters=17
[trace] step  117  <u>=2.323419e-02  max|u|=4.058464e-01  max|v|=2.630107e-01  max|w|=2.716762e-01  maxdiv=3.8686e-09  iters=17
[trace] step  118  <u>=2.323419e-02  max|u|=4.058463e-01  max|v|=2.630106e-01  max|w|=2.716765e-01  maxdiv=3.8686e-09  iters=17
[trace] step  119  <u>=2.323419e-02  max|u|=4.058462e-01  max|v|=2.630106e-01  max|w|=2.716768e-01  maxdiv=3.8685e-09  iters=17
[trace] step  120  <u>=2.323420e-02  max|u|=4.058461e-01  max|v|=2.630105e-01  max|w|=2.716771e-01  maxdiv=3.8685e-09  iters=17
[trace] step  121  <u>=2.323420e-02  max|u|=4.058460e-01  max|v|=2.630105e-01  max|w|=2.716774e-01  maxdiv=3.8685e-09  iters=17
[trace] step  122  <u>=2.323420e-02  max|u|=4.058459e-01  max|v|=2.630104e-01  max|w|=2.716777e-01  maxdiv=3.8685e-09  iters=17
[trace] step  123  <u>=2.323420e-02  max|u|=4.058458e-01  max|v|=2.630104e-01  max|w|=2.716780e-01  maxdiv=3.8684e-09  iters=17
[trace] step  124  <u>=2.323420e-02  max|u|=4.058457e-01  max|v|=2.630104e-01  max|w|=2.716783e-01  maxdiv=3.8684e-09  iters=17
[trace] step  125  <u>=2.323421e-02  max|u|=4.058456e-01  max|v|=2.630103e-01  max|w|=2.716785e-01  maxdiv=3.8684e-09  iters=17
[trace] step  126  <u>=2.323421e-02  max|u|=4.058455e-01  max|v|=2.630103e-01  max|w|=2.716788e-01  maxdiv=3.8683e-09  iters=17
[trace] step  127  <u>=2.323421e-02  max|u|=4.058454e-01  max|v|=2.630102e-01  max|w|=2.716791e-01  maxdiv=3.8683e-09  iters=17
[trace] step  128  <u>=2.323421e-02  max|u|=4.058453e-01  max|v|=2.630102e-01  max|w|=2.716794e-01  maxdiv=3.8683e-09  iters=17
[trace] step  129  <u>=2.323421e-02  max|u|=4.058452e-01  max|v|=2.630101e-01  max|w|=2.716796e-01  maxdiv=3.8683e-09  iters=17
[trace] step  130  <u>=2.323421e-02  max|u|=4.058451e-01  max|v|=2.630101e-01  max|w|=2.716799e-01  maxdiv=3.8682e-09  iters=17
[trace] step  131  <u>=2.323421e-02  max|u|=4.058450e-01  max|v|=2.630101e-01  max|w|=2.716801e-01  maxdiv=3.8682e-09  iters=17
[trace] step  132  <u>=2.323422e-02  max|u|=4.058450e-01  max|v|=2.630100e-01  max|w|=2.716804e-01  maxdiv=3.8682e-09  iters=17
[trace] step  133  <u>=2.323422e-02  max|u|=4.058449e-01  max|v|=2.630100e-01  max|w|=2.716807e-01  maxdiv=3.8682e-09  iters=17
[trace] step  134  <u>=2.323422e-02  max|u|=4.058448e-01  max|v|=2.630099e-01  max|w|=2.716809e-01  maxdiv=3.8681e-09  iters=17
[trace] step  135  <u>=2.323422e-02  max|u|=4.058447e-01  max|v|=2.630099e-01  max|w|=2.716812e-01  maxdiv=3.8681e-09  iters=17
[trace] step  136  <u>=2.323422e-02  max|u|=4.058446e-01  max|v|=2.630098e-01  max|w|=2.716814e-01  maxdiv=3.8681e-09  iters=17
[trace] step  137  <u>=2.323422e-02  max|u|=4.058445e-01  max|v|=2.630098e-01  max|w|=2.716817e-01  maxdiv=3.8681e-09  iters=17
[trace] step  138  <u>=2.323422e-02  max|u|=4.058444e-01  max|v|=2.630098e-01  max|w|=2.716819e-01  maxdiv=3.8682e-09  iters=16
[trace] step  139  <u>=2.323423e-02  max|u|=4.058443e-01  max|v|=2.630097e-01  max|w|=2.716821e-01  maxdiv=3.8682e-09  iters=16
[trace] step  140  <u>=2.323423e-02  max|u|=4.058442e-01  max|v|=2.630097e-01  max|w|=2.716824e-01  maxdiv=3.8681e-09  iters=16
[trace] step  141  <u>=2.323423e-02  max|u|=4.058441e-01  max|v|=2.630096e-01  max|w|=2.716826e-01  maxdiv=3.8681e-09  iters=16
[trace] step  142  <u>=2.323423e-02  max|u|=4.058440e-01  max|v|=2.630096e-01  max|w|=2.716828e-01  maxdiv=3.8681e-09  iters=16
[trace] step  143  <u>=2.323423e-02  max|u|=4.058439e-01  max|v|=2.630095e-01  max|w|=2.716831e-01  maxdiv=3.8681e-09  iters=16
[trace] step  144  <u>=2.323423e-02  max|u|=4.058438e-01  max|v|=2.630095e-01  max|w|=2.716833e-01  maxdiv=3.8681e-09  iters=16
[trace] step  145  <u>=2.323423e-02  max|u|=4.058437e-01  max|v|=2.630094e-01  max|w|=2.716835e-01  maxdiv=3.8680e-09  iters=16
[trace] step  146  <u>=2.323423e-02  max|u|=4.058436e-01  max|v|=2.630094e-01  max|w|=2.716838e-01  maxdiv=3.8680e-09  iters=16
[trace] step  147  <u>=2.323424e-02  max|u|=4.058435e-01  max|v|=2.630094e-01  max|w|=2.716840e-01  maxdiv=3.8680e-09  iters=16
[trace] step  148  <u>=2.323424e-02  max|u|=4.058434e-01  max|v|=2.630093e-01  max|w|=2.716842e-01  maxdiv=3.8680e-09  iters=16
[trace] step  149  <u>=2.323424e-02  max|u|=4.058433e-01  max|v|=2.630093e-01  max|w|=2.716844e-01  maxdiv=3.8680e-09  iters=16
[trace] step  150  <u>=2.323424e-02  max|u|=4.058432e-01  max|v|=2.630092e-01  max|w|=2.716846e-01  maxdiv=3.8680e-09  iters=16
[trace] step  151  <u>=2.323424e-02  max|u|=4.058431e-01  max|v|=2.630092e-01  max|w|=2.716849e-01  maxdiv=3.8679e-09  iters=16
[trace] step  152  <u>=2.323424e-02  max|u|=4.058431e-01  max|v|=2.630091e-01  max|w|=2.716851e-01  maxdiv=3.8679e-09  iters=16
[trace] step  153  <u>=2.323424e-02  max|u|=4.058430e-01  max|v|=2.630091e-01  max|w|=2.716853e-01  maxdiv=3.8679e-09  iters=16
[trace] step  154  <u>=2.323424e-02  max|u|=4.058429e-01  max|v|=2.630091e-01  max|w|=2.716855e-01  maxdiv=3.8679e-09  iters=16
[trace] step  155  <u>=2.323424e-02  max|u|=4.058428e-01  max|v|=2.630090e-01  max|w|=2.716857e-01  maxdiv=3.8679e-09  iters=16
[trace] step  156  <u>=2.323424e-02  max|u|=4.058427e-01  max|v|=2.630090e-01  max|w|=2.716859e-01  maxdiv=3.8679e-09  iters=16
[trace] step  157  <u>=2.323425e-02  max|u|=4.058426e-01  max|v|=2.630089e-01  max|w|=2.716861e-01  maxdiv=3.8679e-09  iters=16
[trace] step  158  <u>=2.323425e-02  max|u|=4.058425e-01  max|v|=2.630089e-01  max|w|=2.716863e-01  maxdiv=3.8679e-09  iters=16
[trace] step  159  <u>=2.323425e-02  max|u|=4.058425e-01  max|v|=2.630088e-01  max|w|=2.716865e-01  maxdiv=3.8678e-09  iters=16
[trace] step  160  <u>=2.323425e-02  max|u|=4.058424e-01  max|v|=2.630088e-01  max|w|=2.716867e-01  maxdiv=3.8678e-09  iters=16
[trace] step  161  <u>=2.323425e-02  max|u|=4.058423e-01  max|v|=2.630087e-01  max|w|=2.716869e-01  maxdiv=3.8678e-09  iters=16
[trace] step  162  <u>=2.323425e-02  max|u|=4.058422e-01  max|v|=2.630087e-01  max|w|=2.716871e-01  maxdiv=3.8678e-09  iters=16
[trace] step  163  <u>=2.323425e-02  max|u|=4.058421e-01  max|v|=2.630087e-01  max|w|=2.716873e-01  maxdiv=3.8678e-09  iters=16
[trace] step  164  <u>=2.323425e-02  max|u|=4.058420e-01  max|v|=2.630086e-01  max|w|=2.716875e-01  maxdiv=3.8678e-09  iters=16
[trace] step  165  <u>=2.323425e-02  max|u|=4.058420e-01  max|v|=2.630086e-01  max|w|=2.716877e-01  maxdiv=3.8678e-09  iters=16
[trace] step  166  <u>=2.323425e-02  max|u|=4.058419e-01  max|v|=2.630085e-01  max|w|=2.716879e-01  maxdiv=3.8678e-09  iters=16
[trace] step  167  <u>=2.323425e-02  max|u|=4.058418e-01  max|v|=2.630085e-01  max|w|=2.716881e-01  maxdiv=3.8677e-09  iters=16
[trace] step  168  <u>=2.323426e-02  max|u|=4.058417e-01  max|v|=2.630084e-01  max|w|=2.716883e-01  maxdiv=3.8677e-09  iters=16
[trace] step  169  <u>=2.323426e-02  max|u|=4.058417e-01  max|v|=2.630084e-01  max|w|=2.716884e-01  maxdiv=3.8677e-09  iters=16
[trace] step  170  <u>=2.323426e-02  max|u|=4.058416e-01  max|v|=2.630084e-01  max|w|=2.716886e-01  maxdiv=3.8677e-09  iters=16
[trace] step  171  <u>=2.323426e-02  max|u|=4.058415e-01  max|v|=2.630083e-01  max|w|=2.716888e-01  maxdiv=3.8677e-09  iters=16
[trace] step  172  <u>=2.323426e-02  max|u|=4.058414e-01  max|v|=2.630083e-01  max|w|=2.716890e-01  maxdiv=3.8677e-09  iters=16
[trace] step  173  <u>=2.323426e-02  max|u|=4.058414e-01  max|v|=2.630082e-01  max|w|=2.716892e-01  maxdiv=3.8677e-09  iters=16
[trace] step  174  <u>=2.323426e-02  max|u|=4.058413e-01  max|v|=2.630082e-01  max|w|=2.716893e-01  maxdiv=3.8677e-09  iters=16
[trace] step  175  <u>=2.323426e-02  max|u|=4.058412e-01  max|v|=2.630081e-01  max|w|=2.716895e-01  maxdiv=3.8677e-09  iters=16
[trace] step  176  <u>=2.323426e-02  max|u|=4.058412e-01  max|v|=2.630081e-01  max|w|=2.716897e-01  maxdiv=3.8677e-09  iters=16
[trace] step  177  <u>=2.323426e-02  max|u|=4.058411e-01  max|v|=2.630081e-01  max|w|=2.716898e-01  maxdiv=3.8677e-09  iters=16
[trace] step  178  <u>=2.323426e-02  max|u|=4.058410e-01  max|v|=2.630080e-01  max|w|=2.716900e-01  maxdiv=3.8677e-09  iters=16
[trace] step  179  <u>=2.323426e-02  max|u|=4.058409e-01  max|v|=2.630080e-01  max|w|=2.716902e-01  maxdiv=3.8676e-09  iters=16
[trace] step  180  <u>=2.323426e-02  max|u|=4.058409e-01  max|v|=2.630079e-01  max|w|=2.716904e-01  maxdiv=3.8676e-09  iters=16
[trace] step  181  <u>=2.323426e-02  max|u|=4.058408e-01  max|v|=2.630079e-01  max|w|=2.716905e-01  maxdiv=3.8676e-09  iters=16
[trace] step  182  <u>=2.323427e-02  max|u|=4.058407e-01  max|v|=2.630078e-01  max|w|=2.716907e-01  maxdiv=3.8676e-09  iters=16
[trace] step  183  <u>=2.323427e-02  max|u|=4.058407e-01  max|v|=2.630078e-01  max|w|=2.716908e-01  maxdiv=3.8676e-09  iters=16
[trace] step  184  <u>=2.323427e-02  max|u|=4.058406e-01  max|v|=2.630078e-01  max|w|=2.716910e-01  maxdiv=3.8676e-09  iters=16
[trace] step  185  <u>=2.323427e-02  max|u|=4.058406e-01  max|v|=2.630077e-01  max|w|=2.716912e-01  maxdiv=3.8676e-09  iters=16
[trace] step  186  <u>=2.323427e-02  max|u|=4.058405e-01  max|v|=2.630077e-01  max|w|=2.716913e-01  maxdiv=3.8676e-09  iters=16
[trace] step  187  <u>=2.323427e-02  max|u|=4.058404e-01  max|v|=2.630076e-01  max|w|=2.716915e-01  maxdiv=3.8676e-09  iters=16
[trace] step  188  <u>=2.323427e-02  max|u|=4.058404e-01  max|v|=2.630076e-01  max|w|=2.716916e-01  maxdiv=3.8676e-09  iters=16
[trace] step  189  <u>=2.323427e-02  max|u|=4.058403e-01  max|v|=2.630075e-01  max|w|=2.716918e-01  maxdiv=3.8676e-09  iters=16
[trace] step  190  <u>=2.323427e-02  max|u|=4.058402e-01  max|v|=2.630075e-01  max|w|=2.716919e-01  maxdiv=3.8676e-09  iters=16
[trace] step  191  <u>=2.323427e-02  max|u|=4.058402e-01  max|v|=2.630075e-01  max|w|=2.716921e-01  maxdiv=3.8676e-09  iters=16
[trace] step  192  <u>=2.323427e-02  max|u|=4.058401e-01  max|v|=2.630074e-01  max|w|=2.716922e-01  maxdiv=3.8676e-09  iters=16
[trace] step  193  <u>=2.323427e-02  max|u|=4.058401e-01  max|v|=2.630074e-01  max|w|=2.716924e-01  maxdiv=3.8676e-09  iters=16
[trace] step  194  <u>=2.323427e-02  max|u|=4.058400e-01  max|v|=2.630073e-01  max|w|=2.716925e-01  maxdiv=3.8675e-09  iters=16
[trace] step  195  <u>=2.323427e-02  max|u|=4.058400e-01  max|v|=2.630073e-01  max|w|=2.716927e-01  maxdiv=3.8675e-09  iters=16
[trace] step  196  <u>=2.323427e-02  max|u|=4.058399e-01  max|v|=2.630073e-01  max|w|=2.716928e-01  maxdiv=3.8675e-09  iters=16
[trace] step  197  <u>=2.323427e-02  max|u|=4.058398e-01  max|v|=2.630072e-01  max|w|=2.716930e-01  maxdiv=3.8675e-09  iters=16
[trace] step  198  <u>=2.323427e-02  max|u|=4.058398e-01  max|v|=2.630072e-01  max|w|=2.716931e-01  maxdiv=3.8675e-09  iters=16
[trace] step  199  <u>=2.323427e-02  max|u|=4.058397e-01  max|v|=2.630071e-01  max|w|=2.716933e-01  maxdiv=3.8675e-09  iters=16
[trace] step  200  <u>=2.323428e-02  max|u|=4.058397e-01  max|v|=2.630071e-01  max|w|=2.716934e-01  maxdiv=3.8675e-09  iters=16
[trace] step  201  <u>=2.323428e-02  max|u|=4.058396e-01  max|v|=2.630071e-01  max|w|=2.716935e-01  maxdiv=3.8675e-09  iters=16
[trace] step  202  <u>=2.323428e-02  max|u|=4.058396e-01  max|v|=2.630070e-01  max|w|=2.716937e-01  maxdiv=3.8675e-09  iters=16
[trace] step  203  <u>=2.323428e-02  max|u|=4.058396e-01  max|v|=2.630070e-01  max|w|=2.716938e-01  maxdiv=3.8675e-09  iters=16
[trace] step  204  <u>=2.323428e-02  max|u|=4.058397e-01  max|v|=2.630070e-01  max|w|=2.716939e-01  maxdiv=3.8675e-09  iters=16
[trace] step  205  <u>=2.323428e-02  max|u|=4.058399e-01  max|v|=2.630069e-01  max|w|=2.716941e-01  maxdiv=3.8675e-09  iters=16
[trace] step  206  <u>=2.323428e-02  max|u|=4.058401e-01  max|v|=2.630069e-01  max|w|=2.716942e-01  maxdiv=3.8675e-09  iters=16
[trace] step  207  <u>=2.323428e-02  max|u|=4.058402e-01  max|v|=2.630068e-01  max|w|=2.716943e-01  maxdiv=3.8675e-09  iters=16
[trace] step  208  <u>=2.323428e-02  max|u|=4.058404e-01  max|v|=2.630068e-01  max|w|=2.716945e-01  maxdiv=3.8675e-09  iters=16
[trace] step  209  <u>=2.323428e-02  max|u|=4.058405e-01  max|v|=2.630068e-01  max|w|=2.716946e-01  maxdiv=3.8675e-09  iters=16
[trace] step  210  <u>=2.323428e-02  max|u|=4.058407e-01  max|v|=2.630067e-01  max|w|=2.716947e-01  maxdiv=3.8675e-09  iters=16
[trace] step  211  <u>=2.323428e-02  max|u|=4.058408e-01  max|v|=2.630067e-01  max|w|=2.716948e-01  maxdiv=3.8675e-09  iters=16
[trace] step  212  <u>=2.323428e-02  max|u|=4.058410e-01  max|v|=2.630066e-01  max|w|=2.716950e-01  maxdiv=3.8675e-09  iters=16
[trace] step  213  <u>=2.323428e-02  max|u|=4.058411e-01  max|v|=2.630066e-01  max|w|=2.716951e-01  maxdiv=3.8675e-09  iters=16
[trace] step  214  <u>=2.323428e-02  max|u|=4.058413e-01  max|v|=2.630066e-01  max|w|=2.716952e-01  maxdiv=3.8675e-09  iters=16
[trace] step  215  <u>=2.323428e-02  max|u|=4.058414e-01  max|v|=2.630065e-01  max|w|=2.716953e-01  maxdiv=3.8675e-09  iters=16
[trace] step  216  <u>=2.323428e-02  max|u|=4.058415e-01  max|v|=2.630065e-01  max|w|=2.716955e-01  maxdiv=3.8675e-09  iters=16
[trace] step  217  <u>=2.323428e-02  max|u|=4.058417e-01  max|v|=2.630065e-01  max|w|=2.716956e-01  maxdiv=3.8675e-09  iters=16
[trace] step  218  <u>=2.323428e-02  max|u|=4.058418e-01  max|v|=2.630064e-01  max|w|=2.716957e-01  maxdiv=3.8675e-09  iters=16
[trace] step  219  <u>=2.323428e-02  max|u|=4.058420e-01  max|v|=2.630064e-01  max|w|=2.716958e-01  maxdiv=3.8674e-09  iters=16
[trace] step  220  <u>=2.323428e-02  max|u|=4.058421e-01  max|v|=2.630064e-01  max|w|=2.716959e-01  maxdiv=3.8674e-09  iters=16
[trace] step  221  <u>=2.323428e-02  max|u|=4.058422e-01  max|v|=2.630063e-01  max|w|=2.716961e-01  maxdiv=3.8674e-09  iters=16
[trace] step  222  <u>=2.323428e-02  max|u|=4.058424e-01  max|v|=2.630063e-01  max|w|=2.716962e-01  maxdiv=3.8674e-09  iters=16
[trace] step  223  <u>=2.323429e-02  max|u|=4.058425e-01  max|v|=2.630062e-01  max|w|=2.716963e-01  maxdiv=3.8674e-09  iters=16
[trace] step  224  <u>=2.323429e-02  max|u|=4.058426e-01  max|v|=2.630062e-01  max|w|=2.716964e-01  maxdiv=3.8674e-09  iters=16
[trace] step  225  <u>=2.323429e-02  max|u|=4.058428e-01  max|v|=2.630062e-01  max|w|=2.716965e-01  maxdiv=3.8674e-09  iters=16
[trace] step  226  <u>=2.323429e-02  max|u|=4.058429e-01  max|v|=2.630061e-01  max|w|=2.716966e-01  maxdiv=3.8674e-09  iters=16
[trace] step  227  <u>=2.323429e-02  max|u|=4.058430e-01  max|v|=2.630061e-01  max|w|=2.716967e-01  maxdiv=3.8674e-09  iters=16
[trace] step  228  <u>=2.323429e-02  max|u|=4.058431e-01  max|v|=2.630061e-01  max|w|=2.716968e-01  maxdiv=3.8674e-09  iters=16
[trace] step  229  <u>=2.323429e-02  max|u|=4.058433e-01  max|v|=2.630060e-01  max|w|=2.716970e-01  maxdiv=3.8674e-09  iters=16
[trace] step  230  <u>=2.323429e-02  max|u|=4.058434e-01  max|v|=2.630060e-01  max|w|=2.716971e-01  maxdiv=3.8674e-09  iters=16
[trace] step  231  <u>=2.323429e-02  max|u|=4.058435e-01  max|v|=2.630060e-01  max|w|=2.716972e-01  maxdiv=3.8674e-09  iters=16
[trace] step  232  <u>=2.323429e-02  max|u|=4.058436e-01  max|v|=2.630059e-01  max|w|=2.716973e-01  maxdiv=3.8674e-09  iters=16
[trace] step  233  <u>=2.323429e-02  max|u|=4.058438e-01  max|v|=2.630059e-01  max|w|=2.716974e-01  maxdiv=3.8674e-09  iters=16
[trace] step  234  <u>=2.323429e-02  max|u|=4.058439e-01  max|v|=2.630059e-01  max|w|=2.716975e-01  maxdiv=3.8674e-09  iters=16
[trace] step  235  <u>=2.323429e-02  max|u|=4.058440e-01  max|v|=2.630058e-01  max|w|=2.716976e-01  maxdiv=3.8674e-09  iters=16
[trace] step  236  <u>=2.323429e-02  max|u|=4.058441e-01  max|v|=2.630058e-01  max|w|=2.716977e-01  maxdiv=3.8674e-09  iters=16
[trace] step  237  <u>=2.323429e-02  max|u|=4.058442e-01  max|v|=2.630058e-01  max|w|=2.716978e-01  maxdiv=3.8674e-09  iters=16
[trace] step  238  <u>=2.323429e-02  max|u|=4.058443e-01  max|v|=2.630057e-01  max|w|=2.716979e-01  maxdiv=3.8674e-09  iters=16
[trace] step  239  <u>=2.323429e-02  max|u|=4.058445e-01  max|v|=2.630057e-01  max|w|=2.716980e-01  maxdiv=3.8674e-09  iters=16
[trace] step  240  <u>=2.323429e-02  max|u|=4.058446e-01  max|v|=2.630057e-01  max|w|=2.716981e-01  maxdiv=3.8674e-09  iters=16
[trace] step  241  <u>=2.323429e-02  max|u|=4.058447e-01  max|v|=2.630056e-01  max|w|=2.716982e-01  maxdiv=3.8674e-09  iters=16
[trace] step  242  <u>=2.323429e-02  max|u|=4.058448e-01  max|v|=2.630056e-01  max|w|=2.716983e-01  maxdiv=3.8674e-09  iters=16
[trace] step  243  <u>=2.323429e-02  max|u|=4.058449e-01  max|v|=2.630056e-01  max|w|=2.716984e-01  maxdiv=3.8674e-09  iters=16
[trace] step  244  <u>=2.323429e-02  max|u|=4.058450e-01  max|v|=2.630055e-01  max|w|=2.716985e-01  maxdiv=3.8674e-09  iters=16
[trace] step  245  <u>=2.323429e-02  max|u|=4.058451e-01  max|v|=2.630055e-01  max|w|=2.716986e-01  maxdiv=3.8674e-09  iters=16
[trace] step  246  <u>=2.323429e-02  max|u|=4.058452e-01  max|v|=2.630055e-01  max|w|=2.716987e-01  maxdiv=3.8674e-09  iters=16
[trace] step  247  <u>=2.323429e-02  max|u|=4.058453e-01  max|v|=2.630054e-01  max|w|=2.716988e-01  maxdiv=3.8674e-09  iters=16
[trace] step  248  <u>=2.323429e-02  max|u|=4.058454e-01  max|v|=2.630054e-01  max|w|=2.716989e-01  maxdiv=3.8674e-09  iters=16
[trace] step  249  <u>=2.323429e-02  max|u|=4.058455e-01  max|v|=2.630054e-01  max|w|=2.716989e-01  maxdiv=3.8674e-09  iters=16
[trace] step  250  <u>=2.323429e-02  max|u|=4.058456e-01  max|v|=2.630053e-01  max|w|=2.716990e-01  maxdiv=3.8674e-09  iters=16
[trace] step  251  <u>=2.323429e-02  max|u|=4.058458e-01  max|v|=2.630053e-01  max|w|=2.716991e-01  maxdiv=3.8674e-09  iters=16
[trace] step  252  <u>=2.323429e-02  max|u|=4.058459e-01  max|v|=2.630053e-01  max|w|=2.716992e-01  maxdiv=3.8674e-09  iters=16
[trace] step  253  <u>=2.323429e-02  max|u|=4.058460e-01  max|v|=2.630052e-01  max|w|=2.716993e-01  maxdiv=3.8674e-09  iters=16
[trace] step  254  <u>=2.323429e-02  max|u|=4.058461e-01  max|v|=2.630052e-01  max|w|=2.716994e-01  maxdiv=3.8674e-09  iters=16
[trace] step  255  <u>=2.323429e-02  max|u|=4.058461e-01  max|v|=2.630052e-01  max|w|=2.716995e-01  maxdiv=3.8674e-09  iters=16
[trace] step  256  <u>=2.323429e-02  max|u|=4.058462e-01  max|v|=2.630052e-01  max|w|=2.716996e-01  maxdiv=3.8674e-09  iters=16
[trace] step  257  <u>=2.323430e-02  max|u|=4.058463e-01  max|v|=2.630051e-01  max|w|=2.716997e-01  maxdiv=3.8673e-09  iters=16
[trace] step  258  <u>=2.323430e-02  max|u|=4.058464e-01  max|v|=2.630051e-01  max|w|=2.716997e-01  maxdiv=3.8673e-09  iters=16
[trace] step  259  <u>=2.323430e-02  max|u|=4.058465e-01  max|v|=2.630051e-01  max|w|=2.716998e-01  maxdiv=3.8673e-09  iters=16
[trace] step  260  <u>=2.323430e-02  max|u|=4.058466e-01  max|v|=2.630050e-01  max|w|=2.716999e-01  maxdiv=3.8673e-09  iters=16
[trace] step  261  <u>=2.323430e-02  max|u|=4.058467e-01  max|v|=2.630050e-01  max|w|=2.717000e-01  maxdiv=3.8673e-09  iters=16
[trace] step  262  <u>=2.323430e-02  max|u|=4.058468e-01  max|v|=2.630050e-01  max|w|=2.717001e-01  maxdiv=3.8673e-09  iters=16
[trace] step  263  <u>=2.323430e-02  max|u|=4.058469e-01  max|v|=2.630050e-01  max|w|=2.717002e-01  maxdiv=3.8673e-09  iters=16
[trace] step  264  <u>=2.323430e-02  max|u|=4.058470e-01  max|v|=2.630049e-01  max|w|=2.717002e-01  maxdiv=3.8673e-09  iters=16
[trace] step  265  <u>=2.323430e-02  max|u|=4.058471e-01  max|v|=2.630049e-01  max|w|=2.717003e-01  maxdiv=3.8673e-09  iters=16
[trace] step  266  <u>=2.323430e-02  max|u|=4.058472e-01  max|v|=2.630049e-01  max|w|=2.717004e-01  maxdiv=3.8673e-09  iters=16
[trace] step  267  <u>=2.323430e-02  max|u|=4.058473e-01  max|v|=2.630048e-01  max|w|=2.717005e-01  maxdiv=3.8673e-09  iters=16
[trace] step  268  <u>=2.323430e-02  max|u|=4.058473e-01  max|v|=2.630048e-01  max|w|=2.717006e-01  maxdiv=3.8673e-09  iters=16
[trace] step  269  <u>=2.323430e-02  max|u|=4.058474e-01  max|v|=2.630048e-01  max|w|=2.717006e-01  maxdiv=3.8673e-09  iters=16
[trace] step  270  <u>=2.323430e-02  max|u|=4.058475e-01  max|v|=2.630048e-01  max|w|=2.717007e-01  maxdiv=3.8673e-09  iters=16
[trace] step  271  <u>=2.323430e-02  max|u|=4.058476e-01  max|v|=2.630047e-01  max|w|=2.717008e-01  maxdiv=3.8673e-09  iters=16
[trace] step  272  <u>=2.323430e-02  max|u|=4.058477e-01  max|v|=2.630047e-01  max|w|=2.717009e-01  maxdiv=3.8673e-09  iters=16
[trace] step  273  <u>=2.323430e-02  max|u|=4.058478e-01  max|v|=2.630047e-01  max|w|=2.717009e-01  maxdiv=3.8673e-09  iters=16
[trace] step  274  <u>=2.323430e-02  max|u|=4.058479e-01  max|v|=2.630046e-01  max|w|=2.717010e-01  maxdiv=3.8673e-09  iters=16
[trace] step  275  <u>=2.323430e-02  max|u|=4.058479e-01  max|v|=2.630046e-01  max|w|=2.717011e-01  maxdiv=3.8673e-09  iters=16
[trace] step  276  <u>=2.323430e-02  max|u|=4.058480e-01  max|v|=2.630046e-01  max|w|=2.717012e-01  maxdiv=3.8673e-09  iters=16
[trace] step  277  <u>=2.323430e-02  max|u|=4.058481e-01  max|v|=2.630046e-01  max|w|=2.717012e-01  maxdiv=3.8673e-09  iters=16
[trace] step  278  <u>=2.323430e-02  max|u|=4.058482e-01  max|v|=2.630045e-01  max|w|=2.717013e-01  maxdiv=3.8673e-09  iters=16
[trace] step  279  <u>=2.323430e-02  max|u|=4.058483e-01  max|v|=2.630045e-01  max|w|=2.717014e-01  maxdiv=3.8673e-09  iters=16
[trace] step  280  <u>=2.323430e-02  max|u|=4.058483e-01  max|v|=2.630045e-01  max|w|=2.717014e-01  maxdiv=3.8673e-09  iters=16
[trace] step  281  <u>=2.323430e-02  max|u|=4.058484e-01  max|v|=2.630045e-01  max|w|=2.717015e-01  maxdiv=3.8673e-09  iters=16
[trace] step  282  <u>=2.323430e-02  max|u|=4.058485e-01  max|v|=2.630044e-01  max|w|=2.717016e-01  maxdiv=3.8673e-09  iters=16
[trace] step  283  <u>=2.323430e-02  max|u|=4.058486e-01  max|v|=2.630044e-01  max|w|=2.717017e-01  maxdiv=3.8673e-09  iters=16
[trace] step  284  <u>=2.323430e-02  max|u|=4.058486e-01  max|v|=2.630044e-01  max|w|=2.717017e-01  maxdiv=3.8673e-09  iters=16
[trace] step  285  <u>=2.323430e-02  max|u|=4.058487e-01  max|v|=2.630044e-01  max|w|=2.717018e-01  maxdiv=3.8673e-09  iters=16
[trace] step  286  <u>=2.323430e-02  max|u|=4.058488e-01  max|v|=2.630043e-01  max|w|=2.717019e-01  maxdiv=3.8673e-09  iters=16
[trace] step  287  <u>=2.323430e-02  max|u|=4.058489e-01  max|v|=2.630043e-01  max|w|=2.717019e-01  maxdiv=3.8673e-09  iters=16
[trace] step  288  <u>=2.323430e-02  max|u|=4.058489e-01  max|v|=2.630043e-01  max|w|=2.717020e-01  maxdiv=3.8673e-09  iters=16
[trace] step  289  <u>=2.323430e-02  max|u|=4.058490e-01  max|v|=2.630043e-01  max|w|=2.717021e-01  maxdiv=3.8673e-09  iters=16
[trace] step  290  <u>=2.323430e-02  max|u|=4.058491e-01  max|v|=2.630042e-01  max|w|=2.717021e-01  maxdiv=3.8673e-09  iters=16
[trace] step  291  <u>=2.323430e-02  max|u|=4.058491e-01  max|v|=2.630042e-01  max|w|=2.717022e-01  maxdiv=3.8673e-09  iters=16
[trace] step  292  <u>=2.323430e-02  max|u|=4.058492e-01  max|v|=2.630042e-01  max|w|=2.717023e-01  maxdiv=3.8673e-09  iters=16
[trace] step  293  <u>=2.323430e-02  max|u|=4.058493e-01  max|v|=2.630042e-01  max|w|=2.717023e-01  maxdiv=3.8673e-09  iters=16
[trace] step  294  <u>=2.323430e-02  max|u|=4.058494e-01  max|v|=2.630041e-01  max|w|=2.717024e-01  maxdiv=3.8673e-09  iters=16
[trace] step  295  <u>=2.323430e-02  max|u|=4.058494e-01  max|v|=2.630041e-01  max|w|=2.717025e-01  maxdiv=3.8673e-09  iters=16
[trace] step  296  <u>=2.323430e-02  max|u|=4.058495e-01  max|v|=2.630041e-01  max|w|=2.717025e-01  maxdiv=3.8673e-09  iters=16
[trace] step  297  <u>=2.323430e-02  max|u|=4.058496e-01  max|v|=2.630041e-01  max|w|=2.717026e-01  maxdiv=3.8673e-09  iters=16
[trace] step  298  <u>=2.323430e-02  max|u|=4.058496e-01  max|v|=2.630040e-01  max|w|=2.717026e-01  maxdiv=3.8673e-09  iters=16
[trace] step  299  <u>=2.323430e-02  max|u|=4.058497e-01  max|v|=2.630040e-01  max|w|=2.717027e-01  maxdiv=3.8673e-09  iters=16
[trace] step  300  <u>=2.323430e-02  max|u|=4.058498e-01  max|v|=2.630040e-01  max|w|=2.717028e-01  maxdiv=3.8673e-09  iters=16
[trace] step  301  <u>=2.323430e-02  max|u|=4.058498e-01  max|v|=2.630040e-01  max|w|=2.717028e-01  maxdiv=3.8673e-09  iters=16
[trace] step  302  <u>=2.323430e-02  max|u|=4.058499e-01  max|v|=2.630039e-01  max|w|=2.717029e-01  maxdiv=3.8673e-09  iters=16
[trace] step  303  <u>=2.323430e-02  max|u|=4.058499e-01  max|v|=2.630039e-01  max|w|=2.717029e-01  maxdiv=3.8673e-09  iters=16
[trace] step  304  <u>=2.323430e-02  max|u|=4.058500e-01  max|v|=2.630039e-01  max|w|=2.717030e-01  maxdiv=3.8673e-09  iters=16
[trace] step  305  <u>=2.323430e-02  max|u|=4.058501e-01  max|v|=2.630039e-01  max|w|=2.717031e-01  maxdiv=3.8673e-09  iters=16
[trace] step  306  <u>=2.323430e-02  max|u|=4.058501e-01  max|v|=2.630039e-01  max|w|=2.717031e-01  maxdiv=3.8673e-09  iters=16
[trace] step  307  <u>=2.323430e-02  max|u|=4.058502e-01  max|v|=2.630038e-01  max|w|=2.717032e-01  maxdiv=3.8672e-09  iters=16
[trace] step  308  <u>=2.323430e-02  max|u|=4.058503e-01  max|v|=2.630038e-01  max|w|=2.717032e-01  maxdiv=3.8672e-09  iters=16
[trace] step  309  <u>=2.323430e-02  max|u|=4.058503e-01  max|v|=2.630038e-01  max|w|=2.717033e-01  maxdiv=3.8672e-09  iters=16
[trace] step  310  <u>=2.323430e-02  max|u|=4.058504e-01  max|v|=2.630038e-01  max|w|=2.717033e-01  maxdiv=3.8672e-09  iters=16
[trace] step  311  <u>=2.323430e-02  max|u|=4.058504e-01  max|v|=2.630037e-01  max|w|=2.717034e-01  maxdiv=3.8672e-09  iters=16
[trace] step  312  <u>=2.323430e-02  max|u|=4.058505e-01  max|v|=2.630037e-01  max|w|=2.717035e-01  maxdiv=3.8672e-09  iters=16
[trace] step  313  <u>=2.323430e-02  max|u|=4.058506e-01  max|v|=2.630037e-01  max|w|=2.717035e-01  maxdiv=3.8672e-09  iters=16
[trace] step  314  <u>=2.323430e-02  max|u|=4.058506e-01  max|v|=2.630037e-01  max|w|=2.717036e-01  maxdiv=3.8672e-09  iters=16
[trace] step  315  <u>=2.323431e-02  max|u|=4.058507e-01  max|v|=2.630037e-01  max|w|=2.717036e-01  maxdiv=3.8672e-09  iters=16
[trace] step  316  <u>=2.323431e-02  max|u|=4.058507e-01  max|v|=2.630036e-01  max|w|=2.717037e-01  maxdiv=3.8672e-09  iters=16
[trace] step  317  <u>=2.323431e-02  max|u|=4.058508e-01  max|v|=2.630036e-01  max|w|=2.717037e-01  maxdiv=3.8672e-09  iters=16
[trace] step  318  <u>=2.323431e-02  max|u|=4.058508e-01  max|v|=2.630036e-01  max|w|=2.717038e-01  maxdiv=3.8672e-09  iters=16
[trace] step  319  <u>=2.323431e-02  max|u|=4.058509e-01  max|v|=2.630036e-01  max|w|=2.717038e-01  maxdiv=3.8672e-09  iters=16
[trace] step  320  <u>=2.323431e-02  max|u|=4.058510e-01  max|v|=2.630035e-01  max|w|=2.717039e-01  maxdiv=3.8672e-09  iters=16
[trace] step  321  <u>=2.323431e-02  max|u|=4.058510e-01  max|v|=2.630035e-01  max|w|=2.717039e-01  maxdiv=3.8672e-09  iters=16
[trace] step  322  <u>=2.323431e-02  max|u|=4.058511e-01  max|v|=2.630035e-01  max|w|=2.717040e-01  maxdiv=3.8672e-09  iters=16
[trace] step  323  <u>=2.323431e-02  max|u|=4.058511e-01  max|v|=2.630035e-01  max|w|=2.717040e-01  maxdiv=3.8672e-09  iters=16
[trace] step  324  <u>=2.323431e-02  max|u|=4.058512e-01  max|v|=2.630035e-01  max|w|=2.717041e-01  maxdiv=3.8672e-09  iters=16
[trace] step  325  <u>=2.323431e-02  max|u|=4.058512e-01  max|v|=2.630034e-01  max|w|=2.717041e-01  maxdiv=3.8672e-09  iters=16
[trace] step  326  <u>=2.323431e-02  max|u|=4.058513e-01  max|v|=2.630034e-01  max|w|=2.717042e-01  maxdiv=3.8672e-09  iters=16
[trace] step  327  <u>=2.323431e-02  max|u|=4.058513e-01  max|v|=2.630034e-01  max|w|=2.717042e-01  maxdiv=3.8672e-09  iters=16
[trace] step  328  <u>=2.323431e-02  max|u|=4.058514e-01  max|v|=2.630034e-01  max|w|=2.717043e-01  maxdiv=3.8672e-09  iters=16
[trace] step  329  <u>=2.323431e-02  max|u|=4.058514e-01  max|v|=2.630034e-01  max|w|=2.717043e-01  maxdiv=3.8672e-09  iters=16
[trace] step  330  <u>=2.323431e-02  max|u|=4.058515e-01  max|v|=2.630033e-01  max|w|=2.717044e-01  maxdiv=3.8672e-09  iters=16
[trace] step  331  <u>=2.323431e-02  max|u|=4.058515e-01  max|v|=2.630033e-01  max|w|=2.717044e-01  maxdiv=3.8672e-09  iters=16
[trace] step  332  <u>=2.323431e-02  max|u|=4.058516e-01  max|v|=2.630033e-01  max|w|=2.717045e-01  maxdiv=3.8672e-09  iters=16
[trace] step  333  <u>=2.323431e-02  max|u|=4.058516e-01  max|v|=2.630033e-01  max|w|=2.717045e-01  maxdiv=3.8672e-09  iters=16
[trace] step  334  <u>=2.323431e-02  max|u|=4.058517e-01  max|v|=2.630033e-01  max|w|=2.717046e-01  maxdiv=3.8672e-09  iters=16
[trace] step  335  <u>=2.323431e-02  max|u|=4.058517e-01  max|v|=2.630032e-01  max|w|=2.717046e-01  maxdiv=3.8672e-09  iters=16
[trace] step  336  <u>=2.323431e-02  max|u|=4.058518e-01  max|v|=2.630032e-01  max|w|=2.717047e-01  maxdiv=3.8672e-09  iters=16
[trace] step  337  <u>=2.323431e-02  max|u|=4.058518e-01  max|v|=2.630032e-01  max|w|=2.717047e-01  maxdiv=3.8672e-09  iters=16
[trace] step  338  <u>=2.323431e-02  max|u|=4.058519e-01  max|v|=2.630032e-01  max|w|=2.717047e-01  maxdiv=3.8672e-09  iters=16
[trace] step  339  <u>=2.323431e-02  max|u|=4.058519e-01  max|v|=2.630032e-01  max|w|=2.717048e-01  maxdiv=3.8672e-09  iters=16
[trace] step  340  <u>=2.323431e-02  max|u|=4.058520e-01  max|v|=2.630032e-01  max|w|=2.717048e-01  maxdiv=3.8672e-09  iters=16
[trace] step  341  <u>=2.323431e-02  max|u|=4.058520e-01  max|v|=2.630031e-01  max|w|=2.717049e-01  maxdiv=3.8672e-09  iters=16
[trace] step  342  <u>=2.323431e-02  max|u|=4.058521e-01  max|v|=2.630031e-01  max|w|=2.717049e-01  maxdiv=3.8672e-09  iters=16
[trace] step  343  <u>=2.323431e-02  max|u|=4.058521e-01  max|v|=2.630031e-01  max|w|=2.717050e-01  maxdiv=3.8672e-09  iters=16
[trace] step  344  <u>=2.323431e-02  max|u|=4.058521e-01  max|v|=2.630031e-01  max|w|=2.717050e-01  maxdiv=3.8672e-09  iters=16
[trace] step  345  <u>=2.323431e-02  max|u|=4.058522e-01  max|v|=2.630031e-01  max|w|=2.717051e-01  maxdiv=3.8672e-09  iters=16
[trace] step  346  <u>=2.323431e-02  max|u|=4.058522e-01  max|v|=2.630030e-01  max|w|=2.717051e-01  maxdiv=3.8672e-09  iters=16
[trace] step  347  <u>=2.323431e-02  max|u|=4.058523e-01  max|v|=2.630030e-01  max|w|=2.717051e-01  maxdiv=3.8672e-09  iters=16
[trace] step  348  <u>=2.323431e-02  max|u|=4.058523e-01  max|v|=2.630030e-01  max|w|=2.717052e-01  maxdiv=3.8672e-09  iters=16
[trace] step  349  <u>=2.323431e-02  max|u|=4.058524e-01  max|v|=2.630030e-01  max|w|=2.717052e-01  maxdiv=3.8672e-09  iters=16
[trace] step  350  <u>=2.323431e-02  max|u|=4.058524e-01  max|v|=2.630030e-01  max|w|=2.717053e-01  maxdiv=3.8672e-09  iters=16
[trace] step  351  <u>=2.323431e-02  max|u|=4.058525e-01  max|v|=2.630030e-01  max|w|=2.717053e-01  maxdiv=3.8672e-09  iters=16
[trace] step  352  <u>=2.323431e-02  max|u|=4.058525e-01  max|v|=2.630029e-01  max|w|=2.717053e-01  maxdiv=3.8672e-09  iters=16
[trace] step  353  <u>=2.323431e-02  max|u|=4.058525e-01  max|v|=2.630029e-01  max|w|=2.717054e-01  maxdiv=3.8672e-09  iters=16
[trace] step  354  <u>=2.323431e-02  max|u|=4.058526e-01  max|v|=2.630029e-01  max|w|=2.717054e-01  maxdiv=3.8672e-09  iters=16
[trace] step  355  <u>=2.323431e-02  max|u|=4.058526e-01  max|v|=2.630029e-01  max|w|=2.717055e-01  maxdiv=3.8672e-09  iters=16
[trace] step  356  <u>=2.323431e-02  max|u|=4.058527e-01  max|v|=2.630029e-01  max|w|=2.717055e-01  maxdiv=3.8672e-09  iters=16
[trace] step  357  <u>=2.323431e-02  max|u|=4.058527e-01  max|v|=2.630029e-01  max|w|=2.717055e-01  maxdiv=3.8672e-09  iters=16
[trace] step  358  <u>=2.323431e-02  max|u|=4.058527e-01  max|v|=2.630028e-01  max|w|=2.717056e-01  maxdiv=3.8672e-09  iters=16
[trace] step  359  <u>=2.323431e-02  max|u|=4.058528e-01  max|v|=2.630028e-01  max|w|=2.717056e-01  maxdiv=3.8672e-09  iters=16
[trace] step  360  <u>=2.323431e-02  max|u|=4.058528e-01  max|v|=2.630028e-01  max|w|=2.717057e-01  maxdiv=3.8672e-09  iters=16
[trace] step  361  <u>=2.323431e-02  max|u|=4.058529e-01  max|v|=2.630028e-01  max|w|=2.717057e-01  maxdiv=3.8672e-09  iters=16
[trace] step  362  <u>=2.323431e-02  max|u|=4.058529e-01  max|v|=2.630028e-01  max|w|=2.717057e-01  maxdiv=3.8672e-09  iters=16
[trace] step  363  <u>=2.323431e-02  max|u|=4.058529e-01  max|v|=2.630028e-01  max|w|=2.717058e-01  maxdiv=3.8672e-09  iters=16
[trace] step  364  <u>=2.323431e-02  max|u|=4.058530e-01  max|v|=2.630027e-01  max|w|=2.717058e-01  maxdiv=3.8672e-09  iters=16
[trace] step  365  <u>=2.323431e-02  max|u|=4.058530e-01  max|v|=2.630027e-01  max|w|=2.717058e-01  maxdiv=3.8672e-09  iters=16
[trace] step  366  <u>=2.323431e-02  max|u|=4.058531e-01  max|v|=2.630027e-01  max|w|=2.717059e-01  maxdiv=3.8672e-09  iters=16
[trace] step  367  <u>=2.323431e-02  max|u|=4.058531e-01  max|v|=2.630027e-01  max|w|=2.717059e-01  maxdiv=3.8672e-09  iters=16
[trace] step  368  <u>=2.323431e-02  max|u|=4.058531e-01  max|v|=2.630027e-01  max|w|=2.717059e-01  maxdiv=3.8672e-09  iters=16
[trace] step  369  <u>=2.323431e-02  max|u|=4.058532e-01  max|v|=2.630027e-01  max|w|=2.717060e-01  maxdiv=3.8672e-09  iters=16
[trace] step  370  <u>=2.323431e-02  max|u|=4.058532e-01  max|v|=2.630026e-01  max|w|=2.717060e-01  maxdiv=3.8672e-09  iters=16
[trace] step  371  <u>=2.323431e-02  max|u|=4.058532e-01  max|v|=2.630026e-01  max|w|=2.717061e-01  maxdiv=3.8672e-09  iters=16
[trace] step  372  <u>=2.323431e-02  max|u|=4.058533e-01  max|v|=2.630026e-01  max|w|=2.717061e-01  maxdiv=3.8672e-09  iters=16
[trace] step  373  <u>=2.323431e-02  max|u|=4.058533e-01  max|v|=2.630026e-01  max|w|=2.717061e-01  maxdiv=3.8672e-09  iters=16
[trace] step  374  <u>=2.323431e-02  max|u|=4.058534e-01  max|v|=2.630026e-01  max|w|=2.717062e-01  maxdiv=3.8672e-09  iters=16
[trace] step  375  <u>=2.323431e-02  max|u|=4.058534e-01  max|v|=2.630026e-01  max|w|=2.717062e-01  maxdiv=3.8672e-09  iters=16
[trace] step  376  <u>=2.323431e-02  max|u|=4.058534e-01  max|v|=2.630026e-01  max|w|=2.717062e-01  maxdiv=3.8672e-09  iters=16
[trace] step  377  <u>=2.323431e-02  max|u|=4.058535e-01  max|v|=2.630025e-01  max|w|=2.717063e-01  maxdiv=3.8672e-09  iters=16
[trace] step  378  <u>=2.323431e-02  max|u|=4.058535e-01  max|v|=2.630025e-01  max|w|=2.717063e-01  maxdiv=3.8672e-09  iters=16
[trace] step  379  <u>=2.323431e-02  max|u|=4.058535e-01  max|v|=2.630025e-01  max|w|=2.717063e-01  maxdiv=3.8672e-09  iters=16
[trace] step  380  <u>=2.323431e-02  max|u|=4.058536e-01  max|v|=2.630025e-01  max|w|=2.717064e-01  maxdiv=3.8672e-09  iters=16
[trace] step  381  <u>=2.323431e-02  max|u|=4.058536e-01  max|v|=2.630025e-01  max|w|=2.717064e-01  maxdiv=3.8672e-09  iters=16
[trace] step  382  <u>=2.323431e-02  max|u|=4.058536e-01  max|v|=2.630025e-01  max|w|=2.717064e-01  maxdiv=3.8672e-09  iters=16
[trace] step  383  <u>=2.323431e-02  max|u|=4.058537e-01  max|v|=2.630025e-01  max|w|=2.717065e-01  maxdiv=3.8672e-09  iters=16
[trace] step  384  <u>=2.323431e-02  max|u|=4.058537e-01  max|v|=2.630024e-01  max|w|=2.717065e-01  maxdiv=3.8672e-09  iters=16
[trace] step  385  <u>=2.323431e-02  max|u|=4.058537e-01  max|v|=2.630024e-01  max|w|=2.717065e-01  maxdiv=3.8672e-09  iters=16
[trace] step  386  <u>=2.323431e-02  max|u|=4.058538e-01  max|v|=2.630024e-01  max|w|=2.717066e-01  maxdiv=3.8672e-09  iters=16
[trace] step  387  <u>=2.323431e-02  max|u|=4.058538e-01  max|v|=2.630024e-01  max|w|=2.717066e-01  maxdiv=3.8672e-09  iters=16
[trace] step  388  <u>=2.323431e-02  max|u|=4.058538e-01  max|v|=2.630024e-01  max|w|=2.717066e-01  maxdiv=3.8672e-09  iters=16
[trace] step  389  <u>=2.323431e-02  max|u|=4.058539e-01  max|v|=2.630024e-01  max|w|=2.717066e-01  maxdiv=3.8672e-09  iters=16
[trace] step  390  <u>=2.323431e-02  max|u|=4.058539e-01  max|v|=2.630024e-01  max|w|=2.717067e-01  maxdiv=3.8672e-09  iters=16
[trace] step  391  <u>=2.323431e-02  max|u|=4.058539e-01  max|v|=2.630023e-01  max|w|=2.717067e-01  maxdiv=3.8672e-09  iters=16
[trace] step  392  <u>=2.323431e-02  max|u|=4.058539e-01  max|v|=2.630023e-01  max|w|=2.717067e-01  maxdiv=3.8672e-09  iters=16
[trace] step  393  <u>=2.323431e-02  max|u|=4.058540e-01  max|v|=2.630023e-01  max|w|=2.717068e-01  maxdiv=3.8672e-09  iters=16
[trace] step  394  <u>=2.323431e-02  max|u|=4.058540e-01  max|v|=2.630023e-01  max|w|=2.717068e-01  maxdiv=3.8672e-09  iters=16
[trace] step  395  <u>=2.323431e-02  max|u|=4.058540e-01  max|v|=2.630023e-01  max|w|=2.717068e-01  maxdiv=3.8672e-09  iters=16
[trace] step  396  <u>=2.323431e-02  max|u|=4.058541e-01  max|v|=2.630023e-01  max|w|=2.717069e-01  maxdiv=3.8672e-09  iters=16
[trace] step  397  <u>=2.323431e-02  max|u|=4.058541e-01  max|v|=2.630023e-01  max|w|=2.717069e-01  maxdiv=3.8672e-09  iters=16
[trace] step  398  <u>=2.323431e-02  max|u|=4.058541e-01  max|v|=2.630022e-01  max|w|=2.717069e-01  maxdiv=3.8672e-09  iters=16
[trace] step  399  <u>=2.323431e-02  max|u|=4.058542e-01  max|v|=2.630022e-01  max|w|=2.717069e-01  maxdiv=3.8672e-09  iters=16
[trace] step  400  <u>=2.323431e-02  max|u|=4.058542e-01  max|v|=2.630022e-01  max|w|=2.717070e-01  maxdiv=3.8672e-09  iters=16
[trace] step  401  <u>=2.323431e-02  max|u|=4.058542e-01  max|v|=2.630022e-01  max|w|=2.717070e-01  maxdiv=3.8672e-09  iters=16
[trace] step  402  <u>=2.323431e-02  max|u|=4.058542e-01  max|v|=2.630022e-01  max|w|=2.717070e-01  maxdiv=3.8672e-09  iters=16
[trace] step  403  <u>=2.323431e-02  max|u|=4.058543e-01  max|v|=2.630022e-01  max|w|=2.717071e-01  maxdiv=3.8672e-09  iters=16
[trace] step  404  <u>=2.323431e-02  max|u|=4.058543e-01  max|v|=2.630022e-01  max|w|=2.717071e-01  maxdiv=3.8672e-09  iters=16
[trace] step  405  <u>=2.323431e-02  max|u|=4.058543e-01  max|v|=2.630022e-01  max|w|=2.717071e-01  maxdiv=3.8672e-09  iters=16
[trace] step  406  <u>=2.323431e-02  max|u|=4.058544e-01  max|v|=2.630021e-01  max|w|=2.717071e-01  maxdiv=3.8672e-09  iters=16
[trace] step  407  <u>=2.323431e-02  max|u|=4.058544e-01  max|v|=2.630021e-01  max|w|=2.717072e-01  maxdiv=3.8672e-09  iters=16
[trace] step  408  <u>=2.323431e-02  max|u|=4.058544e-01  max|v|=2.630021e-01  max|w|=2.717072e-01  maxdiv=3.8672e-09  iters=16
[trace] step  409  <u>=2.323431e-02  max|u|=4.058544e-01  max|v|=2.630021e-01  max|w|=2.717072e-01  maxdiv=3.8672e-09  iters=16
[trace] step  410  <u>=2.323431e-02  max|u|=4.058545e-01  max|v|=2.630021e-01  max|w|=2.717072e-01  maxdiv=3.8672e-09  iters=16
[trace] step  411  <u>=2.323431e-02  max|u|=4.058545e-01  max|v|=2.630021e-01  max|w|=2.717073e-01  maxdiv=3.8672e-09  iters=16
[trace] step  412  <u>=2.323431e-02  max|u|=4.058545e-01  max|v|=2.630021e-01  max|w|=2.717073e-01  maxdiv=3.8672e-09  iters=16
[trace] step  413  <u>=2.323431e-02  max|u|=4.058546e-01  max|v|=2.630021e-01  max|w|=2.717073e-01  maxdiv=3.8672e-09  iters=16
[trace] step  414  <u>=2.323431e-02  max|u|=4.058546e-01  max|v|=2.630021e-01  max|w|=2.717073e-01  maxdiv=3.8672e-09  iters=16
[trace] step  415  <u>=2.323431e-02  max|u|=4.058546e-01  max|v|=2.630020e-01  max|w|=2.717074e-01  maxdiv=3.8671e-09  iters=16
[trace] step  416  <u>=2.323431e-02  max|u|=4.058546e-01  max|v|=2.630020e-01  max|w|=2.717074e-01  maxdiv=3.8671e-09  iters=16
[trace] step  417  <u>=2.323431e-02  max|u|=4.058547e-01  max|v|=2.630020e-01  max|w|=2.717074e-01  maxdiv=3.8671e-09  iters=16
[trace] step  418  <u>=2.323431e-02  max|u|=4.058547e-01  max|v|=2.630020e-01  max|w|=2.717074e-01  maxdiv=3.8671e-09  iters=16
[trace] step  419  <u>=2.323431e-02  max|u|=4.058547e-01  max|v|=2.630020e-01  max|w|=2.717075e-01  maxdiv=3.8671e-09  iters=16
[trace] step  420  <u>=2.323431e-02  max|u|=4.058547e-01  max|v|=2.630020e-01  max|w|=2.717075e-01  maxdiv=3.8671e-09  iters=16
[trace] step  421  <u>=2.323431e-02  max|u|=4.058548e-01  max|v|=2.630020e-01  max|w|=2.717075e-01  maxdiv=3.8671e-09  iters=16
[trace] step  422  <u>=2.323431e-02  max|u|=4.058548e-01  max|v|=2.630020e-01  max|w|=2.717075e-01  maxdiv=3.8671e-09  iters=16
[trace] step  423  <u>=2.323431e-02  max|u|=4.058548e-01  max|v|=2.630019e-01  max|w|=2.717076e-01  maxdiv=3.8671e-09  iters=16
[trace] step  424  <u>=2.323431e-02  max|u|=4.058548e-01  max|v|=2.630019e-01  max|w|=2.717076e-01  maxdiv=3.8671e-09  iters=16
[trace] step  425  <u>=2.323431e-02  max|u|=4.058549e-01  max|v|=2.630019e-01  max|w|=2.717076e-01  maxdiv=3.8671e-09  iters=16
[trace] step  426  <u>=2.323431e-02  max|u|=4.058549e-01  max|v|=2.630019e-01  max|w|=2.717076e-01  maxdiv=3.8671e-09  iters=16
[trace] step  427  <u>=2.323431e-02  max|u|=4.058549e-01  max|v|=2.630019e-01  max|w|=2.717077e-01  maxdiv=3.8671e-09  iters=16
[trace] step  428  <u>=2.323431e-02  max|u|=4.058549e-01  max|v|=2.630019e-01  max|w|=2.717077e-01  maxdiv=3.8671e-09  iters=16
[trace] step  429  <u>=2.323431e-02  max|u|=4.058549e-01  max|v|=2.630019e-01  max|w|=2.717077e-01  maxdiv=3.8671e-09  iters=16
[trace] step  430  <u>=2.323431e-02  max|u|=4.058550e-01  max|v|=2.630019e-01  max|w|=2.717077e-01  maxdiv=3.8671e-09  iters=16
[trace] step  431  <u>=2.323431e-02  max|u|=4.058550e-01  max|v|=2.630019e-01  max|w|=2.717078e-01  maxdiv=3.8671e-09  iters=16
[trace] step  432  <u>=2.323431e-02  max|u|=4.058550e-01  max|v|=2.630018e-01  max|w|=2.717078e-01  maxdiv=3.8671e-09  iters=16
[trace] step  433  <u>=2.323431e-02  max|u|=4.058550e-01  max|v|=2.630018e-01  max|w|=2.717078e-01  maxdiv=3.8671e-09  iters=16
[trace] step  434  <u>=2.323431e-02  max|u|=4.058551e-01  max|v|=2.630018e-01  max|w|=2.717078e-01  maxdiv=3.8671e-09  iters=16
[trace] step  435  <u>=2.323431e-02  max|u|=4.058551e-01  max|v|=2.630018e-01  max|w|=2.717078e-01  maxdiv=3.8671e-09  iters=16
[trace] step  436  <u>=2.323431e-02  max|u|=4.058551e-01  max|v|=2.630018e-01  max|w|=2.717079e-01  maxdiv=3.8671e-09  iters=16
[trace] step  437  <u>=2.323431e-02  max|u|=4.058551e-01  max|v|=2.630018e-01  max|w|=2.717079e-01  maxdiv=3.8671e-09  iters=16
[trace] step  438  <u>=2.323431e-02  max|u|=4.058552e-01  max|v|=2.630018e-01  max|w|=2.717079e-01  maxdiv=3.8671e-09  iters=16
[trace] step  439  <u>=2.323431e-02  max|u|=4.058552e-01  max|v|=2.630018e-01  max|w|=2.717079e-01  maxdiv=3.8671e-09  iters=16
[trace] step  440  <u>=2.323431e-02  max|u|=4.058552e-01  max|v|=2.630018e-01  max|w|=2.717080e-01  maxdiv=3.8671e-09  iters=16
[trace] step  441  <u>=2.323431e-02  max|u|=4.058552e-01  max|v|=2.630018e-01  max|w|=2.717080e-01  maxdiv=3.8671e-09  iters=16
[trace] step  442  <u>=2.323431e-02  max|u|=4.058552e-01  max|v|=2.630017e-01  max|w|=2.717080e-01  maxdiv=3.8671e-09  iters=16
[trace] step  443  <u>=2.323431e-02  max|u|=4.058553e-01  max|v|=2.630017e-01  max|w|=2.717080e-01  maxdiv=3.8671e-09  iters=16
[trace] step  444  <u>=2.323431e-02  max|u|=4.058553e-01  max|v|=2.630017e-01  max|w|=2.717080e-01  maxdiv=3.8671e-09  iters=16
[trace] step  445  <u>=2.323431e-02  max|u|=4.058553e-01  max|v|=2.630017e-01  max|w|=2.717081e-01  maxdiv=3.8671e-09  iters=16
[trace] step  446  <u>=2.323431e-02  max|u|=4.058553e-01  max|v|=2.630017e-01  max|w|=2.717081e-01  maxdiv=3.8671e-09  iters=16
[trace] step  447  <u>=2.323431e-02  max|u|=4.058553e-01  max|v|=2.630017e-01  max|w|=2.717081e-01  maxdiv=3.8671e-09  iters=16
[trace] step  448  <u>=2.323431e-02  max|u|=4.058554e-01  max|v|=2.630017e-01  max|w|=2.717081e-01  maxdiv=3.8671e-09  iters=16
[trace] step  449  <u>=2.323431e-02  max|u|=4.058554e-01  max|v|=2.630017e-01  max|w|=2.717081e-01  maxdiv=3.8671e-09  iters=16
[trace] step  450  <u>=2.323431e-02  max|u|=4.058554e-01  max|v|=2.630017e-01  max|w|=2.717082e-01  maxdiv=3.8671e-09  iters=16
[trace] step  451  <u>=2.323431e-02  max|u|=4.058554e-01  max|v|=2.630017e-01  max|w|=2.717082e-01  maxdiv=3.8671e-09  iters=16
[trace] step  452  <u>=2.323431e-02  max|u|=4.058554e-01  max|v|=2.630016e-01  max|w|=2.717082e-01  maxdiv=3.8671e-09  iters=16
[trace] step  453  <u>=2.323431e-02  max|u|=4.058555e-01  max|v|=2.630016e-01  max|w|=2.717082e-01  maxdiv=3.8671e-09  iters=16
[trace] step  454  <u>=2.323431e-02  max|u|=4.058555e-01  max|v|=2.630016e-01  max|w|=2.717082e-01  maxdiv=3.8671e-09  iters=16
[trace] step  455  <u>=2.323431e-02  max|u|=4.058555e-01  max|v|=2.630016e-01  max|w|=2.717083e-01  maxdiv=3.8670e-09  iters=17
[trace] step  456  <u>=2.323431e-02  max|u|=4.058555e-01  max|v|=2.630016e-01  max|w|=2.717083e-01  maxdiv=3.8670e-09  iters=17
[trace] step  457  <u>=2.323431e-02  max|u|=4.058555e-01  max|v|=2.630016e-01  max|w|=2.717083e-01  maxdiv=3.8670e-09  iters=17
[trace] step  458  <u>=2.323431e-02  max|u|=4.058556e-01  max|v|=2.630016e-01  max|w|=2.717083e-01  maxdiv=3.8670e-09  iters=17
[trace] step  459  <u>=2.323431e-02  max|u|=4.058556e-01  max|v|=2.630016e-01  max|w|=2.717083e-01  maxdiv=3.8670e-09  iters=17
[trace] step  460  <u>=2.323431e-02  max|u|=4.058556e-01  max|v|=2.630016e-01  max|w|=2.717083e-01  maxdiv=3.8670e-09  iters=17
[trace] step  461  <u>=2.323431e-02  max|u|=4.058556e-01  max|v|=2.630016e-01  max|w|=2.717084e-01  maxdiv=3.8670e-09  iters=17
[trace] step  462  <u>=2.323431e-02  max|u|=4.058556e-01  max|v|=2.630016e-01  max|w|=2.717084e-01  maxdiv=3.8670e-09  iters=17
[trace] step  463  <u>=2.323431e-02  max|u|=4.058557e-01  max|v|=2.630015e-01  max|w|=2.717084e-01  maxdiv=3.8670e-09  iters=17
[trace] step  464  <u>=2.323431e-02  max|u|=4.058557e-01  max|v|=2.630015e-01  max|w|=2.717084e-01  maxdiv=3.8670e-09  iters=17
[trace] step  465  <u>=2.323431e-02  max|u|=4.058557e-01  max|v|=2.630015e-01  max|w|=2.717084e-01  maxdiv=3.8670e-09  iters=17
[trace] step  466  <u>=2.323431e-02  max|u|=4.058557e-01  max|v|=2.630015e-01  max|w|=2.717085e-01  maxdiv=3.8670e-09  iters=17
[trace] step  467  <u>=2.323431e-02  max|u|=4.058557e-01  max|v|=2.630015e-01  max|w|=2.717085e-01  maxdiv=3.8670e-09  iters=17
[trace] step  468  <u>=2.323431e-02  max|u|=4.058558e-01  max|v|=2.630015e-01  max|w|=2.717085e-01  maxdiv=3.8670e-09  iters=17
[trace] step  469  <u>=2.323431e-02  max|u|=4.058558e-01  max|v|=2.630015e-01  max|w|=2.717085e-01  maxdiv=3.8670e-09  iters=17
[trace] step  470  <u>=2.323431e-02  max|u|=4.058558e-01  max|v|=2.630015e-01  max|w|=2.717085e-01  maxdiv=3.8670e-09  iters=17
[trace] step  471  <u>=2.323431e-02  max|u|=4.058558e-01  max|v|=2.630015e-01  max|w|=2.717085e-01  maxdiv=3.8670e-09  iters=17
[trace] step  472  <u>=2.323431e-02  max|u|=4.058558e-01  max|v|=2.630015e-01  max|w|=2.717086e-01  maxdiv=3.8670e-09  iters=17
[trace] step  473  <u>=2.323431e-02  max|u|=4.058558e-01  max|v|=2.630015e-01  max|w|=2.717086e-01  maxdiv=3.8670e-09  iters=17
[trace] step  474  <u>=2.323431e-02  max|u|=4.058559e-01  max|v|=2.630015e-01  max|w|=2.717086e-01  maxdiv=3.8670e-09  iters=17
[trace] step  475  <u>=2.323431e-02  max|u|=4.058559e-01  max|v|=2.630014e-01  max|w|=2.717086e-01  maxdiv=3.8670e-09  iters=17
[trace] step  476  <u>=2.323431e-02  max|u|=4.058559e-01  max|v|=2.630014e-01  max|w|=2.717086e-01  maxdiv=3.8670e-09  iters=17
[trace] step  477  <u>=2.323431e-02  max|u|=4.058559e-01  max|v|=2.630014e-01  max|w|=2.717086e-01  maxdiv=3.8670e-09  iters=17
[trace] step  478  <u>=2.323431e-02  max|u|=4.058559e-01  max|v|=2.630014e-01  max|w|=2.717087e-01  maxdiv=3.8670e-09  iters=17
[trace] step  479  <u>=2.323431e-02  max|u|=4.058559e-01  max|v|=2.630014e-01  max|w|=2.717087e-01  maxdiv=3.8670e-09  iters=17
[trace] step  480  <u>=2.323431e-02  max|u|=4.058560e-01  max|v|=2.630014e-01  max|w|=2.717087e-01  maxdiv=3.8670e-09  iters=17
[trace] step  481  <u>=2.323431e-02  max|u|=4.058560e-01  max|v|=2.630014e-01  max|w|=2.717087e-01  maxdiv=3.8670e-09  iters=17
[trace] step  482  <u>=2.323431e-02  max|u|=4.058560e-01  max|v|=2.630014e-01  max|w|=2.717087e-01  maxdiv=3.8670e-09  iters=17
[trace] step  483  <u>=2.323431e-02  max|u|=4.058560e-01  max|v|=2.630014e-01  max|w|=2.717087e-01  maxdiv=3.8670e-09  iters=17
[trace] step  484  <u>=2.323431e-02  max|u|=4.058560e-01  max|v|=2.630014e-01  max|w|=2.717088e-01  maxdiv=3.8670e-09  iters=17
[trace] step  485  <u>=2.323431e-02  max|u|=4.058560e-01  max|v|=2.630014e-01  max|w|=2.717088e-01  maxdiv=3.8670e-09  iters=17
[trace] step  486  <u>=2.323431e-02  max|u|=4.058561e-01  max|v|=2.630014e-01  max|w|=2.717088e-01  maxdiv=3.8670e-09  iters=17
[trace] step  487  <u>=2.323431e-02  max|u|=4.058561e-01  max|v|=2.630013e-01  max|w|=2.717088e-01  maxdiv=3.8670e-09  iters=17
[trace] step  488  <u>=2.323431e-02  max|u|=4.058561e-01  max|v|=2.630013e-01  max|w|=2.717088e-01  maxdiv=3.8670e-09  iters=17
[trace] step  489  <u>=2.323431e-02  max|u|=4.058561e-01  max|v|=2.630013e-01  max|w|=2.717088e-01  maxdiv=3.8670e-09  iters=17
[trace] step  490  <u>=2.323431e-02  max|u|=4.058561e-01  max|v|=2.630013e-01  max|w|=2.717088e-01  maxdiv=3.8670e-09  iters=17
[trace] step  491  <u>=2.323431e-02  max|u|=4.058561e-01  max|v|=2.630013e-01  max|w|=2.717089e-01  maxdiv=3.8670e-09  iters=17
[trace] step  492  <u>=2.323431e-02  max|u|=4.058561e-01  max|v|=2.630013e-01  max|w|=2.717089e-01  maxdiv=3.8670e-09  iters=17
[trace] step  493  <u>=2.323431e-02  max|u|=4.058562e-01  max|v|=2.630013e-01  max|w|=2.717089e-01  maxdiv=3.8670e-09  iters=17
[trace] step  494  <u>=2.323431e-02  max|u|=4.058562e-01  max|v|=2.630013e-01  max|w|=2.717089e-01  maxdiv=3.8670e-09  iters=17
[trace] step  495  <u>=2.323431e-02  max|u|=4.058562e-01  max|v|=2.630013e-01  max|w|=2.717089e-01  maxdiv=3.8670e-09  iters=17
[trace] step  496  <u>=2.323431e-02  max|u|=4.058562e-01  max|v|=2.630013e-01  max|w|=2.717089e-01  maxdiv=3.8670e-09  iters=17
[trace] step  497  <u>=2.323431e-02  max|u|=4.058562e-01  max|v|=2.630013e-01  max|w|=2.717089e-01  maxdiv=3.8670e-09  iters=17
[trace] step  498  <u>=2.323431e-02  max|u|=4.058562e-01  max|v|=2.630013e-01  max|w|=2.717090e-01  maxdiv=3.8670e-09  iters=17
[trace] step  499  <u>=2.323431e-02  max|u|=4.058563e-01  max|v|=2.630013e-01  max|w|=2.717090e-01  maxdiv=3.8670e-09  iters=17
[trace] step  500  <u>=2.323431e-02  max|u|=4.058563e-01  max|v|=2.630013e-01  max|w|=2.717090e-01  maxdiv=3.8670e-09  iters=17
[trace] step  501  <u>=2.323431e-02  max|u|=4.058563e-01  max|v|=2.630012e-01  max|w|=2.717090e-01  maxdiv=3.8670e-09  iters=17
[trace] step  502  <u>=2.323431e-02  max|u|=4.058563e-01  max|v|=2.630012e-01  max|w|=2.717090e-01  maxdiv=3.8670e-09  iters=17
[trace] step  503  <u>=2.323431e-02  max|u|=4.058563e-01  max|v|=2.630012e-01  max|w|=2.717090e-01  maxdiv=3.8670e-09  iters=17
[trace] step  504  <u>=2.323431e-02  max|u|=4.058563e-01  max|v|=2.630012e-01  max|w|=2.717090e-01  maxdiv=3.8670e-09  iters=17
[trace] step  505  <u>=2.323431e-02  max|u|=4.058563e-01  max|v|=2.630012e-01  max|w|=2.717091e-01  maxdiv=3.8670e-09  iters=17
[trace] step  506  <u>=2.323431e-02  max|u|=4.058563e-01  max|v|=2.630012e-01  max|w|=2.717091e-01  maxdiv=3.8670e-09  iters=17
[trace] step  507  <u>=2.323431e-02  max|u|=4.058564e-01  max|v|=2.630012e-01  max|w|=2.717091e-01  maxdiv=3.8670e-09  iters=17
[trace] step  508  <u>=2.323431e-02  max|u|=4.058564e-01  max|v|=2.630012e-01  max|w|=2.717091e-01  maxdiv=3.8670e-09  iters=17
[trace] step  509  <u>=2.323431e-02  max|u|=4.058564e-01  max|v|=2.630012e-01  max|w|=2.717091e-01  maxdiv=3.8670e-09  iters=17
[trace] step  510  <u>=2.323431e-02  max|u|=4.058564e-01  max|v|=2.630012e-01  max|w|=2.717091e-01  maxdiv=3.8670e-09  iters=17
[trace] step  511  <u>=2.323431e-02  max|u|=4.058564e-01  max|v|=2.630012e-01  max|w|=2.717091e-01  maxdiv=3.8670e-09  iters=17
[trace] step  512  <u>=2.323431e-02  max|u|=4.058564e-01  max|v|=2.630012e-01  max|w|=2.717092e-01  maxdiv=3.8670e-09  iters=17
[trace] step  513  <u>=2.323431e-02  max|u|=4.058564e-01  max|v|=2.630012e-01  max|w|=2.717092e-01  maxdiv=3.8670e-09  iters=17
[trace] step  514  <u>=2.323431e-02  max|u|=4.058565e-01  max|v|=2.630012e-01  max|w|=2.717092e-01  maxdiv=3.8670e-09  iters=17
[trace] step  515  <u>=2.323431e-02  max|u|=4.058565e-01  max|v|=2.630011e-01  max|w|=2.717092e-01  maxdiv=3.8670e-09  iters=17
[trace] step  516  <u>=2.323431e-02  max|u|=4.058565e-01  max|v|=2.630011e-01  max|w|=2.717092e-01  maxdiv=3.8670e-09  iters=17
[trace] step  517  <u>=2.323431e-02  max|u|=4.058565e-01  max|v|=2.630011e-01  max|w|=2.717092e-01  maxdiv=3.8670e-09  iters=17
[trace] step  518  <u>=2.323431e-02  max|u|=4.058565e-01  max|v|=2.630011e-01  max|w|=2.717092e-01  maxdiv=3.8670e-09  iters=17
[trace] step  519  <u>=2.323431e-02  max|u|=4.058565e-01  max|v|=2.630011e-01  max|w|=2.717092e-01  maxdiv=3.8670e-09  iters=17
[trace] step  520  <u>=2.323431e-02  max|u|=4.058565e-01  max|v|=2.630011e-01  max|w|=2.717093e-01  maxdiv=3.8670e-09  iters=17
[trace] step  521  <u>=2.323431e-02  max|u|=4.058565e-01  max|v|=2.630011e-01  max|w|=2.717093e-01  maxdiv=3.8670e-09  iters=17
[trace] step  522  <u>=2.323431e-02  max|u|=4.058566e-01  max|v|=2.630011e-01  max|w|=2.717093e-01  maxdiv=3.8670e-09  iters=17
[trace] step  523  <u>=2.323431e-02  max|u|=4.058566e-01  max|v|=2.630011e-01  max|w|=2.717093e-01  maxdiv=3.8670e-09  iters=17
[trace] step  524  <u>=2.323431e-02  max|u|=4.058566e-01  max|v|=2.630011e-01  max|w|=2.717093e-01  maxdiv=3.8670e-09  iters=17
[trace] step  525  <u>=2.323431e-02  max|u|=4.058566e-01  max|v|=2.630011e-01  max|w|=2.717093e-01  maxdiv=3.8670e-09  iters=17
[trace] step  526  <u>=2.323431e-02  max|u|=4.058566e-01  max|v|=2.630011e-01  max|w|=2.717093e-01  maxdiv=3.8670e-09  iters=17
[trace] step  527  <u>=2.323431e-02  max|u|=4.058566e-01  max|v|=2.630011e-01  max|w|=2.717093e-01  maxdiv=3.8670e-09  iters=17
[trace] step  528  <u>=2.323431e-02  max|u|=4.058566e-01  max|v|=2.630011e-01  max|w|=2.717094e-01  maxdiv=3.8670e-09  iters=17
[trace] step  529  <u>=2.323431e-02  max|u|=4.058566e-01  max|v|=2.630011e-01  max|w|=2.717094e-01  maxdiv=3.8670e-09  iters=17
[trace] step  530  <u>=2.323431e-02  max|u|=4.058567e-01  max|v|=2.630011e-01  max|w|=2.717094e-01  maxdiv=3.8670e-09  iters=17
[trace] step  531  <u>=2.323431e-02  max|u|=4.058567e-01  max|v|=2.630010e-01  max|w|=2.717094e-01  maxdiv=3.8670e-09  iters=17
[trace] step  532  <u>=2.323431e-02  max|u|=4.058567e-01  max|v|=2.630010e-01  max|w|=2.717094e-01  maxdiv=3.8670e-09  iters=17
[trace] step  533  <u>=2.323431e-02  max|u|=4.058567e-01  max|v|=2.630010e-01  max|w|=2.717094e-01  maxdiv=3.8670e-09  iters=17
[trace] step  534  <u>=2.323431e-02  max|u|=4.058567e-01  max|v|=2.630010e-01  max|w|=2.717094e-01  maxdiv=3.8670e-09  iters=17
[trace] step  535  <u>=2.323431e-02  max|u|=4.058567e-01  max|v|=2.630010e-01  max|w|=2.717094e-01  maxdiv=3.8670e-09  iters=17
[trace] step  536  <u>=2.323431e-02  max|u|=4.058567e-01  max|v|=2.630010e-01  max|w|=2.717094e-01  maxdiv=3.8670e-09  iters=17
[trace] step  537  <u>=2.323431e-02  max|u|=4.058567e-01  max|v|=2.630010e-01  max|w|=2.717095e-01  maxdiv=3.8670e-09  iters=17
[trace] step  538  <u>=2.323431e-02  max|u|=4.058567e-01  max|v|=2.630010e-01  max|w|=2.717095e-01  maxdiv=3.8670e-09  iters=17
[trace] step  539  <u>=2.323432e-02  max|u|=4.058568e-01  max|v|=2.630010e-01  max|w|=2.717095e-01  maxdiv=3.8670e-09  iters=17
[trace] step  540  <u>=2.323432e-02  max|u|=4.058568e-01  max|v|=2.630010e-01  max|w|=2.717095e-01  maxdiv=3.8670e-09  iters=17
[march] 540 steps (converged) 9072 pressure iters in 1009.3s   k/R^2 = 0.00403374
[out] /gpfs/work4/0/prjs1022/peclet/peclet-examples/benchmarks/porous-scaling/snellius/results/snellius-h100/tol_R24_mode9.json
